Archive member included to satisfy reference by file (symbol)

../../../../StdLib/Release/STM32F722/PID_LIB.a(PID.o)
                              Output/PID with CCM Debug/Obj/motors.o (PIDCtrlInit)
C:/Program Files/SEGGER/SEGGER Embedded Studio for ARM 4.30c/lib/libm_v7em_fpv5_sp_d16_hard_t_le_eabi.a(libm_asm.o)
                              ../../../../StdLib/Release/STM32F722/PID_LIB.a(PID.o) (__aeabi_dadd)
C:/Program Files/SEGGER/SEGGER Embedded Studio for ARM 4.30c/lib/libc_v7em_fpv5_sp_d16_hard_t_le_eabi.a(libc2.o)
                              Output/PID with CCM Debug/Obj/SEGGER_RTT_Syscalls_SES.o (vsnprintf)
C:/Program Files/SEGGER/SEGGER Embedded Studio for ARM 4.30c/lib/libc_v7em_fpv5_sp_d16_hard_t_le_eabi.a(libc2_asm.o)
                              Output/PID with CCM Debug/Obj/SEGGER_RTT.o (memcpy)
C:/Program Files/SEGGER/SEGGER Embedded Studio for ARM 4.30c/lib/libc_v7em_fpv5_sp_d16_hard_t_le_eabi.a(libc_asm.o)
                              C:/Program Files/SEGGER/SEGGER Embedded Studio for ARM 4.30c/lib/libc_v7em_fpv5_sp_d16_hard_t_le_eabi.a(libc2.o) (__aeabi_uldivmod)
C:/Program Files/SEGGER/SEGGER Embedded Studio for ARM 4.30c/lib/libdebugio_v7em_fpv5_sp_d16_hard_t_le_eabi.a(libdebugio.o)
                              Output/PID with CCM Debug/Obj/thumb_crt0.o (debug_fopen)
../../../../StdLib/Release/STM32F722/TIMER_LIB.a(Timer.o)
                              Output/PID with CCM Debug/Obj/main.o (TimerInit)
../../../../StdLib/Release/STM32F722/PWM_LIB.a(pwm.o)
                              Output/PID with CCM Debug/Obj/motors.o (PWMInit)
C:/Program Files/SEGGER/SEGGER Embedded Studio for ARM 4.30c/lib/libdebugio_mempoll_v7em_fpv5_sp_d16_hard_t_le_eabi.a(mempoll_debug_operations.o)
                              C:/Program Files/SEGGER/SEGGER Embedded Studio for ARM 4.30c/lib/libdebugio_v7em_fpv5_sp_d16_hard_t_le_eabi.a(libdebugio.o) (__do_debug_operation)
C:/Program Files/SEGGER/SEGGER Embedded Studio for ARM 4.30c/lib/libdebugio_mempoll_v7em_fpv5_sp_d16_hard_t_le_eabi.a(do_nv_debug_operation.o)
                              C:/Program Files/SEGGER/SEGGER Embedded Studio for ARM 4.30c/lib/libdebugio_v7em_fpv5_sp_d16_hard_t_le_eabi.a(libdebugio.o) (__do_nvdebug_operation)
C:/Program Files/SEGGER/SEGGER Embedded Studio for ARM 4.30c/lib/libm_v7em_fpv5_sp_d16_hard_t_le_eabi.a(libm2.o)
                              C:/Program Files/SEGGER/SEGGER Embedded Studio for ARM 4.30c/lib/libvfprintf_v7em_fpv5_sp_d16_hard_t_le_eabi.o (frexp)

Discarded input sections

 .group         0x0000000000000000        0xc Output/PID with CCM Debug/Obj/system_stm32f7xx.o
 .group         0x0000000000000000        0xc Output/PID with CCM Debug/Obj/system_stm32f7xx.o
 .group         0x0000000000000000        0xc Output/PID with CCM Debug/Obj/system_stm32f7xx.o
 .group         0x0000000000000000        0xc Output/PID with CCM Debug/Obj/system_stm32f7xx.o
 .group         0x0000000000000000        0xc Output/PID with CCM Debug/Obj/system_stm32f7xx.o
 .group         0x0000000000000000        0xc Output/PID with CCM Debug/Obj/system_stm32f7xx.o
 .group         0x0000000000000000        0xc Output/PID with CCM Debug/Obj/system_stm32f7xx.o
 .group         0x0000000000000000        0xc Output/PID with CCM Debug/Obj/system_stm32f7xx.o
 .group         0x0000000000000000        0xc Output/PID with CCM Debug/Obj/system_stm32f7xx.o
 .text          0x0000000000000000        0x0 Output/PID with CCM Debug/Obj/system_stm32f7xx.o
 .data          0x0000000000000000        0x0 Output/PID with CCM Debug/Obj/system_stm32f7xx.o
 .bss           0x0000000000000000        0x0 Output/PID with CCM Debug/Obj/system_stm32f7xx.o
 .rodata.APBPrescTable
                0x0000000000000000        0x8 Output/PID with CCM Debug/Obj/system_stm32f7xx.o
 .group         0x0000000000000000        0xc Output/PID with CCM Debug/Obj/BSP.o
 .group         0x0000000000000000        0xc Output/PID with CCM Debug/Obj/BSP.o
 .group         0x0000000000000000        0xc Output/PID with CCM Debug/Obj/BSP.o
 .group         0x0000000000000000        0xc Output/PID with CCM Debug/Obj/BSP.o
 .group         0x0000000000000000        0xc Output/PID with CCM Debug/Obj/BSP.o
 .group         0x0000000000000000        0xc Output/PID with CCM Debug/Obj/BSP.o
 .group         0x0000000000000000        0xc Output/PID with CCM Debug/Obj/BSP.o
 .group         0x0000000000000000        0xc Output/PID with CCM Debug/Obj/BSP.o
 .group         0x0000000000000000        0xc Output/PID with CCM Debug/Obj/BSP.o
 .group         0x0000000000000000        0xc Output/PID with CCM Debug/Obj/BSP.o
 .group         0x0000000000000000        0xc Output/PID with CCM Debug/Obj/BSP.o
 .group         0x0000000000000000        0xc Output/PID with CCM Debug/Obj/BSP.o
 .group         0x0000000000000000        0xc Output/PID with CCM Debug/Obj/BSP.o
 .group         0x0000000000000000        0xc Output/PID with CCM Debug/Obj/BSP.o
[...]
Memory Configuration

Name             Origin             Length             Attributes
UNPLACED_SECTIONS 0x0000000100000000 0x0000000000000000 xw
RAM2             0x0000000020020000 0x0000000000060000 xw
RAM              0x0000000020000000 0x0000000000020000 xw
FLASH            0x0000000008000000 0x0000000000200000 xr
FLASH2           0x0000000000200000 0x0000000000200000 xr
*default*        0x0000000000000000 0xffffffffffffffff

Linker script and memory map

                0x0000000008002500                __vfprintf = __vfprintf_float_long
                0x0000000000000000                __vfscanf = __vfscanf_float_long
                0x0000000020020000                __RAM2_segment_start__ = 0x20020000
                0x0000000020080000                __RAM2_segment_end__ = 0x20080000
                0x0000000000060000                __RAM2_segment_size__ = 0x60000
                0x0000000020000000                __RAM_segment_start__ = 0x20000000
                0x0000000020020000                __RAM_segment_end__ = 0x20020000
                0x0000000000020000                __RAM_segment_size__ = 0x20000
                0x0000000008000000                __FLASH_segment_start__ = 0x8000000
                0x0000000008200000                __FLASH_segment_end__ = 0x8200000
                0x0000000000200000                __FLASH_segment_size__ = 0x200000
                0x0000000000200000                __FLASH2_segment_start__ = 0x200000
                0x0000000000400000                __FLASH2_segment_end__ = 0x400000
                0x0000000000200000                __FLASH2_segment_size__ = 0x200000
                0x0000000000000200                __HEAPSIZE__ = 0x200
                0x0000000000000400                __STACKSIZE_PROCESS__ = 0x400
                0x0000000000000400                __STACKSIZE__ = 0x400
                0x0000000000200000                __text2_load_start__ = ALIGN (__FLASH2_segment_start__, 0x4)

.text2          0x0000000000200000        0x0
                0x0000000000200000                __text2_start__ = .
 *(.text2 .text2.*)
                0x0000000000200000                __text2_end__ = (__text2_start__ + SIZEOF (.text2))
                0x0000000000000000                __text2_size__ = SIZEOF (.text2)
                0x0000000000200000                __text2_load_end__ = __text2_end__
                0x0000000000000001                . = ASSERT (((__text2_start__ == __text2_end__) || ((__text2_end__ - __FLASH2_segment_start__) <= __FLASH2_segment_size__)), error: .text2 is too large to fit in FLASH2 memory segment)
                0x0000000000200000                __rodata2_load_start__ = ALIGN (__text2_end__, 0x4)

.rodata2        0x0000000000200000        0x0
                0x0000000000200000                __rodata2_start__ = .
 *(.rodata2 .rodata2.*)
                0x0000000000200000                __rodata2_end__ = (__rodata2_start__ + SIZEOF (.rodata2))
                0x0000000000000000                __rodata2_size__ = SIZEOF (.rodata2)
                0x0000000000200000                __rodata2_load_end__ = __rodata2_end__
                0x0000000000000001                . = ASSERT (((__rodata2_start__ == __rodata2_end__) || ((__rodata2_end__ - __FLASH2_segment_start__) <= __FLASH2_segment_size__)), error: .rodata2 is too large to fit in FLASH2 memory segment)
                0x0000000000200000                __data2_load_start__ = ALIGN (__rodata2_end__, 0x4)

.data2          0x0000000020020000        0x0 load address 0x0000000000200000
                0x0000000020020000                __data2_start__ = .
 *(.data2 .data2.*)
                0x0000000020020000                __data2_end__ = (__data2_start__ + SIZEOF (.data2))
                0x0000000000000000                __data2_size__ = SIZEOF (.data2)
                0x0000000000200000                __data2_load_end__ = (__data2_load_start__ + SIZEOF (.data2))
                0x0000000000200000                __FLASH2_segment_used_end__ = (ALIGN (__rodata2_end__, 0x4) + SIZEOF (.data2))
                0x0000000000000000                __FLASH2_segment_used_size__ = (__FLASH2_segment_used_end__ - __FLASH2_segment_start__)
                0x0000000000000001                . = ASSERT (((__data2_load_start__ == __data2_load_end__) || ((__data2_load_end__ - __FLASH2_segment_start__) <= __FLASH2_segment_size__)), error: .data2 is too large to fit in FLASH2 memory segment)

.data2_run      0x0000000020020000        0x0
                0x0000000020020000                __data2_run_start__ = .
                0x0000000020020000                . = MAX ((__data2_run_start__ + SIZEOF (.data2)), .)
                0x0000000020020000                __data2_run_end__ = (__data2_run_start__ + SIZEOF (.data2_run))
                0x0000000000000000                __data2_run_size__ = SIZEOF (.data2_run)
                0x0000000020020000                __data2_run_load_end__ = __data2_run_end__
                0x0000000000000001                . = ASSERT (((__data2_run_start__ == __data2_run_end__) || ((__data2_run_end__ - __RAM2_segment_start__) <= __RAM2_segment_size__)), error: .data2_run is too large to fit in RAM2 memory segment)
                0x0000000020020000                __bss2_load_start__ = ALIGN (__data2_run_end__, 0x4)

.bss2           0x0000000020020000        0x0
                0x0000000020020000                __bss2_start__ = .
 *(.bss2 .bss2.*)
                0x0000000020020000                __bss2_end__ = (__bss2_start__ + SIZEOF (.bss2))
                0x0000000000000000                __bss2_size__ = SIZEOF (.bss2)
                0x0000000020020000                __bss2_load_end__ = __bss2_end__
                0x0000000020020000                __RAM2_segment_used_end__ = (ALIGN (__data2_run_end__, 0x4) + SIZEOF (.bss2))
                0x0000000000000000                __RAM2_segment_used_size__ = (__RAM2_segment_used_end__ - __RAM2_segment_start__)
                0x0000000000000001                . = ASSERT (((__bss2_start__ == __bss2_end__) || ((__bss2_end__ - __RAM2_segment_start__) <= __RAM2_segment_size__)), error: .bss2 is too large to fit in RAM2 memory segment)
                0x0000000020000000                __vectors_ram_load_start__ = ALIGN (__RAM_segment_start__, 0x100)

.vectors_ram    0x0000000020000000        0x0
                0x0000000020000000                __vectors_ram_start__ = .
 *(.vectors_ram .vectors_ram.*)
                0x0000000020000000                __vectors_ram_end__ = (__vectors_ram_start__ + SIZEOF (.vectors_ram))
                0x0000000000000000                __vectors_ram_size__ = SIZEOF (.vectors_ram)
                0x0000000020000000                __vectors_ram_load_end__ = __vectors_ram_end__
                0x0000000000000001                . = ASSERT (((__vectors_ram_start__ == __vectors_ram_end__) || ((__vectors_ram_end__ - __RAM_segment_start__) <= __RAM_segment_size__)), error: .vectors_ram is too large to fit in RAM memory segment)
                0x0000000008000000                __vectors_load_start__ = ALIGN (__FLASH_segment_start__, 0x100)

.vectors        0x0000000008000000      0x1f8
                0x0000000008000000                __vectors_start__ = .
 *(.vectors .vectors.*)
 .vectors       0x0000000008000000      0x1f8 Output/PID with CCM Debug/Obj/STM32F7x5_v1r1_Vectors.o
                0x0000000008000000                _vectors
                0x00000000080001f8                __vectors_end__ = (__vectors_start__ + SIZEOF (.vectors))
                0x00000000000001f8                __vectors_size__ = SIZEOF (.vectors)
                0x00000000080001f8                __vectors_load_end__ = __vectors_end__
                0x0000000000000001                . = ASSERT (((__vectors_start__ == __vectors_end__) || ((__vectors_end__ - __FLASH_segment_start__) <= __FLASH_segment_size__)), error: .vectors is too large to fit in FLASH memory segment)
                0x00000000080001f8                __init_load_start__ = ALIGN (__vectors_end__, 0x4)

.init           0x00000000080001f8      0x264
                0x00000000080001f8                __init_start__ = .
 *(.init .init.*)
 .init          0x00000000080001f8       0xe4 Output/PID with CCM Debug/Obj/STM32F7x5_v1r1_Vectors.o
                0x00000000080001f8                NMI_Handler
                0x00000000080001fc                SVC_Handler
                0x00000000080001fe                PendSV_Handler
                0x0000000008000204                WWDG_IRQHandler
                0x0000000008000206                PVD_IRQHandler
                0x0000000008000208                TAMP_STAMP_IRQHandler
                0x000000000800020a                RTC_WKUP_IRQHandler
                0x000000000800020c                FLASH_IRQHandler
                0x000000000800020e                RCC_IRQHandler
                0x000000000800021a                DMA1_Stream0_IRQHandler
                0x000000000800021c                DMA1_Stream1_IRQHandler
                0x000000000800021e                DMA1_Stream2_IRQHandler
                0x0000000008000220                DMA1_Stream3_IRQHandler
                0x0000000008000222                DMA1_Stream4_IRQHandler
                0x0000000008000224                DMA1_Stream5_IRQHandler
                0x0000000008000226                DMA1_Stream6_IRQHandler
                0x0000000008000228                ADC_IRQHandler
                0x000000000800022a                CAN1_TX_IRQHandler
                0x000000000800022c                CAN1_RX0_IRQHandler
                0x000000000800022e                CAN1_RX1_IRQHandler
                0x0000000008000230                CAN1_SCE_IRQHandler
                0x000000000800023a                TIM1_CC_IRQHandler
                0x0000000008000242                I2C1_EV_IRQHandler
                0x0000000008000244                I2C1_ER_IRQHandler
                0x0000000008000246                I2C2_EV_IRQHandler
                0x0000000008000248                I2C2_ER_IRQHandler
                0x000000000800024a                SPI1_IRQHandler
                0x000000000800024c                SPI2_IRQHandler
                0x000000000800024e                USART1_IRQHandler
                0x0000000008000250                USART2_IRQHandler
                0x0000000008000252                USART3_IRQHandler
                0x0000000008000256                RTC_ALARM_IRQHandler
                0x0000000008000258                OTG_FS_WKUP_IRQHandler
                0x0000000008000260                TIM8_CC_IRQHandler
                0x0000000008000262                DMA1_Stream7_IRQHandler
                0x0000000008000264                FMC_IRQHandler
                0x0000000008000266                SDMMC1_IRQHandler
                0x000000000800026a                SPI3_IRQHandler
                0x000000000800026c                UART4_IRQHandler
                0x000000000800026e                UART5_IRQHandler
                0x0000000008000274                DMA2_Stream0_IRQHandler
                0x0000000008000276                DMA2_Stream1_IRQHandler
                0x0000000008000278                DMA2_Stream2_IRQHandler
                0x000000000800027a                DMA2_Stream3_IRQHandler
                0x000000000800027c                DMA2_Stream4_IRQHandler
                0x000000000800027e                ETH_IRQHandler
                0x0000000008000280                ETH_WKUP_IRQHandler
                0x0000000008000282                CAN2_TX_IRQHandler
                0x0000000008000284                CAN2_RX0_IRQHandler
                0x0000000008000286                CAN2_RX1_IRQHandler
                0x0000000008000288                CAN2_SCE_IRQHandler
                0x000000000800028a                OTG_FS_IRQHandler
                0x000000000800028c                DMA2_Stream5_IRQHandler
                0x000000000800028e                DMA2_Stream6_IRQHandler
                0x0000000008000290                DMA2_Stream7_IRQHandler
                0x0000000008000292                USART6_IRQHandler
                0x0000000008000294                I2C3_EV_IRQHandler
                0x0000000008000296                I2C3_ER_IRQHandler
                0x0000000008000298                OTG_HS_EP1_OUT_IRQHandler
                0x000000000800029a                OTG_HS_EP1_IN_IRQHandler
                0x000000000800029c                OTG_HS_WKUP_IRQHandler
                0x000000000800029e                OTG_HS_IRQHandler
                0x00000000080002a0                DCMI_IRQHandler
                0x00000000080002a2                RNG_IRQHandler
                0x00000000080002a4                FPU_IRQHandler
                0x00000000080002a6                UART7_IRQHandler
                0x00000000080002a8                UART8_IRQHandler
                0x00000000080002aa                SPI4_IRQHandler
                0x00000000080002ac                SPI5_IRQHandler
                0x00000000080002ae                SPI6_IRQHandler
                0x00000000080002b0                SAI1_IRQHandler
                0x00000000080002b2                LCD_TFT_IRQHandler
                0x00000000080002b4                LTDC_ER_IRQHandler
                0x00000000080002b6                DMA2D_IRQHandler
                0x00000000080002b8                SAI2_IRQHandler
                0x00000000080002ba                QUADSPI_IRQHandler
                0x00000000080002bc                LPTIM1_IRQHandler
                0x00000000080002be                CEC_IRQHandler
                0x00000000080002c0                I2C4_EV_IRQHandler
                0x00000000080002c2                I2C4_ER_IRQHandler
                0x00000000080002c4                SPDIF_RX_IRQHandler
                0x00000000080002c6                DFSDM1_FLT0_IRQHandler
                0x00000000080002c8                DFSDM1_FLT1_IRQHandler
                0x00000000080002ca                DFSDM1_FLT2_IRQHandler
                0x00000000080002cc                DFSDM1_FLT3_IRQHandler
                0x00000000080002ce                SDMMC2_IRQHandler
                0x00000000080002d0                CAN3_TX_IRQHandler
                0x00000000080002d2                CAN3_RX0_IRQHandler
                0x00000000080002d4                CAN3_RX1_IRQHandler
                0x00000000080002d6                CAN3_SCE_IRQHandler
                0x00000000080002d8                MDIOS_IRQHandler
 .init          0x00000000080002dc       0x28 Output/PID with CCM Debug/Obj/STM32F7xx_Startup.o
                0x00000000080002dc                Reset_Handler
 .init          0x0000000008000304      0x158 Output/PID with CCM Debug/Obj/thumb_crt0.o
                0x0000000008000304                _start
                0x00000000080003b6                exit
                0x000000000800045c                __init_end__ = (__init_start__ + SIZEOF (.init))
                0x0000000000000264                __init_size__ = SIZEOF (.init)
                0x000000000800045c                __init_load_end__ = __init_end__
                0x0000000000000001                . = ASSERT (((__init_start__ == __init_end__) || ((__init_end__ - __FLASH_segment_start__) <= __FLASH_segment_size__)), error: .init is too large to fit in FLASH memory segment)
                0x000000000800045c                __init_rodata_load_start__ = ALIGN (__init_end__, 0x4)

.init_rodata    0x000000000800045c        0x0
                0x000000000800045c                __init_rodata_start__ = .
 *(.init_rodata .init_rodata.*)
                0x000000000800045c                __init_rodata_end__ = (__init_rodata_start__ + SIZEOF (.init_rodata))
                0x0000000000000000                __init_rodata_size__ = SIZEOF (.init_rodata)
                0x000000000800045c                __init_rodata_load_end__ = __init_rodata_end__
                0x0000000000000001                . = ASSERT (((__init_rodata_start__ == __init_rodata_end__) || ((__init_rodata_end__ - __FLASH_segment_start__) <= __FLASH_segment_size__)), error: .init_rodata is too large to fit in FLASH memory segment)
                0x000000000800045c                __text_load_start__ = ALIGN (__init_rodata_end__, 0x4)

.text           0x000000000800045c     0x3cc8
                0x000000000800045c                __text_start__ = .
 *(.text .text.* .glue_7t .glue_7 .gnu.linkonce.t.* .gcc_except_table .ARM.extab* .gnu.linkonce.armextab.*)
 .glue_7        0x000000000800045c        0x0 linker stubs
 .glue_7t       0x000000000800045c        0x0 linker stubs
 .text.SystemInit
                0x000000000800045c       0x50 Output/PID with CCM Debug/Obj/system_stm32f7xx.o
                0x000000000800045c                SystemInit
 .text.SystemCoreClockUpdate
                0x00000000080004ac       0xa0 Output/PID with CCM Debug/Obj/system_stm32f7xx.o
                0x00000000080004ac                SystemCoreClockUpdate
 .text.BSPInit  0x000000000800054c       0x98 Output/PID with CCM Debug/Obj/BSP.o
                0x000000000800054c                BSPInit
 .text.HardFault_Handler
                0x00000000080005e4       0x20 Output/PID with CCM Debug/Obj/BSP.o
                0x00000000080005e4                HardFault_Handler
 .text.IRQInit  0x0000000008000604        0x2 Output/PID with CCM Debug/Obj/IRQ.o
                0x0000000008000604                IRQInit
 *fill*         0x0000000008000606        0x2 
 .text.EXTI0_IRQHandler
                0x0000000008000608       0x18 Output/PID with CCM Debug/Obj/IRQ.o
                0x0000000008000608                EXTI0_IRQHandler
 .text.EXTI1_IRQHandler
                0x0000000008000620        0xc Output/PID with CCM Debug/Obj/IRQ.o
                0x0000000008000620                EXTI1_IRQHandler
 .text.EXTI2_IRQHandler
                0x000000000800062c        0xc Output/PID with CCM Debug/Obj/IRQ.o
                0x000000000800062c                EXTI2_IRQHandler
 .text.EXTI3_IRQHandler
                0x0000000008000638        0xc Output/PID with CCM Debug/Obj/IRQ.o
                0x0000000008000638                EXTI3_IRQHandler
 .text.EXTI4_IRQHandler
                0x0000000008000644        0xc Output/PID with CCM Debug/Obj/IRQ.o
                0x0000000008000644                EXTI4_IRQHandler
 .text.EXTI9_5_IRQHandler
                0x0000000008000650        0xc Output/PID with CCM Debug/Obj/IRQ.o
                0x0000000008000650                EXTI9_5_IRQHandler
 .text.EXTI15_10_IRQHandler
                0x000000000800065c        0xc Output/PID with CCM Debug/Obj/IRQ.o
                0x000000000800065c                EXTI15_10_IRQHandler
 .text.PortInit
                0x0000000008000668      0x488 Output/PID with CCM Debug/Obj/Hal.o
                0x0000000008000668                PortInit
 .text.ClockSetWaitStates
                0x0000000008000af0       0xb0 Output/PID with CCM Debug/Obj/Clock.o
                0x0000000008000af0                ClockSetWaitStates
 .text.ClockInit
                0x0000000008000ba0       0xd8 Output/PID with CCM Debug/Obj/Clock.o
                0x0000000008000ba0                ClockInit
 .text.MotorsInit
                0x0000000008000c78       0x14 Output/PID with CCM Debug/Obj/motors.o
                0x0000000008000c78                MotorsInit
 .text.MotorsMoveFront
                0x0000000008000c8c       0xc0 Output/PID with CCM Debug/Obj/motors.o
                0x0000000008000c8c                MotorsMoveFront
 .text.MotorsStop
                0x0000000008000d4c       0x6c Output/PID with CCM Debug/Obj/motors.o
                0x0000000008000d4c                MotorsStop
 .text.MotorsPIDConfig
                0x0000000008000db8      0x1a8 Output/PID with CCM Debug/Obj/motors.o
                0x0000000008000db8                MotorsPIDConfig
 .text.MotorsRunPID
                0x0000000008000f60       0x18 Output/PID with CCM Debug/Obj/motors.o
                0x0000000008000f60                MotorsRunPID
 .text.CCMInit  0x0000000008000f78       0xdc Output/PID with CCM Debug/Obj/Ccm.o
                0x0000000008000f78                CCMInit
 .text.CCMEncoderMode
                0x0000000008001054       0xf0 Output/PID with CCM Debug/Obj/Ccm.o
                0x0000000008001054                CCMEncoderMode
 .text._GetAvailWriteSpace
                0x0000000008001144       0x18 Output/PID with CCM Debug/Obj/SEGGER_RTT.o
 .text._WriteNoCheck
                0x000000000800115c       0x48 Output/PID with CCM Debug/Obj/SEGGER_RTT.o
 .text._WriteBlocking
                0x00000000080011a4       0x5e Output/PID with CCM Debug/Obj/SEGGER_RTT.o
 *fill*         0x0000000008001202        0x2 
 .text._DoInit  0x0000000008001204       0x60 Output/PID with CCM Debug/Obj/SEGGER_RTT.o
 .text.SEGGER_RTT_WriteNoLock
                0x0000000008001264       0x70 Output/PID with CCM Debug/Obj/SEGGER_RTT.o
                0x0000000008001264                SEGGER_RTT_WriteNoLock
 .text.SEGGER_RTT_Write
                0x00000000080012d4       0x34 Output/PID with CCM Debug/Obj/SEGGER_RTT.o
                0x00000000080012d4                SEGGER_RTT_Write
 .text.printf   0x0000000008001308       0x44 Output/PID with CCM Debug/Obj/SEGGER_RTT_Syscalls_SES.o
                0x0000000008001308                printf
 .text.main_cbEncoderRdy
                0x000000000800134c        0xc Output/PID with CCM Debug/Obj/main.o
 .text.main_EncodersInit
                0x0000000008001358      0x120 Output/PID with CCM Debug/Obj/main.o
 .text.main_CtrlUpdateWheelSpeed
                0x0000000008001478       0x5c Output/PID with CCM Debug/Obj/main.o
 .text.main     0x00000000080014d4       0xb4 Output/PID with CCM Debug/Obj/main.o
                0x00000000080014d4                main
 .text.SysTick_Handler
                0x0000000008001588       0x4c Output/PID with CCM Debug/Obj/main.o
                0x0000000008001588                SysTick_Handler
 .text.enc_cbOnTimer
                0x00000000080015d4       0x48 Output/PID with CCM Debug/Obj/Encoder.o
 .text.ShaftEncoderInit
                0x000000000800161c       0x88 Output/PID with CCM Debug/Obj/Encoder.o
                0x000000000800161c                ShaftEncoderInit
 .text.ShaftEncoderCfg
                0x00000000080016a4       0x70 Output/PID with CCM Debug/Obj/Encoder.o
                0x00000000080016a4                ShaftEncoderCfg
 .text.ShaftEncoderAdd
                0x0000000008001714       0x3c Output/PID with CCM Debug/Obj/Encoder.o
                0x0000000008001714                ShaftEncoderAdd
 .text.ShaftEncoderLinkCCM
                0x0000000008001750       0x2c Output/PID with CCM Debug/Obj/Encoder.o
                0x0000000008001750                ShaftEncoderLinkCCM
 .text.ShaftEncoderReadRPM
                0x000000000800177c       0x1c Output/PID with CCM Debug/Obj/Encoder.o
                0x000000000800177c                ShaftEncoderReadRPM
 .text.PIDCtrlInit
                0x0000000008001798       0x48 ../../../../StdLib/Release/STM32F722/PID_LIB.a(PID.o)
                0x0000000008001798                PIDCtrlInit
 .text.PIDCtrlSetParam
                0x00000000080017e0       0x10 ../../../../StdLib/Release/STM32F722/PID_LIB.a(PID.o)
                0x00000000080017e0                PIDCtrlSetParam
 .text.PIDCtrlSetTargetValue
                0x00000000080017f0        0x4 ../../../../StdLib/Release/STM32F722/PID_LIB.a(PID.o)
                0x00000000080017f0                PIDCtrlSetTargetValue
 .text.PIDCtrlOutputConfig
                0x00000000080017f4        0xc ../../../../StdLib/Release/STM32F722/PID_LIB.a(PID.o)
                0x00000000080017f4                PIDCtrlOutputConfig
 .text.PIDOnTimer
                0x0000000008001800      0x1b0 ../../../../StdLib/Release/STM32F722/PID_LIB.a(PID.o)
                0x0000000008001800                PIDOnTimer
 .text.__aeabi_read_tp
                0x00000000080019b0        0x8 Output/PID with CCM Debug/Obj/thumb_crt0.o
                0x00000000080019b0                __aeabi_read_tp
 .text.__aeabi_dadd
                0x00000000080019b8      0x244 C:/Program Files/SEGGER/SEGGER Embedded Studio for ARM 4.30c/lib/libm_v7em_fpv5_sp_d16_hard_t_le_eabi.a(libm_asm.o)
                0x00000000080019b8                __aeabi_dadd
 .text.__aeabi_dsub
                0x0000000008001bfc        0x8 C:/Program Files/SEGGER/SEGGER Embedded Studio for ARM 4.30c/lib/libm_v7em_fpv5_sp_d16_hard_t_le_eabi.a(libm_asm.o)
                0x0000000008001bfc                __aeabi_dsub
 .text.__aeabi_dmul
                0x0000000008001c04      0x138 C:/Program Files/SEGGER/SEGGER Embedded Studio for ARM 4.30c/lib/libm_v7em_fpv5_sp_d16_hard_t_le_eabi.a(libm_asm.o)
                0x0000000008001c04                __aeabi_dmul
 .text.__aeabi_ddiv
                0x0000000008001d3c      0x1cc C:/Program Files/SEGGER/SEGGER Embedded Studio for ARM 4.30c/lib/libm_v7em_fpv5_sp_d16_hard_t_le_eabi.a(libm_asm.o)
                0x0000000008001d3c                __aeabi_ddiv
 .text.__aeabi_dcmple
                0x0000000008001f08       0x3c C:/Program Files/SEGGER/SEGGER Embedded Studio for ARM 4.30c/lib/libm_v7em_fpv5_sp_d16_hard_t_le_eabi.a(libm_asm.o)
                0x0000000008001f08                __aeabi_dcmple
 .text.__aeabi_dcmpeq
                0x0000000008001f44       0x34 C:/Program Files/SEGGER/SEGGER Embedded Studio for ARM 4.30c/lib/libm_v7em_fpv5_sp_d16_hard_t_le_eabi.a(libm_asm.o)
                0x0000000008001f44                __aeabi_dcmpeq
 .text.__aeabi_dcmpge
                0x0000000008001f78       0x3c C:/Program Files/SEGGER/SEGGER Embedded Studio for ARM 4.30c/lib/libm_v7em_fpv5_sp_d16_hard_t_le_eabi.a(libm_asm.o)
                0x0000000008001f78                __aeabi_dcmpge
 .text.__aeabi_dcmpgt
                0x0000000008001fb4       0x38 C:/Program Files/SEGGER/SEGGER Embedded Studio for ARM 4.30c/lib/libm_v7em_fpv5_sp_d16_hard_t_le_eabi.a(libm_asm.o)
                0x0000000008001fb4                __aeabi_dcmpgt
 .text.__aeabi_dcmplt
                0x0000000008001fec       0x38 C:/Program Files/SEGGER/SEGGER Embedded Studio for ARM 4.30c/lib/libm_v7em_fpv5_sp_d16_hard_t_le_eabi.a(libm_asm.o)
                0x0000000008001fec                __aeabi_dcmplt
 .text.__aeabi_d2iz
                0x0000000008002024       0x44 C:/Program Files/SEGGER/SEGGER Embedded Studio for ARM 4.30c/lib/libm_v7em_fpv5_sp_d16_hard_t_le_eabi.a(libm_asm.o)
                0x0000000008002024                __aeabi_d2iz
 .text.__aeabi_d2ulz
                0x0000000008002068       0x38 C:/Program Files/SEGGER/SEGGER Embedded Studio for ARM 4.30c/lib/libm_v7em_fpv5_sp_d16_hard_t_le_eabi.a(libm_asm.o)
                0x0000000008002068                __aeabi_d2ulz
 .text.__aeabi_i2d
                0x00000000080020a0       0x28 C:/Program Files/SEGGER/SEGGER Embedded Studio for ARM 4.30c/lib/libm_v7em_fpv5_sp_d16_hard_t_le_eabi.a(libm_asm.o)
                0x00000000080020a0                __aeabi_i2d
 .text.__aeabi_ui2d
                0x00000000080020c8       0x1c C:/Program Files/SEGGER/SEGGER Embedded Studio for ARM 4.30c/lib/libm_v7em_fpv5_sp_d16_hard_t_le_eabi.a(libm_asm.o)
                0x00000000080020c8                __aeabi_ui2d
 .text.__aeabi_ul2d
                0x00000000080020e4       0x5c C:/Program Files/SEGGER/SEGGER Embedded Studio for ARM 4.30c/lib/libm_v7em_fpv5_sp_d16_hard_t_le_eabi.a(libm_asm.o)
                0x00000000080020e4                __aeabi_ul2d
 .text.__aeabi_f2d
                0x0000000008002140       0x34 C:/Program Files/SEGGER/SEGGER Embedded Studio for ARM 4.30c/lib/libm_v7em_fpv5_sp_d16_hard_t_le_eabi.a(libm_asm.o)
                0x0000000008002140                __aeabi_f2d
 .text.__float64_isinf
                0x0000000008002174       0x14 C:/Program Files/SEGGER/SEGGER Embedded Studio for ARM 4.30c/lib/libm_v7em_fpv5_sp_d16_hard_t_le_eabi.a(libm_asm.o)
                0x0000000008002174                __float64_isinf
 .text.__float64_isnan
                0x0000000008002188       0x14 C:/Program Files/SEGGER/SEGGER Embedded Studio for ARM 4.30c/lib/libm_v7em_fpv5_sp_d16_hard_t_le_eabi.a(libm_asm.o)
                0x0000000008002188                __float64_isnan
 .text.__float64_signbit
                0x000000000800219c        0xc C:/Program Files/SEGGER/SEGGER Embedded Studio for ARM 4.30c/lib/libm_v7em_fpv5_sp_d16_hard_t_le_eabi.a(libm_asm.o)
                0x000000000800219c                __float64_signbit
 .text.fabs     0x00000000080021a8       0x10 C:/Program Files/SEGGER/SEGGER Embedded Studio for ARM 4.30c/lib/libm_v7em_fpv5_sp_d16_hard_t_le_eabi.a(libm_asm.o)
                0x00000000080021a8                fabs(double)
                0x00000000080021a8                fabs
 .text.libc.__RAL_pow10
                0x00000000080021b8       0x54 C:/Program Files/SEGGER/SEGGER Embedded Studio for ARM 4.30c/lib/libc_v7em_fpv5_sp_d16_hard_t_le_eabi.a(libc2.o)
                0x00000000080021b8                __RAL_pow10
 .text.libc.__putc
                0x000000000800220c       0x34 C:/Program Files/SEGGER/SEGGER Embedded Studio for ARM 4.30c/lib/libc_v7em_fpv5_sp_d16_hard_t_le_eabi.a(libc2.o)
                0x000000000800220c                __putc
 .text.libc.__RAL_print_padding
                0x0000000008002240       0x1c C:/Program Files/SEGGER/SEGGER Embedded Studio for ARM 4.30c/lib/libc_v7em_fpv5_sp_d16_hard_t_le_eabi.a(libc2.o)
                0x0000000008002240                __RAL_print_padding
 .text.libc.__RAL_pre_padding
                0x000000000800225c       0x1c C:/Program Files/SEGGER/SEGGER Embedded Studio for ARM 4.30c/lib/libc_v7em_fpv5_sp_d16_hard_t_le_eabi.a(libc2.o)
                0x000000000800225c                __RAL_pre_padding
 .text.libc.abs
                0x0000000008002278        0x8 C:/Program Files/SEGGER/SEGGER Embedded Studio for ARM 4.30c/lib/libc_v7em_fpv5_sp_d16_hard_t_le_eabi.a(libc2.o)
                0x0000000008002278                abs
 .text.libc.__aeabi_errno_addr
                0x0000000008002280       0x14 C:/Program Files/SEGGER/SEGGER Embedded Studio for ARM 4.30c/lib/libc_v7em_fpv5_sp_d16_hard_t_le_eabi.a(libc2.o)
                0x0000000008002280                __aeabi_errno_addr
 .text.libc.strnlen
                0x0000000008002294       0x22 C:/Program Files/SEGGER/SEGGER Embedded Studio for ARM 4.30c/lib/libc_v7em_fpv5_sp_d16_hard_t_le_eabi.a(libc2.o)
                0x0000000008002294                strnlen
 .text.libc.vsnprintf
                0x00000000080022b6       0x1c C:/Program Files/SEGGER/SEGGER Embedded Studio for ARM 4.30c/lib/libc_v7em_fpv5_sp_d16_hard_t_le_eabi.a(libc2.o)
                0x00000000080022b6                vsnprintf
 .text.libc.memcpy
                0x00000000080022d2       0x52 C:/Program Files/SEGGER/SEGGER Embedded Studio for ARM 4.30c/lib/libc_v7em_fpv5_sp_d16_hard_t_le_eabi.a(libc2_asm.o)
                0x00000000080022d2                __aeabi_memcpy
                0x00000000080022d2                memcpy
                0x00000000080022de                __aeabi_memcpy8
                0x00000000080022de                __aeabi_memcpy4
 .text.libc.memset
                0x0000000008002324       0x66 C:/Program Files/SEGGER/SEGGER Embedded Studio for ARM 4.30c/lib/libc_v7em_fpv5_sp_d16_hard_t_le_eabi.a(libc2_asm.o)
                0x0000000008002324                memset
 .text.libc.strcpy
                0x000000000800238a       0x44 C:/Program Files/SEGGER/SEGGER Embedded Studio for ARM 4.30c/lib/libc_v7em_fpv5_sp_d16_hard_t_le_eabi.a(libc2_asm.o)
                0x000000000800238a                strcpy
 .text.libc.strlen
                0x00000000080023ce       0x60 C:/Program Files/SEGGER/SEGGER Embedded Studio for ARM 4.30c/lib/libc_v7em_fpv5_sp_d16_hard_t_le_eabi.a(libc2_asm.o)
                0x00000000080023ce                strlen
 .text.libc.__int64_udivmod
                0x000000000800242e       0xce C:/Program Files/SEGGER/SEGGER Embedded Studio for ARM 4.30c/lib/libc_v7em_fpv5_sp_d16_hard_t_le_eabi.a(libc_asm.o)
                0x000000000800242e                __aeabi_uldivmod
                0x000000000800242e                __int64_udiv
                0x000000000800242e                __udivdi3
                0x000000000800242e                __int64_udivmod
 *fill*         0x00000000080024fc        0x4 
 .text.libc.__vfprintf_float_long
                0x0000000008002500     0x11d0 C:/Program Files/SEGGER/SEGGER Embedded Studio for ARM 4.30c/lib/libvfprintf_v7em_fpv5_sp_d16_hard_t_le_eabi.o
                0x0000000008002500                __vfprintf_float_long
 .text.TimerInit
                0x00000000080036d0       0xf0 ../../../../StdLib/Release/STM32F722/TIMER_LIB.a(Timer.o)
                0x00000000080036d0                TimerInit
 .text.TimerStart
                0x00000000080037c0       0x38 ../../../../StdLib/Release/STM32F722/TIMER_LIB.a(Timer.o)
                0x00000000080037c0                TimerStart
 .text.TimerAddHook
                0x00000000080037f8        0xc ../../../../StdLib/Release/STM32F722/TIMER_LIB.a(Timer.o)
                0x00000000080037f8                TimerAddHook
 .text.TIM1_UP_TIM10_IRQHandler
                0x0000000008003804       0x54 ../../../../StdLib/Release/STM32F722/TIMER_LIB.a(Timer.o)
                0x0000000008003804                TIM1_UP_TIM10_IRQHandler
 .text.TIM2_IRQHandler
                0x0000000008003858       0x30 ../../../../StdLib/Release/STM32F722/TIMER_LIB.a(Timer.o)
                0x0000000008003858                TIM2_IRQHandler
 .text.TIM3_IRQHandler
                0x0000000008003888       0x30 ../../../../StdLib/Release/STM32F722/TIMER_LIB.a(Timer.o)
                0x0000000008003888                TIM3_IRQHandler
 .text.TIM4_IRQHandler
                0x00000000080038b8       0x30 ../../../../StdLib/Release/STM32F722/TIMER_LIB.a(Timer.o)
                0x00000000080038b8                TIM4_IRQHandler
 .text.TIM5_IRQHandler
                0x00000000080038e8       0x30 ../../../../StdLib/Release/STM32F722/TIMER_LIB.a(Timer.o)
                0x00000000080038e8                TIM5_IRQHandler
 .text.TIM6_DAC_IRQHandler
                0x0000000008003918       0x30 ../../../../StdLib/Release/STM32F722/TIMER_LIB.a(Timer.o)
                0x0000000008003918                TIM6_DAC_IRQHandler
 .text.TIM7_IRQHandler
                0x0000000008003948       0x30 ../../../../StdLib/Release/STM32F722/TIMER_LIB.a(Timer.o)
                0x0000000008003948                TIM7_IRQHandler
 .text.TIM8_UP_TIM13_IRQHandler
                0x0000000008003978       0x54 ../../../../StdLib/Release/STM32F722/TIMER_LIB.a(Timer.o)
                0x0000000008003978                TIM8_UP_TIM13_IRQHandler
 .text.TIM1_BRK_TIM9_IRQHandler
                0x00000000080039cc       0x30 ../../../../StdLib/Release/STM32F722/TIMER_LIB.a(Timer.o)
                0x00000000080039cc                TIM1_BRK_TIM9_IRQHandler
 .text.TIM1_TRG_COM_TIM11_IRQHandler
                0x00000000080039fc       0x30 ../../../../StdLib/Release/STM32F722/TIMER_LIB.a(Timer.o)
                0x00000000080039fc                TIM1_TRG_COM_TIM11_IRQHandler
 .text.TIM8_BRK_TIM12_IRQHandler
                0x0000000008003a2c       0x30 ../../../../StdLib/Release/STM32F722/TIMER_LIB.a(Timer.o)
                0x0000000008003a2c                TIM8_BRK_TIM12_IRQHandler
 .text.TIM8_TRG_COM_TIM14_IRQHandler
                0x0000000008003a5c       0x30 ../../../../StdLib/Release/STM32F722/TIMER_LIB.a(Timer.o)
                0x0000000008003a5c                TIM8_TRG_COM_TIM14_IRQHandler
 .text.PWMInit  0x0000000008003a8c      0x154 ../../../../StdLib/Release/STM32F722/PWM_LIB.a(pwm.o)
                0x0000000008003a8c                PWMInit
 .text.PWMEnable
                0x0000000008003be0      0x128 ../../../../StdLib/Release/STM32F722/PWM_LIB.a(pwm.o)
                0x0000000008003be0                PWMEnable
 .text.PWMDisable
                0x0000000008003d08       0x40 ../../../../StdLib/Release/STM32F722/PWM_LIB.a(pwm.o)
                0x0000000008003d08                PWMDisable
 .text.libc.frexp
                0x0000000008003d48       0x50 C:/Program Files/SEGGER/SEGGER Embedded Studio for ARM 4.30c/lib/libm_v7em_fpv5_sp_d16_hard_t_le_eabi.a(libm2.o)
                0x0000000008003d48                frexp
                0x0000000008003d48                frexp(double, int*)
 .text.libc.ldexp
                0x0000000008003d98       0x7c C:/Program Files/SEGGER/SEGGER Embedded Studio for ARM 4.30c/lib/libm_v7em_fpv5_sp_d16_hard_t_le_eabi.a(libm2.o)
                0x0000000008003d98                ldexp
                0x0000000008003d98                ldexp(double, int)
 .text.libc.modf
                0x0000000008003e14       0x94 C:/Program Files/SEGGER/SEGGER Embedded Studio for ARM 4.30c/lib/libm_v7em_fpv5_sp_d16_hard_t_le_eabi.a(libm2.o)
                0x0000000008003e14                modf(double, double*)
                0x0000000008003e14                modf
 .text.libc.floor
                0x0000000008003ea8       0xc0 C:/Program Files/SEGGER/SEGGER Embedded Studio for ARM 4.30c/lib/libm_v7em_fpv5_sp_d16_hard_t_le_eabi.a(libm2.o)
                0x0000000008003ea8                floor(double)
                0x0000000008003ea8                floor
 .text.libc.fmod
                0x0000000008003f68      0x1bc C:/Program Files/SEGGER/SEGGER Embedded Studio for ARM 4.30c/lib/libm_v7em_fpv5_sp_d16_hard_t_le_eabi.a(libm2.o)
                0x0000000008003f68                fmod
                0x0000000008003f68                fmod(double, double)
                0x0000000008004124                __text_end__ = (__text_start__ + SIZEOF (.text))
                0x0000000000003cc8                __text_size__ = SIZEOF (.text)
                0x0000000008004124                __text_load_end__ = __text_end__

.vfp11_veneer   0x0000000100000000        0x0
 .vfp11_veneer  0x0000000100000000        0x0 linker stubs

.v4_bx          0x0000000100000000        0x0
 .v4_bx         0x0000000100000000        0x0 linker stubs

.iplt           0x0000000100000000        0x0
 .iplt          0x0000000100000000        0x0 Output/PID with CCM Debug/Obj/system_stm32f7xx.o
                0x0000000000000001                . = ASSERT (((__text_start__ == __text_end__) || ((__text_end__ - __FLASH_segment_start__) <= __FLASH_segment_size__)), error: .text is too large to fit in FLASH memory segment)
                0x0000000008004124                __dtors_load_start__ = ALIGN (__text_end__, 0x4)

.dtors          0x0000000008004124        0x0
                0x0000000008004124                __dtors_start__ = .
 *(SORT_BY_NAME(.dtors.*))
 *(.dtors)
 *(.fini_array)
 *(SORT_BY_NAME(.fini_array.*))
                0x0000000008004124                __dtors_end__ = (__dtors_start__ + SIZEOF (.dtors))
                0x0000000000000000                __dtors_size__ = SIZEOF (.dtors)
                0x0000000008004124                __dtors_load_end__ = __dtors_end__
                0x0000000000000001                . = ASSERT (((__dtors_start__ == __dtors_end__) || ((__dtors_end__ - __FLASH_segment_start__) <= __FLASH_segment_size__)), error: .dtors is too large to fit in FLASH memory segment)
                0x0000000008004124                __ctors_load_start__ = ALIGN (__dtors_end__, 0x4)

.ctors          0x0000000008004124        0x0
                0x0000000008004124                __ctors_start__ = .
 *(SORT_BY_NAME(.ctors.*))
 *(.ctors)
 *(.init_array)
 *(SORT_BY_NAME(.init_array.*))
                0x0000000008004124                __ctors_end__ = (__ctors_start__ + SIZEOF (.ctors))
                0x0000000000000000                __ctors_size__ = SIZEOF (.ctors)
                0x0000000008004124                __ctors_load_end__ = __ctors_end__
                0x0000000000000001                . = ASSERT (((__ctors_start__ == __ctors_end__) || ((__ctors_end__ - __FLASH_segment_start__) <= __FLASH_segment_size__)), error: .ctors is too large to fit in FLASH memory segment)
                0x0000000008004124                __rodata_load_start__ = ALIGN (__ctors_end__, 0x4)

.rodata         0x0000000008004124      0x3cc
                0x0000000008004124                __rodata_start__ = .
 *(.rodata .rodata.* .gnu.linkonce.r.*)
 .rodata.AHBPrescTable
                0x0000000008004124       0x10 Output/PID with CCM Debug/Obj/system_stm32f7xx.o
                0x0000000008004124                AHBPrescTable
 .rodata.HardFault_Handler.str1.4
                0x0000000008004134       0x83 Output/PID with CCM Debug/Obj/BSP.o
 *fill*         0x00000000080041b7        0x1 
 .rodata.CCMEncoderMode.str1.4
                0x00000000080041b8       0x62 Output/PID with CCM Debug/Obj/Ccm.o
                                         0x7b (size before relaxing)
 *fill*         0x000000000800421a        0x2 
 .rodata._DoInit.str1.4
                0x000000000800421c       0x17 Output/PID with CCM Debug/Obj/SEGGER_RTT.o
 *fill*         0x0000000008004233        0x1 
 .rodata.main.str1.4
                0x0000000008004234       0x29 Output/PID with CCM Debug/Obj/main.o
 *fill*         0x000000000800425d        0x3 
 .rodata.main_CtrlUpdateWheelSpeed.str1.4
                0x0000000008004260       0x10 Output/PID with CCM Debug/Obj/main.o
                                         0x13 (size before relaxing)
 .rodata.main_EncodersInit.str1.4
                0x0000000008004270       0x5b Output/PID with CCM Debug/Obj/main.o
                                         0x73 (size before relaxing)
 *fill*         0x00000000080042cb        0x1 
 .rodata.ShaftEncoderInit.str1.4
                0x00000000080042cc       0x63 Output/PID with CCM Debug/Obj/Encoder.o
                                         0x7b (size before relaxing)
 *fill*         0x000000000800432f        0x1 
 .rodata.libc.__RAL_hex_lc
                0x0000000008004330       0x10 C:/Program Files/SEGGER/SEGGER Embedded Studio for ARM 4.30c/lib/libc_v7em_fpv5_sp_d16_hard_t_le_eabi.a(libc2.o)
                0x0000000008004330                __RAL_hex_lc
 .rodata.libc.__RAL_hex_uc
                0x0000000008004340       0x10 C:/Program Files/SEGGER/SEGGER Embedded Studio for ARM 4.30c/lib/libc_v7em_fpv5_sp_d16_hard_t_le_eabi.a(libc2.o)
                0x0000000008004340                __RAL_hex_uc
 .rodata.libc.__aeabi_EDOM
                0x0000000008004350        0x4 C:/Program Files/SEGGER/SEGGER Embedded Studio for ARM 4.30c/lib/libc_v7em_fpv5_sp_d16_hard_t_le_eabi.a(libc2.o)
                0x0000000008004350                __aeabi_EDOM
 .rodata.libc.__aeabi_ERANGE
                0x0000000008004354        0x4 C:/Program Files/SEGGER/SEGGER Embedded Studio for ARM 4.30c/lib/libc_v7em_fpv5_sp_d16_hard_t_le_eabi.a(libc2.o)
                0x0000000008004354                __aeabi_ERANGE
 .rodata.libc.power
                0x0000000008004358       0x48 C:/Program Files/SEGGER/SEGGER Embedded Studio for ARM 4.30c/lib/libc_v7em_fpv5_sp_d16_hard_t_le_eabi.a(libc2.o)
 .rodata.libc.__vfprintf_float_long.str1.4
                0x00000000080043a0       0x28 C:/Program Files/SEGGER/SEGGER Embedded Studio for ARM 4.30c/lib/libvfprintf_v7em_fpv5_sp_d16_hard_t_le_eabi.o
 .rodata.libc.__vfprintf_int.str1.4
                0x00000000080043c8        0x8 C:/Program Files/SEGGER/SEGGER Embedded Studio for ARM 4.30c/lib/libvfprintf_v7em_fpv5_sp_d16_hard_t_le_eabi.o
                                          0x7 (size before relaxing)
 .rodata.libc.ipow10
                0x00000000080043d0       0xa0 C:/Program Files/SEGGER/SEGGER Embedded Studio for ARM 4.30c/lib/libvfprintf_v7em_fpv5_sp_d16_hard_t_le_eabi.o
 .rodata.CSWTCH.13
                0x0000000008004470       0x38 ../../../../StdLib/Release/STM32F722/TIMER_LIB.a(Timer.o)
 .rodata.CSWTCH.14
                0x00000000080044a8        0xe ../../../../StdLib/Release/STM32F722/TIMER_LIB.a(Timer.o)
 *fill*         0x00000000080044b6        0x2 
 .rodata.CSWTCH.15
                0x00000000080044b8       0x38 ../../../../StdLib/Release/STM32F722/TIMER_LIB.a(Timer.o)
                0x00000000080044f0                __rodata_end__ = (__rodata_start__ + SIZEOF (.rodata))
                0x00000000000003cc                __rodata_size__ = SIZEOF (.rodata)
                0x00000000080044f0                __rodata_load_end__ = __rodata_end__

.rel.dyn        0x0000000008000000        0x0
 .rel.iplt      0x0000000008000000        0x0 Output/PID with CCM Debug/Obj/system_stm32f7xx.o
                0x0000000000000001                . = ASSERT (((__rodata_start__ == __rodata_end__) || ((__rodata_end__ - __FLASH_segment_start__) <= __FLASH_segment_size__)), error: .rodata is too large to fit in FLASH memory segment)
                0x00000000080044f0                __ARM.exidx_load_start__ = ALIGN (__rodata_end__, 0x4)

.ARM.exidx      0x00000000080044f0        0x0
                0x00000000080044f0                __ARM.exidx_start__ = .
                0x00000000080044f0                __exidx_start = __ARM.exidx_start__
 *(.ARM.exidx .ARM.exidx.*)
                0x00000000080044f0                __ARM.exidx_end__ = (__ARM.exidx_start__ + SIZEOF (.ARM.exidx))
                0x0000000000000000                __ARM.exidx_size__ = SIZEOF (.ARM.exidx)
                0x00000000080044f0                __exidx_end = __ARM.exidx_end__
                0x00000000080044f0                __ARM.exidx_load_end__ = __ARM.exidx_end__
                0x0000000000000001                . = ASSERT (((__ARM.exidx_start__ == __ARM.exidx_end__) || ((__ARM.exidx_end__ - __FLASH_segment_start__) <= __FLASH_segment_size__)), error: .ARM.exidx is too large to fit in FLASH memory segment)
                0x00000000080044f0                __fast_load_start__ = ALIGN (__ARM.exidx_end__, 0x4)

.fast           0x0000000020000000        0x0 load address 0x00000000080044f0
                0x0000000020000000                __fast_start__ = .
 *(.fast .fast.*)
                0x0000000020000000                __fast_end__ = (__fast_start__ + SIZEOF (.fast))
                0x0000000000000000                __fast_size__ = SIZEOF (.fast)
                0x00000000080044f0                __fast_load_end__ = (__fast_load_start__ + SIZEOF (.fast))
                0x0000000000000001                . = ASSERT (((__fast_load_start__ == __fast_load_end__) || ((__fast_load_end__ - __FLASH_segment_start__) <= __FLASH_segment_size__)), error: .fast is too large to fit in FLASH memory segment)

.fast_run       0x0000000020000000        0x0
                0x0000000020000000                __fast_run_start__ = .
                0x0000000020000000                . = MAX ((__fast_run_start__ + SIZEOF (.fast)), .)
                0x0000000020000000                __fast_run_end__ = (__fast_run_start__ + SIZEOF (.fast_run))
                0x0000000000000000                __fast_run_size__ = SIZEOF (.fast_run)
                0x0000000020000000                __fast_run_load_end__ = __fast_run_end__
                0x0000000000000001                . = ASSERT (((__fast_run_start__ == __fast_run_end__) || ((__fast_run_end__ - __RAM_segment_start__) <= __RAM_segment_size__)), error: .fast_run is too large to fit in RAM memory segment)
                0x00000000080044f0                __data_load_start__ = ALIGN ((__fast_load_start__ + SIZEOF (.fast)), 0x4)

.data           0x0000000020000000        0x8 load address 0x00000000080044f0
                0x0000000020000000                __data_start__ = .
 *(.data .data.* .gnu.linkonce.d.*)
 .data.SystemCoreClock
                0x0000000020000000        0x4 Output/PID with CCM Debug/Obj/system_stm32f7xx.o
                0x0000000020000000                SystemCoreClock
 .data.g_nSysTick
                0x0000000020000004        0x4 Output/PID with CCM Debug/Obj/main.o
                0x0000000020000008                __data_end__ = (__data_start__ + SIZEOF (.data))
                0x0000000000000008                __data_size__ = SIZEOF (.data)
                0x00000000080044f8                __data_load_end__ = (__data_load_start__ + SIZEOF (.data))

.igot.plt       0x0000000100000000        0x0
 .igot.plt      0x0000000100000000        0x0 Output/PID with CCM Debug/Obj/system_stm32f7xx.o
                0x0000000000000001                . = ASSERT (((__data_load_start__ == __data_load_end__) || ((__data_load_end__ - __FLASH_segment_start__) <= __FLASH_segment_size__)), error: .data is too large to fit in FLASH memory segment)

.data_run       0x0000000020000000        0x8 load address 0x00000000080044f0
                0x0000000020000000                __data_run_start__ = .
                0x0000000020000008                . = MAX ((__data_run_start__ + SIZEOF (.data)), .)
 *fill*         0x0000000020000000        0x8 
                0x0000000020000008                __data_run_end__ = (__data_run_start__ + SIZEOF (.data_run))
                0x0000000000000008                __data_run_size__ = SIZEOF (.data_run)
                0x0000000020000008                __data_run_load_end__ = __data_run_end__
                0x0000000000000001                . = ASSERT (((__data_run_start__ == __data_run_end__) || ((__data_run_end__ - __RAM_segment_start__) <= __RAM_segment_size__)), error: .data_run is too large to fit in RAM memory segment)
                0x00000000080044f8                __tdata_load_start__ = ALIGN ((__data_load_start__ + SIZEOF (.data)), 0x4)

.tdata          0x0000000020000008        0x0 load address 0x00000000080044f8
                0x0000000020000008                __tdata_start__ = .
 *(.tdata .tdata.*)
                0x0000000020000008                __tdata_end__ = (__tdata_start__ + SIZEOF (.tdata))
                0x0000000000000000                __tdata_size__ = SIZEOF (.tdata)
                0x00000000080044f8                __tdata_load_end__ = (__tdata_load_start__ + SIZEOF (.tdata))
                0x00000000080044f8                __FLASH_segment_used_end__ = (ALIGN ((__data_load_start__ + SIZEOF (.data)), 0x4) + SIZEOF (.tdata))
                0x00000000000044f8                __FLASH_segment_used_size__ = (__FLASH_segment_used_end__ - __FLASH_segment_start__)
                0x0000000000000001                . = ASSERT (((__tdata_load_start__ == __tdata_load_end__) || ((__tdata_load_end__ - __FLASH_segment_start__) <= __FLASH_segment_size__)), error: .tdata is too large to fit in FLASH memory segment)

.tdata_run      0x0000000020000008        0x0
                0x0000000020000008                __tdata_run_start__ = .
                0x0000000020000008                . = MAX ((__tdata_run_start__ + SIZEOF (.tdata)), .)
                0x0000000020000008                __tdata_run_end__ = (__tdata_run_start__ + SIZEOF (.tdata_run))
                0x0000000000000000                __tdata_run_size__ = SIZEOF (.tdata_run)
                0x0000000020000008                __tdata_run_load_end__ = __tdata_run_end__
                0x0000000000000001                . = ASSERT (((__tdata_run_start__ == __tdata_run_end__) || ((__tdata_run_end__ - __RAM_segment_start__) <= __RAM_segment_size__)), error: .tdata_run is too large to fit in RAM memory segment)
                0x0000000020000008                __bss_load_start__ = ALIGN (__tdata_run_end__, 0x4)

.bss            0x0000000020000008      0x794
                0x0000000020000008                __bss_start__ = .
 *(.bss .bss.* .gnu.linkonce.b.*)
 .bss.g_PIDHandles
                0x0000000020000008      0x1e0 Output/PID with CCM Debug/Obj/motors.o
 .bss.g_PwmHandle
                0x00000000200001e8        0xc Output/PID with CCM Debug/Obj/motors.o
 .bss._SEGGER_RTT
                0x00000000200001f4       0x78 Output/PID with CCM Debug/Obj/SEGGER_RTT.o
                0x00000000200001f4                _SEGGER_RTT
 .bss._acDownBuffer
                0x000000002000026c       0x10 Output/PID with CCM Debug/Obj/SEGGER_RTT.o
 .bss._acUpBuffer
                0x000000002000027c      0x400 Output/PID with CCM Debug/Obj/SEGGER_RTT.o
 .bss.g_CcmHandles
                0x000000002000067c       0x20 Output/PID with CCM Debug/Obj/main.o
 .bss.g_ShaftEncHandles
                0x000000002000069c       0x80 Output/PID with CCM Debug/Obj/main.o
 .bss.g_Timer5Handle
                0x000000002000071c        0xc Output/PID with CCM Debug/Obj/main.o
 .bss.g_bEncoderData
                0x0000000020000728        0x4 Output/PID with CCM Debug/Obj/main.o
 .bss.g_bLEDToggle
                0x000000002000072c        0x4 Output/PID with CCM Debug/Obj/main.o
 .bss.g_CPR     0x0000000020000730        0x4 Output/PID with CCM Debug/Obj/Encoder.o
 .bss.g_GearRatio
                0x0000000020000734        0x4 Output/PID with CCM Debug/Obj/Encoder.o
 .bss.g_RpmConst
                0x0000000020000738        0x8 Output/PID with CCM Debug/Obj/Encoder.o
 .bss.g_TimerHook
                0x0000000020000740        0x8 Output/PID with CCM Debug/Obj/Encoder.o
 .bss.g_TimerHz
                0x0000000020000748        0x4 Output/PID with CCM Debug/Obj/Encoder.o
 .bss.g_nInterval
                0x000000002000074c        0x4 Output/PID with CCM Debug/Obj/Encoder.o
 .bss.g_nIntervalConst
                0x0000000020000750        0x4 Output/PID with CCM Debug/Obj/Encoder.o
 .bss.g_pHeadHandle
                0x0000000020000754        0x4 Output/PID with CCM Debug/Obj/Encoder.o
 .bss.g_pTimerHandle
                0x0000000020000758        0x4 Output/PID with CCM Debug/Obj/Encoder.o
 .bss.g_pfcbEncReady
                0x000000002000075c        0x4 Output/PID with CCM Debug/Obj/Encoder.o
 .bss.libc.__user_format_extender
                0x0000000020000760        0x4 C:/Program Files/SEGGER/SEGGER Embedded Studio for ARM 4.30c/lib/libc_v7em_fpv5_sp_d16_hard_t_le_eabi.a(libc2.o)
                0x0000000020000760                __user_format_extender
 .bss.g_aTimerIrqHandle
                0x0000000020000764       0x38 ../../../../StdLib/Release/STM32F722/TIMER_LIB.a(Timer.o)
 *(COMMON)
                0x000000002000079c                __bss_end__ = (__bss_start__ + SIZEOF (.bss))
                0x0000000000000794                __bss_size__ = SIZEOF (.bss)
                0x000000002000079c                __bss_load_end__ = __bss_end__
                0x0000000000000001                . = ASSERT (((__bss_start__ == __bss_end__) || ((__bss_end__ - __RAM_segment_start__) <= __RAM_segment_size__)), error: .bss is too large to fit in RAM memory segment)
                0x000000002000079c                __tbss_load_start__ = ALIGN (__bss_end__, 0x4)

.tbss           0x000000002000079c        0x4
                0x000000002000079c                __tbss_start__ = .
 *(.tbss .tbss.*)
 .tbss.errno_val
                0x000000002000079c        0x4 C:/Program Files/SEGGER/SEGGER Embedded Studio for ARM 4.30c/lib/libc_v7em_fpv5_sp_d16_hard_t_le_eabi.a(libc2.o)
                0x00000000200007a0                __tbss_end__ = (__tbss_start__ + SIZEOF (.tbss))
                0x0000000000000004                __tbss_size__ = SIZEOF (.tbss)
                0x00000000200007a0                __tbss_load_end__ = __tbss_end__
                0x0000000000000001                . = ASSERT (((__tbss_start__ == __tbss_end__) || ((__tbss_end__ - __RAM_segment_start__) <= __RAM_segment_size__)), error: .tbss is too large to fit in RAM memory segment)
                0x00000000200007a0                __non_init_load_start__ = ALIGN (__tbss_end__, 0x4)

.non_init       0x00000000200007a0        0x0
                0x00000000200007a0                __non_init_start__ = .
 *(.non_init .non_init.*)
                0x00000000200007a0                __non_init_end__ = (__non_init_start__ + SIZEOF (.non_init))
                0x0000000000000000                __non_init_size__ = SIZEOF (.non_init)
                0x00000000200007a0                __non_init_load_end__ = __non_init_end__
                0x0000000000000001                . = ASSERT (((__non_init_start__ == __non_init_end__) || ((__non_init_end__ - __RAM_segment_start__) <= __RAM_segment_size__)), error: .non_init is too large to fit in RAM memory segment)
                0x00000000200007a0                __heap_load_start__ = ALIGN (__non_init_end__, 0x4)

.heap           0x00000000200007a0      0x200
                0x00000000200007a0                __heap_start__ = .
 *(.heap .heap.*)
                0x00000000200009a0                . = ALIGN (MAX ((__heap_start__ + __HEAPSIZE__), .), 0x4)
 *fill*         0x00000000200007a0      0x200 
                0x00000000200009a0                __heap_end__ = (__heap_start__ + SIZEOF (.heap))
                0x0000000000000200                __heap_size__ = SIZEOF (.heap)
                0x00000000200009a0                __heap_load_end__ = __heap_end__
                0x0000000000000001                . = ASSERT (((__heap_start__ == __heap_end__) || ((__heap_end__ - __RAM_segment_start__) <= __RAM_segment_size__)), error: .heap is too large to fit in RAM memory segment)
                0x000000002001f800                __stack_load_start__ = (__RAM_segment_start__ + (__RAM_segment_size__ - 0x800))

.stack          0x000000002001f800      0x400
                0x000000002001f800                __stack_start__ = .
 *(.stack .stack.*)
                0x000000002001fc00                . = ALIGN (MAX ((__stack_start__ + __STACKSIZE__), .), 0x8)
 *fill*         0x000000002001f800      0x400 
                0x000000002001fc00                __stack_end__ = (__stack_start__ + SIZEOF (.stack))
                0x0000000000000400                __stack_size__ = SIZEOF (.stack)
                0x000000002001fc00                __stack_load_end__ = __stack_end__
                0x0000000000000001                . = ASSERT (((__stack_start__ == __stack_end__) || ((__stack_end__ - __RAM_segment_start__) <= __RAM_segment_size__)), error: .stack is too large to fit in RAM memory segment)
                0x0000000000000001                . = ASSERT ((__heap_end__ <= __stack_start__), error: section .heap overlaps absolute placed section .stack)
                0x000000002001fc00                __stack_process_load_start__ = ALIGN (__stack_end__, 0x8)

.stack_process  0x000000002001fc00      0x400
                0x000000002001fc00                __stack_process_start__ = .
 *(.stack_process .stack_process.*)
                0x0000000020020000                . = ALIGN (MAX ((__stack_process_start__ + __STACKSIZE_PROCESS__), .), 0x8)
 *fill*         0x000000002001fc00      0x400 
                0x0000000020020000                __stack_process_end__ = (__stack_process_start__ + SIZEOF (.stack_process))
                0x0000000000000400                __stack_process_size__ = SIZEOF (.stack_process)
                0x0000000020020000                __stack_process_load_end__ = __stack_process_end__
                0x0000000020020000                __RAM_segment_used_end__ = (ALIGN (__stack_end__, 0x8) + SIZEOF (.stack_process))
                0x0000000000020000                __RAM_segment_used_size__ = (__RAM_segment_used_end__ - __RAM_segment_start__)
                0x0000000000000001                . = ASSERT (((__stack_process_start__ == __stack_process_end__) || ((__stack_process_end__ - __RAM_segment_start__) <= __RAM_segment_size__)), error: .stack_process is too large to fit in RAM memory segment)
START GROUP
LOAD Output/PID with CCM Debug/Obj/system_stm32f7xx.o
LOAD Output/PID with CCM Debug/Obj/BSP.o
LOAD ../../../../StdLib/Release/STM32F722/TIMER_LIB.a
LOAD Output/PID with CCM Debug/Obj/IRQ.o
LOAD Output/PID with CCM Debug/Obj/Hal.o
LOAD ../../../../StdLib/Release/STM32F722/PWM_LIB.a
LOAD Output/PID with CCM Debug/Obj/Clock.o
LOAD Output/PID with CCM Debug/Obj/motors.o
LOAD Output/PID with CCM Debug/Obj/Ccm.o
LOAD Output/PID with CCM Debug/Obj/SEGGER_RTT.o
LOAD Output/PID with CCM Debug/Obj/SEGGER_RTT_Syscalls_SES.o
LOAD Output/PID with CCM Debug/Obj/main.o
LOAD Output/PID with CCM Debug/Obj/Encoder.o
LOAD ../../../../StdLib/Release/STM32F722/PID_LIB.a
LOAD Output/PID with CCM Debug/Obj/STM32F7x5_v1r1_Vectors.o
LOAD Output/PID with CCM Debug/Obj/STM32F7xx_Startup.o
LOAD Output/PID with CCM Debug/Obj/thumb_crt0.o
LOAD C:/Program Files/SEGGER/SEGGER Embedded Studio for ARM 4.30c/lib/libdebugio_mempoll_v7em_fpv5_sp_d16_hard_t_le_eabi.a
LOAD C:/Program Files/SEGGER/SEGGER Embedded Studio for ARM 4.30c/lib/libm_v7em_fpv5_sp_d16_hard_t_le_eabi.a
LOAD C:/Program Files/SEGGER/SEGGER Embedded Studio for ARM 4.30c/lib/libc_v7em_fpv5_sp_d16_hard_t_le_eabi.a
LOAD C:/Program Files/SEGGER/SEGGER Embedded Studio for ARM 4.30c/lib/libcpp_v7em_fpv5_sp_d16_hard_t_le_eabi.a
LOAD C:/Program Files/SEGGER/SEGGER Embedded Studio for ARM 4.30c/lib/libdebugio_v7em_fpv5_sp_d16_hard_t_le_eabi.a
LOAD C:/Program Files/SEGGER/SEGGER Embedded Studio for ARM 4.30c/lib/libvfprintf_v7em_fpv5_sp_d16_hard_t_le_eabi.o
LOAD C:/Program Files/SEGGER/SEGGER Embedded Studio for ARM 4.30c/lib/libvfscanf_v7em_fpv5_sp_d16_hard_t_le_eabi.o
END GROUP
OUTPUT(Output/Debug/Exe/PID with CCM.elf elf32-littlearm)

.debug_frame    0x0000000000000000      0xf50
 .debug_frame   0x0000000000000000       0x44 Output/PID with CCM Debug/Obj/system_stm32f7xx.o
 .debug_frame   0x0000000000000044       0x48 Output/PID with CCM Debug/Obj/BSP.o
 .debug_frame   0x000000000000008c       0x90 Output/PID with CCM Debug/Obj/IRQ.o
 .debug_frame   0x000000000000011c       0x20 Output/PID with CCM Debug/Obj/Hal.o
 .debug_frame   0x000000000000013c       0x44 Output/PID with CCM Debug/Obj/Clock.o
 .debug_frame   0x0000000000000180      0x568 Output/PID with CCM Debug/Obj/motors.o
 .debug_frame   0x00000000000006e8      0x100 Output/PID with CCM Debug/Obj/Ccm.o
 .debug_frame   0x00000000000007e8      0x478 Output/PID with CCM Debug/Obj/SEGGER_RTT.o
 .debug_frame   0x0000000000000c60       0xc4 Output/PID with CCM Debug/Obj/SEGGER_RTT_Syscalls_SES.o
 .debug_frame   0x0000000000000d24       0x9c Output/PID with CCM Debug/Obj/main.o
 .debug_frame   0x0000000000000dc0      0x190 Output/PID with CCM Debug/Obj/Encoder.o

.debug_info     0x0000000000000000     0xa719
 .debug_info    0x0000000000000000      0x736 Output/PID with CCM Debug/Obj/system_stm32f7xx.o
 .debug_info    0x0000000000000736      0xcf1 Output/PID with CCM Debug/Obj/BSP.o
 .debug_info    0x0000000000001427      0x820 Output/PID with CCM Debug/Obj/IRQ.o
 .debug_info    0x0000000000001c47      0x94c Output/PID with CCM Debug/Obj/Hal.o
 .debug_info    0x0000000000002593      0xa14 Output/PID with CCM Debug/Obj/Clock.o
 .debug_info    0x0000000000002fa7     0x1d31 Output/PID with CCM Debug/Obj/motors.o
 .debug_info    0x0000000000004cd8      0xe94 Output/PID with CCM Debug/Obj/Ccm.o
 .debug_info    0x0000000000005b6c     0x1c5e Output/PID with CCM Debug/Obj/SEGGER_RTT.o
 .debug_info    0x00000000000077ca      0xa42 Output/PID with CCM Debug/Obj/SEGGER_RTT_Syscalls_SES.o
 .debug_info    0x000000000000820c     0x16f3 Output/PID with CCM Debug/Obj/main.o
 .debug_info    0x00000000000098ff      0xdac Output/PID with CCM Debug/Obj/Encoder.o
 .debug_info    0x000000000000a6ab       0x26 Output/PID with CCM Debug/Obj/STM32F7x5_v1r1_Vectors.o
 .debug_info    0x000000000000a6d1       0x26 Output/PID with CCM Debug/Obj/STM32F7xx_Startup.o
 .debug_info    0x000000000000a6f7       0x22 Output/PID with CCM Debug/Obj/thumb_crt0.o

.debug_abbrev   0x0000000000000000     0x17b5
 .debug_abbrev  0x0000000000000000      0x152 Output/PID with CCM Debug/Obj/system_stm32f7xx.o
 .debug_abbrev  0x0000000000000152      0x237 Output/PID with CCM Debug/Obj/BSP.o
 .debug_abbrev  0x0000000000000389      0x18b Output/PID with CCM Debug/Obj/IRQ.o
 .debug_abbrev  0x0000000000000514      0x14a Output/PID with CCM Debug/Obj/Hal.o
 .debug_abbrev  0x000000000000065e      0x1b6 Output/PID with CCM Debug/Obj/Clock.o
 .debug_abbrev  0x0000000000000814      0x28f Output/PID with CCM Debug/Obj/motors.o
 .debug_abbrev  0x0000000000000aa3      0x243 Output/PID with CCM Debug/Obj/Ccm.o
 .debug_abbrev  0x0000000000000ce6      0x2bb Output/PID with CCM Debug/Obj/SEGGER_RTT.o
 .debug_abbrev  0x0000000000000fa1      0x21a Output/PID with CCM Debug/Obj/SEGGER_RTT_Syscalls_SES.o
 .debug_abbrev  0x00000000000011bb      0x321 Output/PID with CCM Debug/Obj/main.o
 .debug_abbrev  0x00000000000014dc      0x29f Output/PID with CCM Debug/Obj/Encoder.o
 .debug_abbrev  0x000000000000177b       0x14 Output/PID with CCM Debug/Obj/STM32F7x5_v1r1_Vectors.o
 .debug_abbrev  0x000000000000178f       0x14 Output/PID with CCM Debug/Obj/STM32F7xx_Startup.o
 .debug_abbrev  0x00000000000017a3       0x12 Output/PID with CCM Debug/Obj/thumb_crt0.o

.debug_loc      0x0000000000000000     0x3469
 .debug_loc     0x0000000000000000      0x16c Output/PID with CCM Debug/Obj/system_stm32f7xx.o
 .debug_loc     0x000000000000016c       0xba Output/PID with CCM Debug/Obj/BSP.o
 .debug_loc     0x0000000000000226       0x15 Output/PID with CCM Debug/Obj/IRQ.o
 .debug_loc     0x000000000000023b      0x155 Output/PID with CCM Debug/Obj/Clock.o
 .debug_loc     0x0000000000000390      0x655 Output/PID with CCM Debug/Obj/motors.o
 .debug_loc     0x00000000000009e5      0x5d2 Output/PID with CCM Debug/Obj/Ccm.o
 .debug_loc     0x0000000000000fb7     0x1da3 Output/PID with CCM Debug/Obj/SEGGER_RTT.o
 .debug_loc     0x0000000000002d5a       0xd0 Output/PID with CCM Debug/Obj/SEGGER_RTT_Syscalls_SES.o
 .debug_loc     0x0000000000002e2a      0x132 Output/PID with CCM Debug/Obj/main.o
 .debug_loc     0x0000000000002f5c      0x50d Output/PID with CCM Debug/Obj/Encoder.o

.debug_pubnames
                0x0000000000000000     0x1455
 .debug_pubnames
                0x0000000000000000       0x73 Output/PID with CCM Debug/Obj/system_stm32f7xx.o
 .debug_pubnames
                0x0000000000000073       0x72 Output/PID with CCM Debug/Obj/BSP.o
 .debug_pubnames
                0x00000000000000e5       0xb7 Output/PID with CCM Debug/Obj/IRQ.o
 .debug_pubnames
                0x000000000000019c       0x1f Output/PID with CCM Debug/Obj/Hal.o
 .debug_pubnames
                0x00000000000001bb       0x37 Output/PID with CCM Debug/Obj/Clock.o
 .debug_pubnames
                0x00000000000001f2      0x322 Output/PID with CCM Debug/Obj/motors.o
 .debug_pubnames
                0x0000000000000514       0xf2 Output/PID with CCM Debug/Obj/Ccm.o
 .debug_pubnames
                0x0000000000000606      0x3dc Output/PID with CCM Debug/Obj/SEGGER_RTT.o
 .debug_pubnames
                0x00000000000009e2       0x42 Output/PID with CCM Debug/Obj/SEGGER_RTT_Syscalls_SES.o
 .debug_pubnames
                0x0000000000000a24      0x80a Output/PID with CCM Debug/Obj/main.o
 .debug_pubnames
                0x000000000000122e      0x227 Output/PID with CCM Debug/Obj/Encoder.o

.debug_pubtypes
                0x0000000000000000     0x14a3
 .debug_pubtypes
                0x0000000000000000       0xe1 Output/PID with CCM Debug/Obj/system_stm32f7xx.o
 .debug_pubtypes
                0x00000000000000e1      0x1b8 Output/PID with CCM Debug/Obj/BSP.o
 .debug_pubtypes
                0x0000000000000299      0x1aa Output/PID with CCM Debug/Obj/IRQ.o
 .debug_pubtypes
                0x0000000000000443      0x1ba Output/PID with CCM Debug/Obj/Hal.o
 .debug_pubtypes
                0x00000000000005fd      0x1cb Output/PID with CCM Debug/Obj/Clock.o
 .debug_pubtypes
                0x00000000000007c8      0x21c Output/PID with CCM Debug/Obj/motors.o
 .debug_pubtypes
                0x00000000000009e4      0x210 Output/PID with CCM Debug/Obj/Ccm.o
 .debug_pubtypes
                0x0000000000000bf4      0x178 Output/PID with CCM Debug/Obj/SEGGER_RTT.o
 .debug_pubtypes
                0x0000000000000d6c      0x1e9 Output/PID with CCM Debug/Obj/SEGGER_RTT_Syscalls_SES.o
 .debug_pubtypes
                0x0000000000000f55      0x2d4 Output/PID with CCM Debug/Obj/main.o
 .debug_pubtypes
                0x0000000000001229      0x27a Output/PID with CCM Debug/Obj/Encoder.o

.debug_aranges  0x0000000000000000      0x5b0
 .debug_aranges
                0x0000000000000000       0x28 Output/PID with CCM Debug/Obj/system_stm32f7xx.o
 .debug_aranges
                0x0000000000000028       0x28 Output/PID with CCM Debug/Obj/BSP.o
 .debug_aranges
                0x0000000000000050       0x58 Output/PID with CCM Debug/Obj/IRQ.o
 .debug_aranges
                0x00000000000000a8       0x20 Output/PID with CCM Debug/Obj/Hal.o
 .debug_aranges
                0x00000000000000c8       0x28 Output/PID with CCM Debug/Obj/Clock.o
 .debug_aranges
                0x00000000000000f0      0x138 Output/PID with CCM Debug/Obj/motors.o
 .debug_aranges
                0x0000000000000228       0x60 Output/PID with CCM Debug/Obj/Ccm.o
 .debug_aranges
                0x0000000000000288      0x110 Output/PID with CCM Debug/Obj/SEGGER_RTT.o
 .debug_aranges
                0x0000000000000398       0x38 Output/PID with CCM Debug/Obj/SEGGER_RTT_Syscalls_SES.o
 .debug_aranges
                0x00000000000003d0       0x40 Output/PID with CCM Debug/Obj/main.o
 .debug_aranges
                0x0000000000000410       0x80 Output/PID with CCM Debug/Obj/Encoder.o
 .debug_aranges
                0x0000000000000490       0x20 Output/PID with CCM Debug/Obj/STM32F7x5_v1r1_Vectors.o
 .debug_aranges
                0x00000000000004b0       0x20 Output/PID with CCM Debug/Obj/STM32F7xx_Startup.o
 .debug_aranges
                0x00000000000004d0       0xe0 Output/PID with CCM Debug/Obj/thumb_crt0.o

.debug_ranges   0x0000000000000000      0x558
 .debug_ranges  0x0000000000000000       0x18 Output/PID with CCM Debug/Obj/system_stm32f7xx.o
 .debug_ranges  0x0000000000000018       0x18 Output/PID with CCM Debug/Obj/BSP.o
 .debug_ranges  0x0000000000000030       0x48 Output/PID with CCM Debug/Obj/IRQ.o
 .debug_ranges  0x0000000000000078       0x10 Output/PID with CCM Debug/Obj/Hal.o
 .debug_ranges  0x0000000000000088       0x18 Output/PID with CCM Debug/Obj/Clock.o
 .debug_ranges  0x00000000000000a0      0x128 Output/PID with CCM Debug/Obj/motors.o
 .debug_ranges  0x00000000000001c8       0x50 Output/PID with CCM Debug/Obj/Ccm.o
 .debug_ranges  0x0000000000000218      0x1a0 Output/PID with CCM Debug/Obj/SEGGER_RTT.o
 .debug_ranges  0x00000000000003b8       0x28 Output/PID with CCM Debug/Obj/SEGGER_RTT_Syscalls_SES.o
 .debug_ranges  0x00000000000003e0       0x30 Output/PID with CCM Debug/Obj/main.o
 .debug_ranges  0x0000000000000410       0x70 Output/PID with CCM Debug/Obj/Encoder.o
 .debug_ranges  0x0000000000000480       0xd8 Output/PID with CCM Debug/Obj/thumb_crt0.o

.debug_macro    0x0000000000000000    0x18efd
 .debug_macro   0x0000000000000000       0x93 Output/PID with CCM Debug/Obj/system_stm32f7xx.o
 .debug_macro   0x0000000000000093      0xae4 Output/PID with CCM Debug/Obj/system_stm32f7xx.o
 .debug_macro   0x0000000000000b77       0x2e Output/PID with CCM Debug/Obj/system_stm32f7xx.o
 .debug_macro   0x0000000000000ba5       0x3b Output/PID with CCM Debug/Obj/system_stm32f7xx.o
 .debug_macro   0x0000000000000be0      0x1a3 Output/PID with CCM Debug/Obj/system_stm32f7xx.o
 .debug_macro   0x0000000000000d83       0x35 Output/PID with CCM Debug/Obj/system_stm32f7xx.o
 .debug_macro   0x0000000000000db8       0x50 Output/PID with CCM Debug/Obj/system_stm32f7xx.o
 .debug_macro   0x0000000000000e08     0x1114 Output/PID with CCM Debug/Obj/system_stm32f7xx.o
 .debug_macro   0x0000000000001f1c    0x153a7 Output/PID with CCM Debug/Obj/system_stm32f7xx.o
 .debug_macro   0x00000000000172c3       0x43 Output/PID with CCM Debug/Obj/system_stm32f7xx.o
 .debug_macro   0x0000000000017306       0xe4 Output/PID with CCM Debug/Obj/BSP.o
 .debug_macro   0x00000000000173ea       0x89 Output/PID with CCM Debug/Obj/BSP.o
 .debug_macro   0x0000000000017473       0x78 Output/PID with CCM Debug/Obj/BSP.o
 .debug_macro   0x00000000000174eb       0x28 Output/PID with CCM Debug/Obj/BSP.o
 .debug_macro   0x0000000000017513       0x22 Output/PID with CCM Debug/Obj/BSP.o
 .debug_macro   0x0000000000017535       0x3b Output/PID with CCM Debug/Obj/BSP.o
 .debug_macro   0x0000000000017570       0x52 Output/PID with CCM Debug/Obj/BSP.o
 .debug_macro   0x00000000000175c2      0x1e8 Output/PID with CCM Debug/Obj/BSP.o
 .debug_macro   0x00000000000177aa       0x4c Output/PID with CCM Debug/Obj/BSP.o
 .debug_macro   0x00000000000177f6       0xc8 Output/PID with CCM Debug/Obj/IRQ.o
 .debug_macro   0x00000000000178be       0xc7 Output/PID with CCM Debug/Obj/Hal.o
 .debug_macro   0x0000000000017985       0xc8 Output/PID with CCM Debug/Obj/Clock.o
 .debug_macro   0x0000000000017a4d       0xed Output/PID with CCM Debug/Obj/motors.o
 .debug_macro   0x0000000000017b3a      0x4cd Output/PID with CCM Debug/Obj/motors.o
 .debug_macro   0x0000000000018007       0x1c Output/PID with CCM Debug/Obj/motors.o
 .debug_macro   0x0000000000018023       0x82 Output/PID with CCM Debug/Obj/motors.o
 .debug_macro   0x00000000000180a5      0x142 Output/PID with CCM Debug/Obj/Ccm.o
 .debug_macro   0x00000000000181e7       0x22 Output/PID with CCM Debug/Obj/Ccm.o
 .debug_macro   0x0000000000018209       0xac Output/PID with CCM Debug/Obj/SEGGER_RTT.o
 .debug_macro   0x00000000000182b5       0x48 Output/PID with CCM Debug/Obj/SEGGER_RTT.o
 .debug_macro   0x00000000000182fd       0x2e Output/PID with CCM Debug/Obj/SEGGER_RTT.o
 .debug_macro   0x000000000001832b      0x115 Output/PID with CCM Debug/Obj/SEGGER_RTT.o
 .debug_macro   0x0000000000018440       0x8a Output/PID with CCM Debug/Obj/SEGGER_RTT_Syscalls_SES.o
 .debug_macro   0x00000000000184ca       0x72 Output/PID with CCM Debug/Obj/SEGGER_RTT_Syscalls_SES.o
 .debug_macro   0x000000000001853c       0x86 Output/PID with CCM Debug/Obj/SEGGER_RTT_Syscalls_SES.o
 .debug_macro   0x00000000000185c2       0xa6 Output/PID with CCM Debug/Obj/SEGGER_RTT_Syscalls_SES.o
 .debug_macro   0x0000000000018668       0xce Output/PID with CCM Debug/Obj/SEGGER_RTT_Syscalls_SES.o
 .debug_macro   0x0000000000018736      0x143 Output/PID with CCM Debug/Obj/main.o
 .debug_macro   0x0000000000018879       0x1c Output/PID with CCM Debug/Obj/main.o
 .debug_macro   0x0000000000018895       0x1c Output/PID with CCM Debug/Obj/main.o
 .debug_macro   0x00000000000188b1       0x6a Output/PID with CCM Debug/Obj/main.o
 .debug_macro   0x000000000001891b       0xda Output/PID with CCM Debug/Obj/Encoder.o
 .debug_macro   0x00000000000189f5      0x4da Output/PID with CCM Debug/Obj/Encoder.o
 .debug_macro   0x0000000000018ecf       0x2e Output/PID with CCM Debug/Obj/Encoder.o

.debug_line     0x0000000000000000     0x469a
 .debug_line    0x0000000000000000      0x2d2 Output/PID with CCM Debug/Obj/system_stm32f7xx.o
 .debug_line    0x00000000000002d2      0x3a0 Output/PID with CCM Debug/Obj/BSP.o
 .debug_line    0x0000000000000672      0x313 Output/PID with CCM Debug/Obj/IRQ.o
 .debug_line    0x0000000000000985      0x696 Output/PID with CCM Debug/Obj/Hal.o
 .debug_line    0x000000000000101b      0x415 Output/PID with CCM Debug/Obj/Clock.o
 .debug_line    0x0000000000001430      0x7ce Output/PID with CCM Debug/Obj/motors.o
 .debug_line    0x0000000000001bfe      0x837 Output/PID with CCM Debug/Obj/Ccm.o
 .debug_line    0x0000000000002435      0xf4c Output/PID with CCM Debug/Obj/SEGGER_RTT.o
 .debug_line    0x0000000000003381      0x225 Output/PID with CCM Debug/Obj/SEGGER_RTT_Syscalls_SES.o
 .debug_line    0x00000000000035a6      0x557 Output/PID with CCM Debug/Obj/main.o
 .debug_line    0x0000000000003afd      0x70a Output/PID with CCM Debug/Obj/Encoder.o
 .debug_line    0x0000000000004207      0x117 Output/PID with CCM Debug/Obj/STM32F7x5_v1r1_Vectors.o
 .debug_line    0x000000000000431e       0xb4 Output/PID with CCM Debug/Obj/STM32F7xx_Startup.o
 .debug_line    0x00000000000043d2      0x2c8 Output/PID with CCM Debug/Obj/thumb_crt0.o

.debug_str      0x0000000000000000    0x885cc
 .debug_str     0x0000000000000000    0x825d0 Output/PID with CCM Debug/Obj/system_stm32f7xx.o
                                      0x82678 (size before relaxing)
 .debug_str     0x00000000000825d0     0x17e2 Output/PID with CCM Debug/Obj/BSP.o
                                      0x83d81 (size before relaxing)
 .debug_str     0x0000000000083db2      0x10a Output/PID with CCM Debug/Obj/IRQ.o
                                      0x82f29 (size before relaxing)
 .debug_str     0x0000000000083ebc       0x90 Output/PID with CCM Debug/Obj/Hal.o
                                      0x83b9c (size before relaxing)
 .debug_str     0x0000000000083f4c       0xb1 Output/PID with CCM Debug/Obj/Clock.o
                                      0x83024 (size before relaxing)
 .debug_str     0x0000000000083ffd     0x1956 Output/PID with CCM Debug/Obj/motors.o
                                      0x8538c (size before relaxing)
 .debug_str     0x0000000000085953      0x3d0 Output/PID with CCM Debug/Obj/Ccm.o
                                      0x83f05 (size before relaxing)
 .debug_str     0x0000000000085d23      0xe64 Output/PID with CCM Debug/Obj/SEGGER_RTT.o
                                       0x43ea (size before relaxing)
 .debug_str     0x0000000000086b87      0xc16 Output/PID with CCM Debug/Obj/SEGGER_RTT_Syscalls_SES.o
                                       0x4b67 (size before relaxing)
 .debug_str     0x000000000008779d      0x8da Output/PID with CCM Debug/Obj/main.o
                                      0x84ab2 (size before relaxing)
 .debug_str     0x0000000000088077      0x3f9 Output/PID with CCM Debug/Obj/Encoder.o
                                      0x84b46 (size before relaxing)
 .debug_str     0x0000000000088470       0x83 Output/PID with CCM Debug/Obj/STM32F7x5_v1r1_Vectors.o
                                         0xd9 (size before relaxing)
 .debug_str     0x00000000000884f3       0x70 Output/PID with CCM Debug/Obj/STM32F7xx_Startup.o
                                         0xd4 (size before relaxing)
 .debug_str     0x0000000000088563       0x69 Output/PID with CCM Debug/Obj/thumb_crt0.o
                                         0xcd (size before relaxing)

.comment        0x0000000000000000       0x43
 .comment       0x0000000000000000       0x43 Output/PID with CCM Debug/Obj/system_stm32f7xx.o
                                         0x44 (size before relaxing)
 .comment       0x0000000000000043       0x44 Output/PID with CCM Debug/Obj/BSP.o
 .comment       0x0000000000000043       0x44 Output/PID with CCM Debug/Obj/IRQ.o
 .comment       0x0000000000000043       0x44 Output/PID with CCM Debug/Obj/Hal.o
 .comment       0x0000000000000043       0x44 Output/PID with CCM Debug/Obj/Clock.o
 .comment       0x0000000000000043       0x44 Output/PID with CCM Debug/Obj/motors.o
 .comment       0x0000000000000043       0x44 Output/PID with CCM Debug/Obj/Ccm.o
 .comment       0x0000000000000043       0x44 Output/PID with CCM Debug/Obj/SEGGER_RTT.o
 .comment       0x0000000000000043       0x44 Output/PID with CCM Debug/Obj/SEGGER_RTT_Syscalls_SES.o
 .comment       0x0000000000000043       0x44 Output/PID with CCM Debug/Obj/main.o
 .comment       0x0000000000000043       0x44 Output/PID with CCM Debug/Obj/Encoder.o
 .comment       0x0000000000000043       0x44 ../../../../StdLib/Release/STM32F722/PID_LIB.a(PID.o)
 .comment       0x0000000000000043       0x44 C:/Program Files/SEGGER/SEGGER Embedded Studio for ARM 4.30c/lib/libc_v7em_fpv5_sp_d16_hard_t_le_eabi.a(libc2.o)
 .comment       0x0000000000000043       0x44 C:/Program Files/SEGGER/SEGGER Embedded Studio for ARM 4.30c/lib/libvfprintf_v7em_fpv5_sp_d16_hard_t_le_eabi.o
 .comment       0x0000000000000043       0x44 ../../../../StdLib/Release/STM32F722/TIMER_LIB.a(Timer.o)
 .comment       0x0000000000000043       0x44 ../../../../StdLib/Release/STM32F722/PWM_LIB.a(pwm.o)
 .comment       0x0000000000000043       0x44 C:/Program Files/SEGGER/SEGGER Embedded Studio for ARM 4.30c/lib/libm_v7em_fpv5_sp_d16_hard_t_le_eabi.a(libm2.o)

.ARM.attributes
                0x0000000000000000       0x37
 .ARM.attributes
                0x0000000000000000       0x39 Output/PID with CCM Debug/Obj/system_stm32f7xx.o
 .ARM.attributes
                0x0000000000000039       0x39 Output/PID with CCM Debug/Obj/BSP.o
 .ARM.attributes
                0x0000000000000072       0x39 Output/PID with CCM Debug/Obj/IRQ.o
 .ARM.attributes
                0x00000000000000ab       0x39 Output/PID with CCM Debug/Obj/Hal.o
 .ARM.attributes
                0x00000000000000e4       0x39 Output/PID with CCM Debug/Obj/Clock.o
 .ARM.attributes
                0x000000000000011d       0x39 Output/PID with CCM Debug/Obj/motors.o
 .ARM.attributes
                0x0000000000000156       0x39 Output/PID with CCM Debug/Obj/Ccm.o
 .ARM.attributes
                0x000000000000018f       0x39 Output/PID with CCM Debug/Obj/SEGGER_RTT.o
 .ARM.attributes
                0x00000000000001c8       0x39 Output/PID with CCM Debug/Obj/SEGGER_RTT_Syscalls_SES.o
 .ARM.attributes
                0x0000000000000201       0x39 Output/PID with CCM Debug/Obj/main.o
 .ARM.attributes
                0x000000000000023a       0x39 Output/PID with CCM Debug/Obj/Encoder.o
 .ARM.attributes
                0x0000000000000273       0x39 ../../../../StdLib/Release/STM32F722/PID_LIB.a(PID.o)
 .ARM.attributes
                0x00000000000002ac       0x25 Output/PID with CCM Debug/Obj/STM32F7x5_v1r1_Vectors.o
 .ARM.attributes
                0x00000000000002d1       0x25 Output/PID with CCM Debug/Obj/STM32F7xx_Startup.o
 .ARM.attributes
                0x00000000000002f6       0x25 Output/PID with CCM Debug/Obj/thumb_crt0.o
 .ARM.attributes
                0x000000000000031b       0x20 C:/Program Files/SEGGER/SEGGER Embedded Studio for ARM 4.30c/lib/libm_v7em_fpv5_sp_d16_hard_t_le_eabi.a(libm_asm.o)
 .ARM.attributes
                0x000000000000033b       0x34 C:/Program Files/SEGGER/SEGGER Embedded Studio for ARM 4.30c/lib/libc_v7em_fpv5_sp_d16_hard_t_le_eabi.a(libc2.o)
 .ARM.attributes
                0x000000000000036f       0x20 C:/Program Files/SEGGER/SEGGER Embedded Studio for ARM 4.30c/lib/libc_v7em_fpv5_sp_d16_hard_t_le_eabi.a(libc2_asm.o)
 .ARM.attributes
                0x000000000000038f       0x20 C:/Program Files/SEGGER/SEGGER Embedded Studio for ARM 4.30c/lib/libc_v7em_fpv5_sp_d16_hard_t_le_eabi.a(libc_asm.o)
 .ARM.attributes
                0x00000000000003af       0x34 C:/Program Files/SEGGER/SEGGER Embedded Studio for ARM 4.30c/lib/libvfprintf_v7em_fpv5_sp_d16_hard_t_le_eabi.o
 .ARM.attributes
                0x00000000000003e3       0x39 ../../../../StdLib/Release/STM32F722/TIMER_LIB.a(Timer.o)
 .ARM.attributes
                0x000000000000041c       0x39 ../../../../StdLib/Release/STM32F722/PWM_LIB.a(pwm.o)
 .ARM.attributes
                0x0000000000000455       0x34 C:/Program Files/SEGGER/SEGGER Embedded Studio for ARM 4.30c/lib/libm_v7em_fpv5_sp_d16_hard_t_le_eabi.a(libm2.o)
