Archive member included to satisfy reference by file (symbol)

../../../../StdLib/Release/STM32F722/DMA_LIB.a(dma.o)
                              Output/UWB Release/Obj/SPIM.o (DmaAddCallback)
C:/Program Files/SEGGER/SEGGER Embedded Studio for ARM 4.18/lib/libm_v7em_fpv5_sp_d16_hard_t_le_eabi.a(libm_asm.o)
                              Output/UWB Release/Obj/SPIM.o (__aeabi_i2d)
C:/Program Files/SEGGER/SEGGER Embedded Studio for ARM 4.18/lib/libm_v7em_fpv5_sp_d16_hard_t_le_eabi.a(libm2.o)
                              Output/UWB Release/Obj/imu.o (asinf)
C:/Program Files/SEGGER/SEGGER Embedded Studio for ARM 4.18/lib/libm_v7em_fpv5_sp_d16_hard_t_le_eabi.a(libm2_asm.o)
                              C:/Program Files/SEGGER/SEGGER Embedded Studio for ARM 4.18/lib/libm_v7em_fpv5_sp_d16_hard_t_le_eabi.a(libm2.o) (fabs)
C:/Program Files/SEGGER/SEGGER Embedded Studio for ARM 4.18/lib/libc_v7em_fpv5_sp_d16_hard_t_le_eabi.a(libc2.o)
                              Output/UWB Release/Obj/deca_device.o (abs)
C:/Program Files/SEGGER/SEGGER Embedded Studio for ARM 4.18/lib/libc_v7em_fpv5_sp_d16_hard_t_le_eabi.a(libc2_asm.o)
                              Output/UWB Release/Obj/deca_device.o (memcpy)
C:/Program Files/SEGGER/SEGGER Embedded Studio for ARM 4.18/lib/libc_v7em_fpv5_sp_d16_hard_t_le_eabi.a(libc_asm.o)
                              C:/Program Files/SEGGER/SEGGER Embedded Studio for ARM 4.18/lib/libc_v7em_fpv5_sp_d16_hard_t_le_eabi.a(libc2.o) (__aeabi_uldivmod)
C:/Program Files/SEGGER/SEGGER Embedded Studio for ARM 4.18/lib/libdebugio_v7em_fpv5_sp_d16_hard_t_le_eabi.a(libdebugio.o)
                              Output/UWB Release/Obj/thumb_crt0.o (debug_fopen)
../../../../StdLib/Release/STM32F722/TIMER_LIB.a(Timer.o)
                              Output/UWB Release/Obj/main.o (TimerInit)
../Lib/Common/Lib/GUI/GUI_GCC_CM7_R6.a(gui.o)
                              Output/UWB Release/Obj/main.o (GUI_Init)
../Lib/Common/Lib/GUI/GUI_GCC_CM7_R6.a(Font_Console10.o)
                              ../Lib/Common/Lib/GUI/GUI_GCC_CM7_R6.a(gui.o) (GUI_CONSOLE10_FONT)
C:/Program Files/SEGGER/SEGGER Embedded Studio for ARM 4.18/lib/libdebugio_mempoll_v7em_fpv5_sp_d16_hard_t_le_eabi.a(mempoll_debug_operations.o)
                              C:/Program Files/SEGGER/SEGGER Embedded Studio for ARM 4.18/lib/libdebugio_v7em_fpv5_sp_d16_hard_t_le_eabi.a(libdebugio.o) (__do_debug_operation)
C:/Program Files/SEGGER/SEGGER Embedded Studio for ARM 4.18/lib/libdebugio_mempoll_v7em_fpv5_sp_d16_hard_t_le_eabi.a(do_nv_debug_operation.o)
                              C:/Program Files/SEGGER/SEGGER Embedded Studio for ARM 4.18/lib/libdebugio_v7em_fpv5_sp_d16_hard_t_le_eabi.a(libdebugio.o) (__do_nvdebug_operation)

Discarded input sections

 .text          0x0000000000000000        0x0 Output/UWB Release/Obj/system_stm32f7xx.o
 .data          0x0000000000000000        0x0 Output/UWB Release/Obj/system_stm32f7xx.o
 .bss           0x0000000000000000        0x0 Output/UWB Release/Obj/system_stm32f7xx.o
 .rodata.APBPrescTable
                0x0000000000000000        0x8 Output/UWB Release/Obj/system_stm32f7xx.o
 .text          0x0000000000000000        0x0 Output/UWB Release/Obj/BSP.o
 .data          0x0000000000000000        0x0 Output/UWB Release/Obj/BSP.o
 .bss           0x0000000000000000        0x0 Output/UWB Release/Obj/BSP.o
 .text          0x0000000000000000        0x0 Output/UWB Release/Obj/IRQ.o
 .data          0x0000000000000000        0x0 Output/UWB Release/Obj/IRQ.o
 .bss           0x0000000000000000        0x0 Output/UWB Release/Obj/IRQ.o
 .text          0x0000000000000000        0x0 Output/UWB Release/Obj/Clock.o
 .data          0x0000000000000000        0x0 Output/UWB Release/Obj/Clock.o
 .bss           0x0000000000000000        0x0 Output/UWB Release/Obj/Clock.o
 .text.ClockSetWaitStates
                0x0000000000000000       0xb0 Output/UWB Release/Obj/Clock.o
 .text          0x0000000000000000        0x0 Output/UWB Release/Obj/Hal.o
 .data          0x0000000000000000        0x0 Output/UWB Release/Obj/Hal.o
 .bss           0x0000000000000000        0x0 Output/UWB Release/Obj/Hal.o
 .text          0x0000000000000000        0x0 Output/UWB Release/Obj/SPIM.o
 .data          0x0000000000000000        0x0 Output/UWB Release/Obj/SPIM.o
 .bss           0x0000000000000000        0x0 Output/UWB Release/Obj/SPIM.o
 .text          0x0000000000000000        0x0 ../../../../StdLib/Release/STM32F722/DMA_LIB.a(dma.o)
 .data          0x0000000000000000        0x0 ../../../../StdLib/Release/STM32F722/DMA_LIB.a(dma.o)
 .bss           0x0000000000000000        0x0 ../../../../StdLib/Release/STM32F722/DMA_LIB.a(dma.o)
 .text.DmaStop  0x0000000000000000        0xc ../../../../StdLib/Release/STM32F722/DMA_LIB.a(dma.o)
 .text.dma_IRQHandler
                0x0000000000000000       0xc8 ../../../../StdLib/Release/STM32F722/DMA_LIB.a(dma.o)
 .text          0x0000000000000000        0x0 Output/UWB Release/Obj/LCD_ST7735R.o
[...]
Memory Configuration

Name             Origin             Length             Attributes
UNPLACED_SECTIONS 0x0000000100000000 0x0000000000000000 xw
RAM2             0x0000000020020000 0x0000000000060000 xw
RAM              0x0000000020000000 0x0000000000020000 xw
FLASH            0x0000000008000000 0x0000000000200000 xr
FLASH2           0x0000000000200000 0x0000000000200000 xr
*default*        0x0000000000000000 0xffffffffffffffff

Linker script and memory map

                0x0000000008007558                __vfprintf = __vfprintf_float_long
                0x0000000000000000                __vfscanf = __vfscanf_float_long
                0x0000000020020000                __RAM2_segment_start__ = 0x20020000
                0x0000000020080000                __RAM2_segment_end__ = 0x20080000
                0x0000000000060000                __RAM2_segment_size__ = 0x60000
                0x0000000020000000                __RAM_segment_start__ = 0x20000000
                0x0000000020020000                __RAM_segment_end__ = 0x20020000
                0x0000000000020000                __RAM_segment_size__ = 0x20000
                0x0000000008000000                __FLASH_segment_start__ = 0x8000000
                0x0000000008200000                __FLASH_segment_end__ = 0x8200000
                0x0000000000200000                __FLASH_segment_size__ = 0x200000
                0x0000000000200000                __FLASH2_segment_start__ = 0x200000
                0x0000000000400000                __FLASH2_segment_end__ = 0x400000
                0x0000000000200000                __FLASH2_segment_size__ = 0x200000
                0x0000000000000100                __HEAPSIZE__ = 0x100
                0x0000000000000000                __STACKSIZE_PROCESS__ = 0x0
                0x0000000000000100                __STACKSIZE__ = 0x100
                0x0000000000200000                __text2_load_start__ = ALIGN (__FLASH2_segment_start__, 0x4)

.text2          0x0000000000200000        0x0
                0x0000000000200000                __text2_start__ = .
 *(.text2 .text2.*)
                0x0000000000200000                __text2_end__ = (__text2_start__ + SIZEOF (.text2))
                0x0000000000000000                __text2_size__ = SIZEOF (.text2)
                0x0000000000200000                __text2_load_end__ = __text2_end__
                0x0000000000000001                . = ASSERT (((__text2_start__ == __text2_end__) || ((__text2_end__ - __FLASH2_segment_start__) <= __FLASH2_segment_size__)), error: .text2 is too large to fit in FLASH2 memory segment)
                0x0000000000200000                __rodata2_load_start__ = ALIGN (__text2_end__, 0x4)

.rodata2        0x0000000000200000        0x0
                0x0000000000200000                __rodata2_start__ = .
 *(.rodata2 .rodata2.*)
                0x0000000000200000                __rodata2_end__ = (__rodata2_start__ + SIZEOF (.rodata2))
                0x0000000000000000                __rodata2_size__ = SIZEOF (.rodata2)
                0x0000000000200000                __rodata2_load_end__ = __rodata2_end__
                0x0000000000000001                . = ASSERT (((__rodata2_start__ == __rodata2_end__) || ((__rodata2_end__ - __FLASH2_segment_start__) <= __FLASH2_segment_size__)), error: .rodata2 is too large to fit in FLASH2 memory segment)
                0x0000000000200000                __data2_load_start__ = ALIGN (__rodata2_end__, 0x4)

.data2          0x0000000020020000        0x0 load address 0x0000000000200000
                0x0000000020020000                __data2_start__ = .
 *(.data2 .data2.*)
                0x0000000020020000                __data2_end__ = (__data2_start__ + SIZEOF (.data2))
                0x0000000000000000                __data2_size__ = SIZEOF (.data2)
                0x0000000000200000                __data2_load_end__ = (__data2_load_start__ + SIZEOF (.data2))
                0x0000000000200000                __FLASH2_segment_used_end__ = (ALIGN (__rodata2_end__, 0x4) + SIZEOF (.data2))
                0x0000000000000000                __FLASH2_segment_used_size__ = (__FLASH2_segment_used_end__ - __FLASH2_segment_start__)
                0x0000000000000001                . = ASSERT (((__data2_load_start__ == __data2_load_end__) || ((__data2_load_end__ - __FLASH2_segment_start__) <= __FLASH2_segment_size__)), error: .data2 is too large to fit in FLASH2 memory segment)

.data2_run      0x0000000020020000        0x0
                0x0000000020020000                __data2_run_start__ = .
                0x0000000020020000                . = MAX ((__data2_run_start__ + SIZEOF (.data2)), .)
                0x0000000020020000                __data2_run_end__ = (__data2_run_start__ + SIZEOF (.data2_run))
                0x0000000000000000                __data2_run_size__ = SIZEOF (.data2_run)
                0x0000000020020000                __data2_run_load_end__ = __data2_run_end__
                0x0000000000000001                . = ASSERT (((__data2_run_start__ == __data2_run_end__) || ((__data2_run_end__ - __RAM2_segment_start__) <= __RAM2_segment_size__)), error: .data2_run is too large to fit in RAM2 memory segment)
                0x0000000020020000                __bss2_load_start__ = ALIGN (__data2_run_end__, 0x4)

.bss2           0x0000000020020000        0x0
                0x0000000020020000                __bss2_start__ = .
 *(.bss2 .bss2.*)
                0x0000000020020000                __bss2_end__ = (__bss2_start__ + SIZEOF (.bss2))
                0x0000000000000000                __bss2_size__ = SIZEOF (.bss2)
                0x0000000020020000                __bss2_load_end__ = __bss2_end__
                0x0000000020020000                __RAM2_segment_used_end__ = (ALIGN (__data2_run_end__, 0x4) + SIZEOF (.bss2))
                0x0000000000000000                __RAM2_segment_used_size__ = (__RAM2_segment_used_end__ - __RAM2_segment_start__)
                0x0000000000000001                . = ASSERT (((__bss2_start__ == __bss2_end__) || ((__bss2_end__ - __RAM2_segment_start__) <= __RAM2_segment_size__)), error: .bss2 is too large to fit in RAM2 memory segment)
                0x0000000020000000                __vectors_ram_load_start__ = ALIGN (__RAM_segment_start__, 0x100)

.vectors_ram    0x0000000020000000        0x0
                0x0000000020000000                __vectors_ram_start__ = .
 *(.vectors_ram .vectors_ram.*)
                0x0000000020000000                __vectors_ram_end__ = (__vectors_ram_start__ + SIZEOF (.vectors_ram))
                0x0000000000000000                __vectors_ram_size__ = SIZEOF (.vectors_ram)
                0x0000000020000000                __vectors_ram_load_end__ = __vectors_ram_end__
                0x0000000000000001                . = ASSERT (((__vectors_ram_start__ == __vectors_ram_end__) || ((__vectors_ram_end__ - __RAM_segment_start__) <= __RAM_segment_size__)), error: .vectors_ram is too large to fit in RAM memory segment)
                0x0000000008000000                __vectors_load_start__ = ALIGN (__FLASH_segment_start__, 0x100)

.vectors        0x0000000008000000      0x1f8
                0x0000000008000000                __vectors_start__ = .
 *(.vectors .vectors.*)
 .vectors       0x0000000008000000      0x1f8 Output/UWB Release/Obj/STM32F7x5_v1r1_Vectors.o
                0x0000000008000000                _vectors
                0x00000000080001f8                __vectors_end__ = (__vectors_start__ + SIZEOF (.vectors))
                0x00000000000001f8                __vectors_size__ = SIZEOF (.vectors)
                0x00000000080001f8                __vectors_load_end__ = __vectors_end__
                0x0000000000000001                . = ASSERT (((__vectors_start__ == __vectors_end__) || ((__vectors_end__ - __FLASH_segment_start__) <= __FLASH_segment_size__)), error: .vectors is too large to fit in FLASH memory segment)
                0x00000000080001f8                __init_load_start__ = ALIGN (__vectors_end__, 0x4)

.init           0x00000000080001f8      0x264
                0x00000000080001f8                __init_start__ = .
 *(.init .init.*)
 .init          0x00000000080001f8       0xe4 Output/UWB Release/Obj/STM32F7x5_v1r1_Vectors.o
                0x00000000080001f8                NMI_Handler
                0x00000000080001fc                SVC_Handler
                0x00000000080001fe                PendSV_Handler
                0x0000000008000204                WWDG_IRQHandler
                0x0000000008000206                PVD_IRQHandler
                0x0000000008000208                TAMP_STAMP_IRQHandler
                0x000000000800020a                RTC_WKUP_IRQHandler
                0x000000000800020c                FLASH_IRQHandler
                0x000000000800020e                RCC_IRQHandler
                0x0000000008000228                ADC_IRQHandler
                0x000000000800022a                CAN1_TX_IRQHandler
                0x000000000800022c                CAN1_RX0_IRQHandler
                0x000000000800022e                CAN1_RX1_IRQHandler
                0x0000000008000230                CAN1_SCE_IRQHandler
                0x000000000800023a                TIM1_CC_IRQHandler
                0x0000000008000244                I2C1_ER_IRQHandler
                0x0000000008000248                I2C2_ER_IRQHandler
                0x000000000800024e                USART1_IRQHandler
                0x0000000008000250                USART2_IRQHandler
                0x0000000008000252                USART3_IRQHandler
                0x0000000008000256                RTC_ALARM_IRQHandler
                0x0000000008000258                OTG_FS_WKUP_IRQHandler
                0x0000000008000260                TIM8_CC_IRQHandler
                0x0000000008000264                FMC_IRQHandler
                0x0000000008000266                SDMMC1_IRQHandler
                0x000000000800026c                UART4_IRQHandler
                0x000000000800026e                UART5_IRQHandler
                0x000000000800027e                ETH_IRQHandler
                0x0000000008000280                ETH_WKUP_IRQHandler
                0x0000000008000282                CAN2_TX_IRQHandler
                0x0000000008000284                CAN2_RX0_IRQHandler
                0x0000000008000286                CAN2_RX1_IRQHandler
                0x0000000008000288                CAN2_SCE_IRQHandler
                0x000000000800028a                OTG_FS_IRQHandler
                0x0000000008000292                USART6_IRQHandler
                0x0000000008000296                I2C3_ER_IRQHandler
                0x0000000008000298                OTG_HS_EP1_OUT_IRQHandler
                0x000000000800029a                OTG_HS_EP1_IN_IRQHandler
                0x000000000800029c                OTG_HS_WKUP_IRQHandler
                0x000000000800029e                OTG_HS_IRQHandler
                0x00000000080002a0                DCMI_IRQHandler
                0x00000000080002a2                RNG_IRQHandler
                0x00000000080002a4                FPU_IRQHandler
                0x00000000080002a6                UART7_IRQHandler
                0x00000000080002a8                UART8_IRQHandler
                0x00000000080002ae                SPI6_IRQHandler
                0x00000000080002b0                SAI1_IRQHandler
                0x00000000080002b2                LCD_TFT_IRQHandler
                0x00000000080002b4                LTDC_ER_IRQHandler
                0x00000000080002b6                DMA2D_IRQHandler
                0x00000000080002b8                SAI2_IRQHandler
                0x00000000080002ba                QUADSPI_IRQHandler
                0x00000000080002bc                LPTIM1_IRQHandler
                0x00000000080002be                CEC_IRQHandler
                0x00000000080002c0                I2C4_EV_IRQHandler
                0x00000000080002c2                I2C4_ER_IRQHandler
                0x00000000080002c4                SPDIF_RX_IRQHandler
                0x00000000080002c6                DFSDM1_FLT0_IRQHandler
                0x00000000080002c8                DFSDM1_FLT1_IRQHandler
                0x00000000080002ca                DFSDM1_FLT2_IRQHandler
                0x00000000080002cc                DFSDM1_FLT3_IRQHandler
                0x00000000080002ce                SDMMC2_IRQHandler
                0x00000000080002d0                CAN3_TX_IRQHandler
                0x00000000080002d2                CAN3_RX0_IRQHandler
                0x00000000080002d4                CAN3_RX1_IRQHandler
                0x00000000080002d6                CAN3_SCE_IRQHandler
                0x00000000080002d8                MDIOS_IRQHandler
 .init          0x00000000080002dc       0x28 Output/UWB Release/Obj/STM32F7xx_Startup.o
                0x00000000080002dc                Reset_Handler
 .init          0x0000000008000304      0x158 Output/UWB Release/Obj/thumb_crt0.o
                0x0000000008000304                _start
                0x00000000080003b6                exit
                0x000000000800045c                __init_end__ = (__init_start__ + SIZEOF (.init))
                0x0000000000000264                __init_size__ = SIZEOF (.init)
                0x000000000800045c                __init_load_end__ = __init_end__
                0x0000000000000001                . = ASSERT (((__init_start__ == __init_end__) || ((__init_end__ - __FLASH_segment_start__) <= __FLASH_segment_size__)), error: .init is too large to fit in FLASH memory segment)
                0x000000000800045c                __init_rodata_load_start__ = ALIGN (__init_end__, 0x4)

.init_rodata    0x000000000800045c        0x0
                0x000000000800045c                __init_rodata_start__ = .
 *(.init_rodata .init_rodata.*)
                0x000000000800045c                __init_rodata_end__ = (__init_rodata_start__ + SIZEOF (.init_rodata))
                0x0000000000000000                __init_rodata_size__ = SIZEOF (.init_rodata)
                0x000000000800045c                __init_rodata_load_end__ = __init_rodata_end__
                0x0000000000000001                . = ASSERT (((__init_rodata_start__ == __init_rodata_end__) || ((__init_rodata_end__ - __FLASH_segment_start__) <= __FLASH_segment_size__)), error: .init_rodata is too large to fit in FLASH memory segment)
                0x000000000800045c                __text_load_start__ = ALIGN (__init_rodata_end__, 0x4)

.text           0x000000000800045c     0x89c8
                0x000000000800045c                __text_start__ = .
 *(.text .text.* .glue_7t .glue_7 .gnu.linkonce.t.* .gcc_except_table .ARM.extab* .gnu.linkonce.armextab.*)
 .glue_7        0x000000000800045c        0x0 linker stubs
 .glue_7t       0x000000000800045c        0x0 linker stubs
 .text.SystemInit
                0x000000000800045c       0x50 Output/UWB Release/Obj/system_stm32f7xx.o
                0x000000000800045c                SystemInit
 .text.SystemCoreClockUpdate
                0x00000000080004ac       0x70 Output/UWB Release/Obj/system_stm32f7xx.o
                0x00000000080004ac                SystemCoreClockUpdate
 .text.BSPInit  0x000000000800051c       0xac Output/UWB Release/Obj/BSP.o
                0x000000000800051c                BSPInit
 .text.HardFault_Handler
                0x00000000080005c8       0x24 Output/UWB Release/Obj/BSP.o
                0x00000000080005c8                HardFault_Handler
 .text.IRQInit  0x00000000080005ec       0x2c Output/UWB Release/Obj/IRQ.o
                0x00000000080005ec                IRQInit
 .text.EXTI0_IRQHandler
                0x0000000008000618        0xc Output/UWB Release/Obj/IRQ.o
                0x0000000008000618                EXTI0_IRQHandler
 .text.EXTI1_IRQHandler
                0x0000000008000624        0xc Output/UWB Release/Obj/IRQ.o
                0x0000000008000624                EXTI1_IRQHandler
 .text.EXTI2_IRQHandler
                0x0000000008000630        0xc Output/UWB Release/Obj/IRQ.o
                0x0000000008000630                EXTI2_IRQHandler
 .text.EXTI3_IRQHandler
                0x000000000800063c        0xc Output/UWB Release/Obj/IRQ.o
                0x000000000800063c                EXTI3_IRQHandler
 .text.EXTI4_IRQHandler
                0x0000000008000648        0xc Output/UWB Release/Obj/IRQ.o
                0x0000000008000648                EXTI4_IRQHandler
 .text.EXTI9_5_IRQHandler
                0x0000000008000654       0x18 Output/UWB Release/Obj/IRQ.o
                0x0000000008000654                EXTI9_5_IRQHandler
 .text.EXTI15_10_IRQHandler
                0x000000000800066c        0xc Output/UWB Release/Obj/IRQ.o
                0x000000000800066c                EXTI15_10_IRQHandler
 .text.ClockInit
                0x0000000008000678       0xbc Output/UWB Release/Obj/Clock.o
                0x0000000008000678                ClockInit
 .text.PortInit
                0x0000000008000734      0x984 Output/UWB Release/Obj/Hal.o
                0x0000000008000734                PortInit
 .text.spi_cbDmaTxHalf
                0x00000000080010b8        0x4 Output/UWB Release/Obj/SPIM.o
 .text.spi_cbDmaRxComp
                0x00000000080010bc        0x8 Output/UWB Release/Obj/SPIM.o
 .text.spi_DmaRx
                0x00000000080010c4       0x74 Output/UWB Release/Obj/SPIM.o
 .text.spi_DmaTx
                0x0000000008001138       0x5c Output/UWB Release/Obj/SPIM.o
 .text.spi_cbDmaTxError
                0x0000000008001194        0x4 Output/UWB Release/Obj/SPIM.o
 .text.spi_cbDmaRxError
                0x0000000008001198        0x4 Output/UWB Release/Obj/SPIM.o
 .text.spi_cbDmaRxHalf
                0x000000000800119c        0x4 Output/UWB Release/Obj/SPIM.o
 .text.spi_cbDmaTxComp
                0x00000000080011a0        0x4 Output/UWB Release/Obj/SPIM.o
 .text.SpimInit
                0x00000000080011a4      0x230 Output/UWB Release/Obj/SPIM.o
                0x00000000080011a4                SpimInit
 .text.SpimLinkDMA
                0x00000000080013d4       0x48 Output/UWB Release/Obj/SPIM.o
                0x00000000080013d4                SpimLinkDMA
 .text.SpimSetDataSize
                0x000000000800141c       0xf8 Output/UWB Release/Obj/SPIM.o
                0x000000000800141c                SpimSetDataSize
 *fill*         0x0000000008001514        0x4 
 .text.SpimSetSpeed
                0x0000000008001518       0xf8 Output/UWB Release/Obj/SPIM.o
                0x0000000008001518                SpimSetSpeed
 .text.SpimAddCallbackTransferDone
                0x0000000008001610        0x4 Output/UWB Release/Obj/SPIM.o
                0x0000000008001610                SpimAddCallbackTransferDone
 .text.SpimTransfer
                0x0000000008001614       0x98 Output/UWB Release/Obj/SPIM.o
                0x0000000008001614                SpimTransfer
 .text.SPI1_IRQHandler
                0x00000000080016ac       0xa4 Output/UWB Release/Obj/SPIM.o
                0x00000000080016ac                SPI1_IRQHandler
 .text.SPI2_IRQHandler
                0x0000000008001750       0xa4 Output/UWB Release/Obj/SPIM.o
                0x0000000008001750                SPI2_IRQHandler
 .text.SPI3_IRQHandler
                0x00000000080017f4       0xa4 Output/UWB Release/Obj/SPIM.o
                0x00000000080017f4                SPI3_IRQHandler
 .text.SPI4_IRQHandler
                0x0000000008001898       0xa4 Output/UWB Release/Obj/SPIM.o
                0x0000000008001898                SPI4_IRQHandler
 .text.SPI5_IRQHandler
                0x000000000800193c       0xa4 Output/UWB Release/Obj/SPIM.o
                0x000000000800193c                SPI5_IRQHandler
 .text.DmaInit  0x00000000080019e0      0x124 ../../../../StdLib/Release/STM32F722/DMA_LIB.a(dma.o)
                0x00000000080019e0                DmaInit
 .text.DmaAddCallback
                0x0000000008001b04        0x8 ../../../../StdLib/Release/STM32F722/DMA_LIB.a(dma.o)
                0x0000000008001b04                DmaAddCallback
 .text.DmaStart
                0x0000000008001b0c       0x50 ../../../../StdLib/Release/STM32F722/DMA_LIB.a(dma.o)
                0x0000000008001b0c                DmaStart
 .text.DMA1_Stream0_IRQHandler
                0x0000000008001b5c       0xcc ../../../../StdLib/Release/STM32F722/DMA_LIB.a(dma.o)
                0x0000000008001b5c                DMA1_Stream0_IRQHandler
 .text.DMA1_Stream1_IRQHandler
                0x0000000008001c28       0xcc ../../../../StdLib/Release/STM32F722/DMA_LIB.a(dma.o)
                0x0000000008001c28                DMA1_Stream1_IRQHandler
 .text.DMA1_Stream2_IRQHandler
                0x0000000008001cf4       0xcc ../../../../StdLib/Release/STM32F722/DMA_LIB.a(dma.o)
                0x0000000008001cf4                DMA1_Stream2_IRQHandler
 .text.DMA1_Stream3_IRQHandler
                0x0000000008001dc0       0xcc ../../../../StdLib/Release/STM32F722/DMA_LIB.a(dma.o)
                0x0000000008001dc0                DMA1_Stream3_IRQHandler
 .text.DMA1_Stream4_IRQHandler
                0x0000000008001e8c       0xcc ../../../../StdLib/Release/STM32F722/DMA_LIB.a(dma.o)
                0x0000000008001e8c                DMA1_Stream4_IRQHandler
 .text.DMA1_Stream5_IRQHandler
                0x0000000008001f58       0xcc ../../../../StdLib/Release/STM32F722/DMA_LIB.a(dma.o)
                0x0000000008001f58                DMA1_Stream5_IRQHandler
 .text.DMA1_Stream6_IRQHandler
                0x0000000008002024       0xcc ../../../../StdLib/Release/STM32F722/DMA_LIB.a(dma.o)
                0x0000000008002024                DMA1_Stream6_IRQHandler
 .text.DMA1_Stream7_IRQHandler
                0x00000000080020f0       0xcc ../../../../StdLib/Release/STM32F722/DMA_LIB.a(dma.o)
                0x00000000080020f0                DMA1_Stream7_IRQHandler
 .text.DMA2_Stream0_IRQHandler
                0x00000000080021bc       0xcc ../../../../StdLib/Release/STM32F722/DMA_LIB.a(dma.o)
                0x00000000080021bc                DMA2_Stream0_IRQHandler
 .text.DMA2_Stream1_IRQHandler
                0x0000000008002288       0xcc ../../../../StdLib/Release/STM32F722/DMA_LIB.a(dma.o)
                0x0000000008002288                DMA2_Stream1_IRQHandler
 .text.DMA2_Stream2_IRQHandler
                0x0000000008002354       0xcc ../../../../StdLib/Release/STM32F722/DMA_LIB.a(dma.o)
                0x0000000008002354                DMA2_Stream2_IRQHandler
 .text.DMA2_Stream3_IRQHandler
                0x0000000008002420       0xcc ../../../../StdLib/Release/STM32F722/DMA_LIB.a(dma.o)
                0x0000000008002420                DMA2_Stream3_IRQHandler
 .text.DMA2_Stream4_IRQHandler
                0x00000000080024ec       0xcc ../../../../StdLib/Release/STM32F722/DMA_LIB.a(dma.o)
                0x00000000080024ec                DMA2_Stream4_IRQHandler
 .text.DMA2_Stream5_IRQHandler
                0x00000000080025b8       0xcc ../../../../StdLib/Release/STM32F722/DMA_LIB.a(dma.o)
                0x00000000080025b8                DMA2_Stream5_IRQHandler
 .text.DMA2_Stream6_IRQHandler
                0x0000000008002684       0xcc ../../../../StdLib/Release/STM32F722/DMA_LIB.a(dma.o)
                0x0000000008002684                DMA2_Stream6_IRQHandler
 .text.DMA2_Stream7_IRQHandler
                0x0000000008002750       0xcc ../../../../StdLib/Release/STM32F722/DMA_LIB.a(dma.o)
                0x0000000008002750                DMA2_Stream7_IRQHandler
 .text.lcd_cbSpiDone
                0x000000000800281c       0x28 Output/UWB Release/Obj/LCD_ST7735R.o
 .text.LcdInit  0x0000000008002844      0xa60 Output/UWB Release/Obj/LCD_ST7735R.o
                0x0000000008002844                LcdInit
 .text.LCD_GetSize
                0x00000000080032a4       0x18 Output/UWB Release/Obj/LCD_ST7735R.o
                0x00000000080032a4                LCD_GetSize
 .text.LCD_AddCallback
                0x00000000080032bc        0xc Output/UWB Release/Obj/LCD_ST7735R.o
                0x00000000080032bc                LCD_AddCallback
 .text.LCD_WriteDataPixel
                0x00000000080032c8       0x58 Output/UWB Release/Obj/LCD_ST7735R.o
                0x00000000080032c8                LCD_WriteDataPixel
 .text.dwt_OtpRead
                0x0000000008003320       0x74 Output/UWB Release/Obj/deca_device.o
 .text.DWT_Config
                0x0000000008003394      0x400 Output/UWB Release/Obj/deca_device.o
                0x0000000008003394                DWT_Config
 .text.DWT_SetRxAntennaDelay
                0x0000000008003794       0x28 Output/UWB Release/Obj/deca_device.o
                0x0000000008003794                DWT_SetRxAntennaDelay
 .text.DWT_SetTxAntennaDelay
                0x00000000080037bc       0x20 Output/UWB Release/Obj/deca_device.o
                0x00000000080037bc                DWT_SetTxAntennaDelay
 .text.DWT_WriteTxData
                0x00000000080037dc       0x54 Output/UWB Release/Obj/deca_device.o
                0x00000000080037dc                DWT_WriteTxData
 .text.DWT_WriteTxFrameCtrl
                0x0000000008003830       0x34 Output/UWB Release/Obj/deca_device.o
                0x0000000008003830                DWT_WriteTxFrameCtrl
 .text.DWT_ReadRxData
                0x0000000008003864       0x58 Output/UWB Release/Obj/deca_device.o
                0x0000000008003864                DWT_ReadRxData
 .text.dwt_readcarrierintegrator
                0x00000000080038bc       0x44 Output/UWB Release/Obj/deca_device.o
                0x00000000080038bc                dwt_readcarrierintegrator
 .text.DWT_ReadTxTimeStamplo32
                0x0000000008003900       0x2c Output/UWB Release/Obj/deca_device.o
                0x0000000008003900                DWT_ReadTxTimeStamplo32
 .text.DWT_ReadRxTimeStamplo32
                0x000000000800392c       0x2c Output/UWB Release/Obj/deca_device.o
                0x000000000800392c                DWT_ReadRxTimeStamplo32
 .text.dwt_read32bitoffsetreg
                0x0000000008003958       0x5c Output/UWB Release/Obj/deca_device.o
                0x0000000008003958                dwt_read32bitoffsetreg
 .text.dwt_write32bitoffsetreg
                0x00000000080039b4       0x5c Output/UWB Release/Obj/deca_device.o
                0x00000000080039b4                dwt_write32bitoffsetreg
 .text.DWT_EnableFrameFilter
                0x0000000008003a10       0x70 Output/UWB Release/Obj/deca_device.o
                0x0000000008003a10                DWT_EnableFrameFilter
 .text.DWT_SetPanID
                0x0000000008003a80       0x34 Output/UWB Release/Obj/deca_device.o
                0x0000000008003a80                DWT_SetPanID
 .text.DWT_SetAddr16
                0x0000000008003ab4       0x20 Output/UWB Release/Obj/deca_device.o
                0x0000000008003ab4                DWT_SetAddr16
 .text.dwt_setrxaftertxdelay
                0x0000000008003ad4       0x58 Output/UWB Release/Obj/deca_device.o
                0x0000000008003ad4                dwt_setrxaftertxdelay
 .text.DWT_SetLEDs
                0x0000000008003b2c      0x144 Output/UWB Release/Obj/deca_device.o
                0x0000000008003b2c                DWT_SetLEDs
 .text.DWT_StartTx
                0x0000000008003c70       0xcc Output/UWB Release/Obj/deca_device.o
                0x0000000008003c70                DWT_StartTx
 .text.DWT_ForceTrxOff
                0x0000000008003d3c       0xf4 Output/UWB Release/Obj/deca_device.o
                0x0000000008003d3c                DWT_ForceTrxOff
 .text.DWT_EnableInterrupt
                0x0000000008003e30       0x64 Output/UWB Release/Obj/deca_device.o
                0x0000000008003e30                DWT_EnableInterrupt
 .text.DWT_SoftReset
                0x0000000008003e94      0x12c Output/UWB Release/Obj/deca_device.o
                0x0000000008003e94                DWT_SoftReset
 .text.DWT_Init
                0x0000000008003fc0      0x2dc Output/UWB Release/Obj/deca_device.o
                0x0000000008003fc0                DWT_Init
 .text.MotorsInit
                0x000000000800429c       0x10 Output/UWB Release/Obj/motors.o
                0x000000000800429c                MotorsInit
 .text.MotorsMoveFront
                0x00000000080042ac       0xc0 Output/UWB Release/Obj/motors.o
                0x00000000080042ac                MotorsMoveFront
 .text.MotorsMoveRight
                0x000000000800436c       0xc0 Output/UWB Release/Obj/motors.o
                0x000000000800436c                MotorsMoveRight
 .text.MotorsStop
                0x000000000800442c       0x70 Output/UWB Release/Obj/motors.o
                0x000000000800442c                MotorsStop
 *fill*         0x000000000800449c        0x4 
 .text.MotorsPIDConfig
                0x00000000080044a0      0x1a8 Output/UWB Release/Obj/motors.o
                0x00000000080044a0                MotorsPIDConfig
 .text.MotorsRunPID
                0x0000000008004648       0x14 Output/UWB Release/Obj/motors.o
                0x0000000008004648                MotorsRunPID
 .text.enc_cbOnTimer
                0x000000000800465c       0x44 Output/UWB Release/Obj/Encoder.o
 .text.ShaftEncoderInit
                0x00000000080046a0       0x78 Output/UWB Release/Obj/Encoder.o
                0x00000000080046a0                ShaftEncoderInit
 .text.ShaftEncoderCfg
                0x0000000008004718       0x74 Output/UWB Release/Obj/Encoder.o
                0x0000000008004718                ShaftEncoderCfg
 .text.ShaftEncoderAdd
                0x000000000800478c       0x24 Output/UWB Release/Obj/Encoder.o
                0x000000000800478c                ShaftEncoderAdd
 .text.ShaftEncoderLinkCCM
                0x00000000080047b0        0x8 Output/UWB Release/Obj/Encoder.o
                0x00000000080047b0                ShaftEncoderLinkCCM
 .text.ShaftEncoderReadRPM
                0x00000000080047b8       0x1c Output/UWB Release/Obj/Encoder.o
                0x00000000080047b8                ShaftEncoderReadRPM
 .text.PIDCtrlInit
                0x00000000080047d4       0x50 Output/UWB Release/Obj/PID.o
                0x00000000080047d4                PIDCtrlInit
 .text.PIDCtrlSetTargetValue
                0x0000000008004824        0x4 Output/UWB Release/Obj/PID.o
                0x0000000008004824                PIDCtrlSetTargetValue
 .text.PIDCtrlOutputConfig
                0x0000000008004828        0xc Output/UWB Release/Obj/PID.o
                0x0000000008004828                PIDCtrlOutputConfig
 *fill*         0x0000000008004834        0x4 
 .text.PIDOnTimer
                0x0000000008004838      0x184 Output/UWB Release/Obj/PID.o
                0x0000000008004838                PIDOnTimer
 .text.PIDCtrlSetParam
                0x00000000080049bc       0x10 Output/UWB Release/Obj/PID.o
                0x00000000080049bc                PIDCtrlSetParam
 .text.PWMInit  0x00000000080049cc       0xf8 Output/UWB Release/Obj/Pwm.o
                0x00000000080049cc                PWMInit
 .text.PWMEnable
                0x0000000008004ac4      0x128 Output/UWB Release/Obj/Pwm.o
                0x0000000008004ac4                PWMEnable
 .text.PWMDisable
                0x0000000008004bec       0x40 Output/UWB Release/Obj/Pwm.o
                0x0000000008004bec                PWMDisable
 .text.ips_cbOnSpiDone
                0x0000000008004c2c        0xc Output/UWB Release/Obj/ips_Test.o
 .text.IpsInit  0x0000000008004c38       0xd4 Output/UWB Release/Obj/ips_Test.o
                0x0000000008004c38                IpsInit
 .text.IPSSysTimeout1msTimer
                0x0000000008004d0c       0x14 Output/UWB Release/Obj/ips_Test.o
                0x0000000008004d0c                IPSSysTimeout1msTimer
 .text.readfromspi
                0x0000000008004d20       0x78 Output/UWB Release/Obj/ips_Test.o
                0x0000000008004d20                readfromspi
 .text.writetospi
                0x0000000008004d98       0x6c Output/UWB Release/Obj/ips_Test.o
                0x0000000008004d98                writetospi
 .text.IPSGetDistance
                0x0000000008004e04       0x10 Output/UWB Release/Obj/ips_Test.o
                0x0000000008004e04                IPSGetDistance
 *fill*         0x0000000008004e14        0x4 
 .text.IPSDistMat
                0x0000000008004e18      0x178 Output/UWB Release/Obj/ips_Test.o
                0x0000000008004e18                IPSDistMat
 .text.IpsTimer
                0x0000000008004f90      0x274 Output/UWB Release/Obj/ips_Test.o
                0x0000000008004f90                IpsTimer
 .text.EXTI7_UWB_INT_IRQHandler
                0x0000000008005204        0xc Output/UWB Release/Obj/ips_Test.o
                0x0000000008005204                EXTI7_UWB_INT_IRQHandler
 .text.decamutexon
                0x0000000008005210       0x14 Output/UWB Release/Obj/ips_Test.o
                0x0000000008005210                decamutexon
 .text.decamutexoff
                0x0000000008005224       0x10 Output/UWB Release/Obj/ips_Test.o
                0x0000000008005224                decamutexoff
 .text.CCMInit  0x0000000008005234       0xb4 Output/UWB Release/Obj/Ccm.o
                0x0000000008005234                CCMInit
 .text.CCMEncoderMode
                0x00000000080052e8       0xe4 Output/UWB Release/Obj/Ccm.o
                0x00000000080052e8                CCMEncoderMode
 .text.I2C1_EV_IRQHandler
                0x00000000080053cc      0x110 Output/UWB Release/Obj/I2c.o
                0x00000000080053cc                I2C1_EV_IRQHandler
 .text.I2C2_EV_IRQHandler
                0x00000000080054dc      0x110 Output/UWB Release/Obj/I2c.o
                0x00000000080054dc                I2C2_EV_IRQHandler
 .text.I2C3_EV_IRQHandler
                0x00000000080055ec      0x110 Output/UWB Release/Obj/I2c.o
                0x00000000080055ec                I2C3_EV_IRQHandler
 .text.MatrixInverse
                0x00000000080056fc       0xb8 Output/UWB Release/Obj/matrix.o
                0x00000000080056fc                MatrixInverse
 *fill*         0x00000000080057b4        0x4 
 .text.MatrixMultiply
                0x00000000080057b8      0x120 Output/UWB Release/Obj/matrix.o
                0x00000000080057b8                MatrixMultiply
 .text.main_cbGuiFrameEnd
                0x00000000080058d8        0xc Output/UWB Release/Obj/main.o
 .text.main_cbEncoderRdy
                0x00000000080058e4        0xc Output/UWB Release/Obj/main.o
 .text.main_cbLcdTransferDone
                0x00000000080058f0        0xc Output/UWB Release/Obj/main.o
 *fill*         0x00000000080058fc        0x4 
 .text.startup.main
                0x0000000008005900      0x4c0 Output/UWB Release/Obj/main.o
                0x0000000008005900                main
 .text.GUI_AppDraw
                0x0000000008005dc0       0xe0 Output/UWB Release/Obj/main.o
                0x0000000008005dc0                GUI_AppDraw
 .text.SysTick_Handler
                0x0000000008005ea0       0x5c Output/UWB Release/Obj/main.o
                0x0000000008005ea0                SysTick_Handler
 .text.__aeabi_read_tp
                0x0000000008005efc        0x8 Output/UWB Release/Obj/thumb_crt0.o
                0x0000000008005efc                __aeabi_read_tp
 .text.libc.__int32_to_float64
                0x0000000008005f04       0x2e C:/Program Files/SEGGER/SEGGER Embedded Studio for ARM 4.18/lib/libm_v7em_fpv5_sp_d16_hard_t_le_eabi.a(libm_asm.o)
                0x0000000008005f04                __aeabi_i2d
                0x0000000008005f04                __int32_to_float64
                0x0000000008005f04                __floatsidf
 .text.libc.__uint32_to_float64
                0x0000000008005f32       0x22 C:/Program Files/SEGGER/SEGGER Embedded Studio for ARM 4.18/lib/libm_v7em_fpv5_sp_d16_hard_t_le_eabi.a(libm_asm.o)
                0x0000000008005f32                __aeabi_ui2d
                0x0000000008005f32                __floatunsidf
                0x0000000008005f32                __uint32_to_float64
 .text.libc.__int64_to_float64
                0x0000000008005f54       0xa0 C:/Program Files/SEGGER/SEGGER Embedded Studio for ARM 4.18/lib/libm_v7em_fpv5_sp_d16_hard_t_le_eabi.a(libm_asm.o)
                0x0000000008005f54                __int64_to_float64
                0x0000000008005f54                __aeabi_l2d
                0x0000000008005f54                __floatdidf
                0x0000000008005f78                __RAL_aeabi_l2d_common
 .text.libc.__uint64_to_float64
                0x0000000008005ff4       0x14 C:/Program Files/SEGGER/SEGGER Embedded Studio for ARM 4.18/lib/libm_v7em_fpv5_sp_d16_hard_t_le_eabi.a(libm_asm.o)
                0x0000000008005ff4                __aeabi_ul2d
                0x0000000008005ff4                __floatundidf
                0x0000000008005ff4                __uint64_to_float64
 .text.libc.__float64_to_int32
                0x0000000008006008       0x4e C:/Program Files/SEGGER/SEGGER Embedded Studio for ARM 4.18/lib/libm_v7em_fpv5_sp_d16_hard_t_le_eabi.a(libm_asm.o)
                0x0000000008006008                __aeabi_d2iz
                0x0000000008006008                __float64_to_int32
                0x0000000008006008                __fixdfsi
 .text.libc.__float64_to_uint32
                0x0000000008006056       0x2c C:/Program Files/SEGGER/SEGGER Embedded Studio for ARM 4.18/lib/libm_v7em_fpv5_sp_d16_hard_t_le_eabi.a(libm_asm.o)
                0x0000000008006056                __aeabi_d2uiz
                0x0000000008006056                __float64_to_uint32
                0x0000000008006056                __fixunsdfsi
 .text.libc.__float64_to_uint64
                0x0000000008006082       0x48 C:/Program Files/SEGGER/SEGGER Embedded Studio for ARM 4.18/lib/libm_v7em_fpv5_sp_d16_hard_t_le_eabi.a(libm_asm.o)
                0x0000000008006082                __fixunsdfdi
                0x0000000008006082                __float64_to_uint64
                0x0000000008006082                __aeabi_d2ulz
 .text.libc.__float32_to_float64
                0x00000000080060ca       0x38 C:/Program Files/SEGGER/SEGGER Embedded Studio for ARM 4.18/lib/libm_v7em_fpv5_sp_d16_hard_t_le_eabi.a(libm_asm.o)
                0x00000000080060ca                __float32_to_float64
                0x00000000080060ca                __aeabi_f2d
                0x00000000080060ca                __extendsfdf2
 .text.libc.__float64_to_float32
                0x0000000008006102       0x6e C:/Program Files/SEGGER/SEGGER Embedded Studio for ARM 4.18/lib/libm_v7em_fpv5_sp_d16_hard_t_le_eabi.a(libm_asm.o)
                0x0000000008006102                __truncdfsf2
                0x0000000008006102                __float64_to_float32
                0x0000000008006102                __aeabi_d2f
 .text.libc.__float64_add
                0x0000000008006170      0x294 C:/Program Files/SEGGER/SEGGER Embedded Studio for ARM 4.18/lib/libm_v7em_fpv5_sp_d16_hard_t_le_eabi.a(libm_asm.o)
                0x0000000008006170                __aeabi_drsub
                0x0000000008006178                __aeabi_dsub
                0x0000000008006178                __float64_sub
                0x0000000008006178                __subdf3
                0x000000000800617c                __aeabi_dadd
                0x000000000800617c                __float64_add
                0x000000000800617c                __adddf3
 .text.libc.__float64_mul
                0x0000000008006404      0x16c C:/Program Files/SEGGER/SEGGER Embedded Studio for ARM 4.18/lib/libm_v7em_fpv5_sp_d16_hard_t_le_eabi.a(libm_asm.o)
                0x0000000008006404                __float64_mul
                0x0000000008006404                __muldf3
                0x0000000008006404                __aeabi_dmul
 .text.libc.__float64_div
                0x0000000008006570      0x214 C:/Program Files/SEGGER/SEGGER Embedded Studio for ARM 4.18/lib/libm_v7em_fpv5_sp_d16_hard_t_le_eabi.a(libm_asm.o)
                0x0000000008006570                __divdf3
                0x0000000008006570                __float64_div
                0x0000000008006570                __aeabi_ddiv
 .text.libc.__float64_cmpeq
                0x0000000008006784       0x32 C:/Program Files/SEGGER/SEGGER Embedded Studio for ARM 4.18/lib/libm_v7em_fpv5_sp_d16_hard_t_le_eabi.a(libm_asm.o)
                0x0000000008006784                __aeabi_dcmpeq
 .text.libc.__float64_cmple
                0x00000000080067b6       0x3c C:/Program Files/SEGGER/SEGGER Embedded Studio for ARM 4.18/lib/libm_v7em_fpv5_sp_d16_hard_t_le_eabi.a(libm_asm.o)
                0x00000000080067b6                __aeabi_dcmple
 .text.libc.__float64_cmpge
                0x00000000080067f2       0x3c C:/Program Files/SEGGER/SEGGER Embedded Studio for ARM 4.18/lib/libm_v7em_fpv5_sp_d16_hard_t_le_eabi.a(libm_asm.o)
                0x00000000080067f2                __aeabi_dcmpge
 .text.libc.__float64_cmplt
                0x000000000800682e       0x38 C:/Program Files/SEGGER/SEGGER Embedded Studio for ARM 4.18/lib/libm_v7em_fpv5_sp_d16_hard_t_le_eabi.a(libm_asm.o)
                0x000000000800682e                __aeabi_dcmplt
 .text.libc.__float64_cmpgt
                0x0000000008006866       0x38 C:/Program Files/SEGGER/SEGGER Embedded Studio for ARM 4.18/lib/libm_v7em_fpv5_sp_d16_hard_t_le_eabi.a(libm_asm.o)
                0x0000000008006866                __aeabi_dcmpgt
 .text.libc.__float64_signbit
                0x000000000800689e        0xa C:/Program Files/SEGGER/SEGGER Embedded Studio for ARM 4.18/lib/libm_v7em_fpv5_sp_d16_hard_t_le_eabi.a(libm_asm.o)
                0x000000000800689e                __float64_signbit
 .text.libc.__float64_isinf
                0x00000000080068a8       0x14 C:/Program Files/SEGGER/SEGGER Embedded Studio for ARM 4.18/lib/libm_v7em_fpv5_sp_d16_hard_t_le_eabi.a(libm_asm.o)
                0x00000000080068a8                __float64_isinf
 .text.libc.__float64_isnan
                0x00000000080068bc       0x14 C:/Program Files/SEGGER/SEGGER Embedded Studio for ARM 4.18/lib/libm_v7em_fpv5_sp_d16_hard_t_le_eabi.a(libm_asm.o)
                0x00000000080068bc                __float64_isnan
 .text.libc.frexp
                0x00000000080068d0       0x50 C:/Program Files/SEGGER/SEGGER Embedded Studio for ARM 4.18/lib/libm_v7em_fpv5_sp_d16_hard_t_le_eabi.a(libm2.o)
                0x00000000080068d0                frexp
                0x00000000080068d0                frexp(double, int*)
 .text.libc.ldexp
                0x0000000008006920       0x7c C:/Program Files/SEGGER/SEGGER Embedded Studio for ARM 4.18/lib/libm_v7em_fpv5_sp_d16_hard_t_le_eabi.a(libm2.o)
                0x0000000008006920                ldexp
                0x0000000008006920                ldexp(double, int)
 *fill*         0x000000000800699c        0x4 
 .text.libc.exp
                0x00000000080069a0      0x1e8 C:/Program Files/SEGGER/SEGGER Embedded Studio for ARM 4.18/lib/libm_v7em_fpv5_sp_d16_hard_t_le_eabi.a(libm2.o)
                0x00000000080069a0                exp
                0x00000000080069a0                exp(double)
 .text.libc.log
                0x0000000008006b88      0x268 C:/Program Files/SEGGER/SEGGER Embedded Studio for ARM 4.18/lib/libm_v7em_fpv5_sp_d16_hard_t_le_eabi.a(libm2.o)
                0x0000000008006b88                log(double)
                0x0000000008006b88                log
 .text.libc.modf
                0x0000000008006df0       0x94 C:/Program Files/SEGGER/SEGGER Embedded Studio for ARM 4.18/lib/libm_v7em_fpv5_sp_d16_hard_t_le_eabi.a(libm2.o)
                0x0000000008006df0                modf(double, double*)
                0x0000000008006df0                modf
 *fill*         0x0000000008006e84        0x4 
 .text.libc.pow
                0x0000000008006e88      0x158 C:/Program Files/SEGGER/SEGGER Embedded Studio for ARM 4.18/lib/libm_v7em_fpv5_sp_d16_hard_t_le_eabi.a(libm2.o)
                0x0000000008006e88                pow
                0x0000000008006e88                pow(double, double)
 .text.libc.floor
                0x0000000008006fe0       0xc0 C:/Program Files/SEGGER/SEGGER Embedded Studio for ARM 4.18/lib/libm_v7em_fpv5_sp_d16_hard_t_le_eabi.a(libm2.o)
                0x0000000008006fe0                floor(double)
                0x0000000008006fe0                floor
 .text.libc.fmod
                0x00000000080070a0      0x198 C:/Program Files/SEGGER/SEGGER Embedded Studio for ARM 4.18/lib/libm_v7em_fpv5_sp_d16_hard_t_le_eabi.a(libm2.o)
                0x00000000080070a0                fmod
                0x00000000080070a0                fmod(double, double)
 .text.libc.fabs
                0x0000000008007238        0xe C:/Program Files/SEGGER/SEGGER Embedded Studio for ARM 4.18/lib/libm_v7em_fpv5_sp_d16_hard_t_le_eabi.a(libm2_asm.o)
                0x0000000008007238                fabs(double)
                0x0000000008007238                fabs
 *fill*         0x0000000008007246        0x2 
 .text.libc.__RAL_pow10
                0x0000000008007248       0x54 C:/Program Files/SEGGER/SEGGER Embedded Studio for ARM 4.18/lib/libc_v7em_fpv5_sp_d16_hard_t_le_eabi.a(libc2.o)
                0x0000000008007248                __RAL_pow10
 .text.libc.__putc
                0x000000000800729c       0x34 C:/Program Files/SEGGER/SEGGER Embedded Studio for ARM 4.18/lib/libc_v7em_fpv5_sp_d16_hard_t_le_eabi.a(libc2.o)
                0x000000000800729c                __putc
 .text.libc.__RAL_print_padding
                0x00000000080072d0       0x1c C:/Program Files/SEGGER/SEGGER Embedded Studio for ARM 4.18/lib/libc_v7em_fpv5_sp_d16_hard_t_le_eabi.a(libc2.o)
                0x00000000080072d0                __RAL_print_padding
 .text.libc.__RAL_pre_padding
                0x00000000080072ec       0x1c C:/Program Files/SEGGER/SEGGER Embedded Studio for ARM 4.18/lib/libc_v7em_fpv5_sp_d16_hard_t_le_eabi.a(libc2.o)
                0x00000000080072ec                __RAL_pre_padding
 .text.libc.abs
                0x0000000008007308        0x8 C:/Program Files/SEGGER/SEGGER Embedded Studio for ARM 4.18/lib/libc_v7em_fpv5_sp_d16_hard_t_le_eabi.a(libc2.o)
                0x0000000008007308                abs
 .text.libc.__aeabi_errno_addr
                0x0000000008007310       0x14 C:/Program Files/SEGGER/SEGGER Embedded Studio for ARM 4.18/lib/libc_v7em_fpv5_sp_d16_hard_t_le_eabi.a(libc2.o)
                0x0000000008007310                __aeabi_errno_addr
 .text.libc.sprintf
                0x0000000008007324       0x2a C:/Program Files/SEGGER/SEGGER Embedded Studio for ARM 4.18/lib/libc_v7em_fpv5_sp_d16_hard_t_le_eabi.a(libc2.o)
                0x0000000008007324                sprintf
 .text.libc.strnlen
                0x000000000800734e       0x22 C:/Program Files/SEGGER/SEGGER Embedded Studio for ARM 4.18/lib/libc_v7em_fpv5_sp_d16_hard_t_le_eabi.a(libc2.o)
                0x000000000800734e                strnlen
 .text.libc.memcpy
                0x0000000008007370       0x52 C:/Program Files/SEGGER/SEGGER Embedded Studio for ARM 4.18/lib/libc_v7em_fpv5_sp_d16_hard_t_le_eabi.a(libc2_asm.o)
                0x0000000008007370                __aeabi_memcpy
                0x0000000008007370                memcpy
                0x000000000800737c                __aeabi_memcpy8
                0x000000000800737c                __aeabi_memcpy4
 .text.libc.memset
                0x00000000080073c2       0x66 C:/Program Files/SEGGER/SEGGER Embedded Studio for ARM 4.18/lib/libc_v7em_fpv5_sp_d16_hard_t_le_eabi.a(libc2_asm.o)
                0x00000000080073c2                memset
 .text.libc.strlen
                0x0000000008007428       0x60 C:/Program Files/SEGGER/SEGGER Embedded Studio for ARM 4.18/lib/libc_v7em_fpv5_sp_d16_hard_t_le_eabi.a(libc2_asm.o)
                0x0000000008007428                strlen
 .text.libc.__int64_udivmod
                0x0000000008007488       0xce C:/Program Files/SEGGER/SEGGER Embedded Studio for ARM 4.18/lib/libc_v7em_fpv5_sp_d16_hard_t_le_eabi.a(libc_asm.o)
                0x0000000008007488                __aeabi_uldivmod
                0x0000000008007488                __int64_udiv
                0x0000000008007488                __udivdi3
                0x0000000008007488                __int64_udivmod
 *fill*         0x0000000008007556        0x2 
 .text.libc.__vfprintf_float_long
                0x0000000008007558     0x11ac C:/Program Files/SEGGER/SEGGER Embedded Studio for ARM 4.18/lib/libvfprintf_v7em_fpv5_sp_d16_hard_t_le_eabi.o
                0x0000000008007558                __vfprintf_float_long
 .text.TimerInit
                0x0000000008008704       0xf0 ../../../../StdLib/Release/STM32F722/TIMER_LIB.a(Timer.o)
                0x0000000008008704                TimerInit
 .text.TimerStart
                0x00000000080087f4       0x38 ../../../../StdLib/Release/STM32F722/TIMER_LIB.a(Timer.o)
                0x00000000080087f4                TimerStart
 .text.TimerAddHook
                0x000000000800882c        0xc ../../../../StdLib/Release/STM32F722/TIMER_LIB.a(Timer.o)
                0x000000000800882c                TimerAddHook
 .text.TIM1_UP_TIM10_IRQHandler
                0x0000000008008838       0x54 ../../../../StdLib/Release/STM32F722/TIMER_LIB.a(Timer.o)
                0x0000000008008838                TIM1_UP_TIM10_IRQHandler
 .text.TIM2_IRQHandler
                0x000000000800888c       0x30 ../../../../StdLib/Release/STM32F722/TIMER_LIB.a(Timer.o)
                0x000000000800888c                TIM2_IRQHandler
 .text.TIM3_IRQHandler
                0x00000000080088bc       0x30 ../../../../StdLib/Release/STM32F722/TIMER_LIB.a(Timer.o)
                0x00000000080088bc                TIM3_IRQHandler
 .text.TIM4_IRQHandler
                0x00000000080088ec       0x30 ../../../../StdLib/Release/STM32F722/TIMER_LIB.a(Timer.o)
                0x00000000080088ec                TIM4_IRQHandler
 .text.TIM5_IRQHandler
                0x000000000800891c       0x30 ../../../../StdLib/Release/STM32F722/TIMER_LIB.a(Timer.o)
                0x000000000800891c                TIM5_IRQHandler
 .text.TIM6_DAC_IRQHandler
                0x000000000800894c       0x30 ../../../../StdLib/Release/STM32F722/TIMER_LIB.a(Timer.o)
                0x000000000800894c                TIM6_DAC_IRQHandler
 .text.TIM7_IRQHandler
                0x000000000800897c       0x30 ../../../../StdLib/Release/STM32F722/TIMER_LIB.a(Timer.o)
                0x000000000800897c                TIM7_IRQHandler
 .text.TIM8_UP_TIM13_IRQHandler
                0x00000000080089ac       0x54 ../../../../StdLib/Release/STM32F722/TIMER_LIB.a(Timer.o)
                0x00000000080089ac                TIM8_UP_TIM13_IRQHandler
 .text.TIM1_BRK_TIM9_IRQHandler
                0x0000000008008a00       0x30 ../../../../StdLib/Release/STM32F722/TIMER_LIB.a(Timer.o)
                0x0000000008008a00                TIM1_BRK_TIM9_IRQHandler
 .text.TIM1_TRG_COM_TIM11_IRQHandler
                0x0000000008008a30       0x30 ../../../../StdLib/Release/STM32F722/TIMER_LIB.a(Timer.o)
                0x0000000008008a30                TIM1_TRG_COM_TIM11_IRQHandler
 .text.TIM8_BRK_TIM12_IRQHandler
                0x0000000008008a60       0x30 ../../../../StdLib/Release/STM32F722/TIMER_LIB.a(Timer.o)
                0x0000000008008a60                TIM8_BRK_TIM12_IRQHandler
 .text.TIM8_TRG_COM_TIM14_IRQHandler
                0x0000000008008a90       0x30 ../../../../StdLib/Release/STM32F722/TIMER_LIB.a(Timer.o)
                0x0000000008008a90                TIM8_TRG_COM_TIM14_IRQHandler
 .text.GUI_Init
                0x0000000008008ac0       0x48 ../Lib/Common/Lib/GUI/GUI_GCC_CM7_R6.a(gui.o)
                0x0000000008008ac0                GUI_Init
 .text.GUI_AddCbFrameEnd
                0x0000000008008b08        0xc ../Lib/Common/Lib/GUI/GUI_GCC_CM7_R6.a(gui.o)
                0x0000000008008b08                GUI_AddCbFrameEnd
 .text.GUI_16BitPerPixel
                0x0000000008008b14        0xc ../Lib/Common/Lib/GUI/GUI_GCC_CM7_R6.a(gui.o)
                0x0000000008008b14                GUI_16BitPerPixel
 .text.GUI_Draw_Exe
                0x0000000008008b20       0xbc ../Lib/Common/Lib/GUI/GUI_GCC_CM7_R6.a(gui.o)
                0x0000000008008b20                GUI_Draw_Exe
 .text.GUI_Clear
                0x0000000008008bdc       0x68 ../Lib/Common/Lib/GUI/GUI_GCC_CM7_R6.a(gui.o)
                0x0000000008008bdc                GUI_Clear
 .text.GUI_SetFontBackColor
                0x0000000008008c44       0x24 ../Lib/Common/Lib/GUI/GUI_GCC_CM7_R6.a(gui.o)
                0x0000000008008c44                GUI_SetFontBackColor
 .text.GUI_PrintChar
                0x0000000008008c68      0x138 ../Lib/Common/Lib/GUI/GUI_GCC_CM7_R6.a(gui.o)
                0x0000000008008c68                GUI_PrintChar
 .text.GUI_PrintString
                0x0000000008008da0       0x84 ../Lib/Common/Lib/GUI/GUI_GCC_CM7_R6.a(gui.o)
                0x0000000008008da0                GUI_PrintString
                0x0000000008008e24                __text_end__ = (__text_start__ + SIZEOF (.text))
                0x00000000000089c8                __text_size__ = SIZEOF (.text)
                0x0000000008008e24                __text_load_end__ = __text_end__

.vfp11_veneer   0x0000000100000000        0x0
 .vfp11_veneer  0x0000000100000000        0x0 linker stubs

.v4_bx          0x0000000100000000        0x0
 .v4_bx         0x0000000100000000        0x0 linker stubs

.iplt           0x0000000100000000        0x0
 .iplt          0x0000000100000000        0x0 Output/UWB Release/Obj/system_stm32f7xx.o
                0x0000000000000001                . = ASSERT (((__text_start__ == __text_end__) || ((__text_end__ - __FLASH_segment_start__) <= __FLASH_segment_size__)), error: .text is too large to fit in FLASH memory segment)
                0x0000000008008e24                __dtors_load_start__ = ALIGN (__text_end__, 0x4)

.dtors          0x0000000008008e24        0x0
                0x0000000008008e24                __dtors_start__ = .
 *(SORT_BY_NAME(.dtors.*))
 *(.dtors)
 *(.fini_array)
 *(SORT_BY_NAME(.fini_array.*))
                0x0000000008008e24                __dtors_end__ = (__dtors_start__ + SIZEOF (.dtors))
                0x0000000000000000                __dtors_size__ = SIZEOF (.dtors)
                0x0000000008008e24                __dtors_load_end__ = __dtors_end__
                0x0000000000000001                . = ASSERT (((__dtors_start__ == __dtors_end__) || ((__dtors_end__ - __FLASH_segment_start__) <= __FLASH_segment_size__)), error: .dtors is too large to fit in FLASH memory segment)
                0x0000000008008e24                __ctors_load_start__ = ALIGN (__dtors_end__, 0x4)

.ctors          0x0000000008008e24        0x0
                0x0000000008008e24                __ctors_start__ = .
 *(SORT_BY_NAME(.ctors.*))
 *(.ctors)
 *(.init_array)
 *(SORT_BY_NAME(.init_array.*))
                0x0000000008008e24                __ctors_end__ = (__ctors_start__ + SIZEOF (.ctors))
                0x0000000000000000                __ctors_size__ = SIZEOF (.ctors)
                0x0000000008008e24                __ctors_load_end__ = __ctors_end__
                0x0000000000000001                . = ASSERT (((__ctors_start__ == __ctors_end__) || ((__ctors_end__ - __FLASH_segment_start__) <= __FLASH_segment_size__)), error: .ctors is too large to fit in FLASH memory segment)
                0x0000000008008e24                __rodata_load_start__ = ALIGN (__ctors_end__, 0x4)

.rodata         0x0000000008008e24      0xc6c
                0x0000000008008e24                __rodata_start__ = .
 *(.rodata .rodata.* .gnu.linkonce.r.*)
 .rodata.AHBPrescTable
                0x0000000008008e24       0x10 Output/UWB Release/Obj/system_stm32f7xx.o
                0x0000000008008e24                AHBPrescTable
 .rodata.CSWTCH.33
                0x0000000008008e34        0x5 Output/UWB Release/Obj/SPIM.o
 *fill*         0x0000000008008e39        0x3 
 .rodata.CSWTCH.34
                0x0000000008008e3c       0x14 Output/UWB Release/Obj/SPIM.o
 .rodata.CSWTCH.35
                0x0000000008008e50       0x14 Output/UWB Release/Obj/SPIM.o
 .rodata.DMA1_IRQN
                0x0000000008008e64        0x8 ../../../../StdLib/Release/STM32F722/DMA_LIB.a(dma.o)
 .rodata.DMA1_STREAM_TABLE
                0x0000000008008e6c       0x20 ../../../../StdLib/Release/STM32F722/DMA_LIB.a(dma.o)
 .rodata.DMA2_IRQN
                0x0000000008008e8c        0x8 ../../../../StdLib/Release/STM32F722/DMA_LIB.a(dma.o)
 .rodata.DMA2_STREAM_TABLE
                0x0000000008008e94       0x20 ../../../../StdLib/Release/STM32F722/DMA_LIB.a(dma.o)
 .rodata.DMA_ISR_HCIF
                0x0000000008008eb4       0x20 ../../../../StdLib/Release/STM32F722/DMA_LIB.a(dma.o)
 .rodata.DMA_ISR_TCIF
                0x0000000008008ed4       0x20 ../../../../StdLib/Release/STM32F722/DMA_LIB.a(dma.o)
 .rodata.DMA_ISR_TEIF
                0x0000000008008ef4       0x20 ../../../../StdLib/Release/STM32F722/DMA_LIB.a(dma.o)
 .rodata.agc_config
                0x0000000008008f14        0x8 Output/UWB Release/Obj/deca_params_init.o
                0x0000000008008f14                agc_config
 .rodata.chan_idx
                0x0000000008008f1c        0x8 Output/UWB Release/Obj/deca_params_init.o
                0x0000000008008f1c                chan_idx
 .rodata.digital_bb_config
                0x0000000008008f24       0x20 Output/UWB Release/Obj/deca_params_init.o
                0x0000000008008f24                digital_bb_config
 .rodata.dtune1
                0x0000000008008f44        0x4 Output/UWB Release/Obj/deca_params_init.o
                0x0000000008008f44                dtune1
 .rodata.dwnsSFDlen
                0x0000000008008f48        0x3 Output/UWB Release/Obj/deca_params_init.o
                0x0000000008008f48                dwnsSFDlen
 *fill*         0x0000000008008f4b        0x1 
 .rodata.fs_pll_cfg
                0x0000000008008f4c       0x18 Output/UWB Release/Obj/deca_params_init.o
                0x0000000008008f4c                fs_pll_cfg
 .rodata.fs_pll_tune
                0x0000000008008f64        0x6 Output/UWB Release/Obj/deca_params_init.o
                0x0000000008008f64                fs_pll_tune
 *fill*         0x0000000008008f6a        0x2 
 .rodata.lde_replicaCoeff
                0x0000000008008f6c       0x32 Output/UWB Release/Obj/deca_params_init.o
                0x0000000008008f6c                lde_replicaCoeff
 *fill*         0x0000000008008f9e        0x2 
 .rodata.rx_config
                0x0000000008008fa0        0x2 Output/UWB Release/Obj/deca_params_init.o
                0x0000000008008fa0                rx_config
 *fill*         0x0000000008008fa2        0x2 
 .rodata.sftsh  0x0000000008008fa4        0xc Output/UWB Release/Obj/deca_params_init.o
                0x0000000008008fa4                sftsh
 .rodata.tx_config
                0x0000000008008fb0       0x18 Output/UWB Release/Obj/deca_params_init.o
                0x0000000008008fb0                tx_config
 .rodata.CSWTCH.13
                0x0000000008008fc8       0x38 Output/UWB Release/Obj/Pwm.o
 .rodata.CSWTCH.14
                0x0000000008009000       0x38 Output/UWB Release/Obj/Pwm.o
 .rodata.CSWTCH.6
                0x0000000008009038       0x24 Output/UWB Release/Obj/Ccm.o
 .rodata.GUI_AppDraw.str1.4
                0x000000000800905c       0x43 Output/UWB Release/Obj/main.o
 *fill*         0x000000000800909f        0x1 
 .rodata.g_SetXYCoord
                0x00000000080090a0       0xa0 Output/UWB Release/Obj/main.o
 .rodata.libc.__float64_infinity
                0x0000000008009140        0x8 C:/Program Files/SEGGER/SEGGER Embedded Studio for ARM 4.18/lib/libm_v7em_fpv5_sp_d16_hard_t_le_eabi.a(libm_asm.o)
                0x0000000008009140                __float64_infinity
 .rodata.libc.__float64_nan
                0x0000000008009148        0x8 C:/Program Files/SEGGER/SEGGER Embedded Studio for ARM 4.18/lib/libm_v7em_fpv5_sp_d16_hard_t_le_eabi.a(libm_asm.o)
                0x0000000008009148                __float64_nan
 .rodata.libc.__RAL_hex_lc
                0x0000000008009150       0x10 C:/Program Files/SEGGER/SEGGER Embedded Studio for ARM 4.18/lib/libc_v7em_fpv5_sp_d16_hard_t_le_eabi.a(libc2.o)
                0x0000000008009150                __RAL_hex_lc
 .rodata.libc.__RAL_hex_uc
                0x0000000008009160       0x10 C:/Program Files/SEGGER/SEGGER Embedded Studio for ARM 4.18/lib/libc_v7em_fpv5_sp_d16_hard_t_le_eabi.a(libc2.o)
                0x0000000008009160                __RAL_hex_uc
 .rodata.libc.__aeabi_EDOM
                0x0000000008009170        0x4 C:/Program Files/SEGGER/SEGGER Embedded Studio for ARM 4.18/lib/libc_v7em_fpv5_sp_d16_hard_t_le_eabi.a(libc2.o)
                0x0000000008009170                __aeabi_EDOM
 .rodata.libc.__aeabi_ERANGE
                0x0000000008009174        0x4 C:/Program Files/SEGGER/SEGGER Embedded Studio for ARM 4.18/lib/libc_v7em_fpv5_sp_d16_hard_t_le_eabi.a(libc2.o)
                0x0000000008009174                __aeabi_ERANGE
 .rodata.libc.power
                0x0000000008009178       0x48 C:/Program Files/SEGGER/SEGGER Embedded Studio for ARM 4.18/lib/libc_v7em_fpv5_sp_d16_hard_t_le_eabi.a(libc2.o)
 .rodata.libc.__vfprintf_float_long.str1.4
                0x00000000080091c0       0x28 C:/Program Files/SEGGER/SEGGER Embedded Studio for ARM 4.18/lib/libvfprintf_v7em_fpv5_sp_d16_hard_t_le_eabi.o
 .rodata.libc.__vfprintf_int.str1.4
                0x00000000080091e8        0x8 C:/Program Files/SEGGER/SEGGER Embedded Studio for ARM 4.18/lib/libvfprintf_v7em_fpv5_sp_d16_hard_t_le_eabi.o
                                          0x7 (size before relaxing)
 .rodata.libc.ipow10
                0x00000000080091f0       0xa0 C:/Program Files/SEGGER/SEGGER Embedded Studio for ARM 4.18/lib/libvfprintf_v7em_fpv5_sp_d16_hard_t_le_eabi.o
 .rodata.CSWTCH.13
                0x0000000008009290       0x38 ../../../../StdLib/Release/STM32F722/TIMER_LIB.a(Timer.o)
 .rodata.CSWTCH.14
                0x00000000080092c8        0xe ../../../../StdLib/Release/STM32F722/TIMER_LIB.a(Timer.o)
 *fill*         0x00000000080092d6        0x2 
 .rodata.CSWTCH.15
                0x00000000080092d8       0x38 ../../../../StdLib/Release/STM32F722/TIMER_LIB.a(Timer.o)
 .rodata.char100
                0x0000000008009310       0x14 ../Lib/Common/Lib/GUI/GUI_GCC_CM7_R6.a(Font_Console10.o)
 .rodata.char101
                0x0000000008009324       0x14 ../Lib/Common/Lib/GUI/GUI_GCC_CM7_R6.a(Font_Console10.o)
 .rodata.char102
                0x0000000008009338       0x14 ../Lib/Common/Lib/GUI/GUI_GCC_CM7_R6.a(Font_Console10.o)
 .rodata.char103
                0x000000000800934c       0x14 ../Lib/Common/Lib/GUI/GUI_GCC_CM7_R6.a(Font_Console10.o)
 .rodata.char104
                0x0000000008009360       0x14 ../Lib/Common/Lib/GUI/GUI_GCC_CM7_R6.a(Font_Console10.o)
 .rodata.char105
                0x0000000008009374       0x14 ../Lib/Common/Lib/GUI/GUI_GCC_CM7_R6.a(Font_Console10.o)
 .rodata.char106
                0x0000000008009388       0x14 ../Lib/Common/Lib/GUI/GUI_GCC_CM7_R6.a(Font_Console10.o)
 .rodata.char107
                0x000000000800939c       0x14 ../Lib/Common/Lib/GUI/GUI_GCC_CM7_R6.a(Font_Console10.o)
 .rodata.char108
                0x00000000080093b0       0x14 ../Lib/Common/Lib/GUI/GUI_GCC_CM7_R6.a(Font_Console10.o)
 .rodata.char109
                0x00000000080093c4       0x14 ../Lib/Common/Lib/GUI/GUI_GCC_CM7_R6.a(Font_Console10.o)
 .rodata.char110
                0x00000000080093d8       0x14 ../Lib/Common/Lib/GUI/GUI_GCC_CM7_R6.a(Font_Console10.o)
 .rodata.char111
                0x00000000080093ec       0x14 ../Lib/Common/Lib/GUI/GUI_GCC_CM7_R6.a(Font_Console10.o)
 .rodata.char112
                0x0000000008009400       0x14 ../Lib/Common/Lib/GUI/GUI_GCC_CM7_R6.a(Font_Console10.o)
 .rodata.char113
                0x0000000008009414       0x14 ../Lib/Common/Lib/GUI/GUI_GCC_CM7_R6.a(Font_Console10.o)
 .rodata.char114
                0x0000000008009428       0x14 ../Lib/Common/Lib/GUI/GUI_GCC_CM7_R6.a(Font_Console10.o)
 .rodata.char115
                0x000000000800943c       0x14 ../Lib/Common/Lib/GUI/GUI_GCC_CM7_R6.a(Font_Console10.o)
 .rodata.char116
                0x0000000008009450       0x14 ../Lib/Common/Lib/GUI/GUI_GCC_CM7_R6.a(Font_Console10.o)
 .rodata.char117
                0x0000000008009464       0x14 ../Lib/Common/Lib/GUI/GUI_GCC_CM7_R6.a(Font_Console10.o)
 .rodata.char118
                0x0000000008009478       0x14 ../Lib/Common/Lib/GUI/GUI_GCC_CM7_R6.a(Font_Console10.o)
 .rodata.char119
                0x000000000800948c       0x14 ../Lib/Common/Lib/GUI/GUI_GCC_CM7_R6.a(Font_Console10.o)
 .rodata.char120
                0x00000000080094a0       0x14 ../Lib/Common/Lib/GUI/GUI_GCC_CM7_R6.a(Font_Console10.o)
 .rodata.char121
                0x00000000080094b4       0x14 ../Lib/Common/Lib/GUI/GUI_GCC_CM7_R6.a(Font_Console10.o)
 .rodata.char122
                0x00000000080094c8       0x14 ../Lib/Common/Lib/GUI/GUI_GCC_CM7_R6.a(Font_Console10.o)
 .rodata.char123
                0x00000000080094dc       0x14 ../Lib/Common/Lib/GUI/GUI_GCC_CM7_R6.a(Font_Console10.o)
 .rodata.char124
                0x00000000080094f0       0x14 ../Lib/Common/Lib/GUI/GUI_GCC_CM7_R6.a(Font_Console10.o)
 .rodata.char125
                0x0000000008009504       0x14 ../Lib/Common/Lib/GUI/GUI_GCC_CM7_R6.a(Font_Console10.o)
 .rodata.char126
                0x0000000008009518       0x14 ../Lib/Common/Lib/GUI/GUI_GCC_CM7_R6.a(Font_Console10.o)
 .rodata.char127
                0x000000000800952c       0x14 ../Lib/Common/Lib/GUI/GUI_GCC_CM7_R6.a(Font_Console10.o)
 .rodata.char32
                0x0000000008009540       0x14 ../Lib/Common/Lib/GUI/GUI_GCC_CM7_R6.a(Font_Console10.o)
 .rodata.char33
                0x0000000008009554       0x14 ../Lib/Common/Lib/GUI/GUI_GCC_CM7_R6.a(Font_Console10.o)
 .rodata.char34
                0x0000000008009568       0x14 ../Lib/Common/Lib/GUI/GUI_GCC_CM7_R6.a(Font_Console10.o)
 .rodata.char35
                0x000000000800957c       0x14 ../Lib/Common/Lib/GUI/GUI_GCC_CM7_R6.a(Font_Console10.o)
 .rodata.char36
                0x0000000008009590       0x14 ../Lib/Common/Lib/GUI/GUI_GCC_CM7_R6.a(Font_Console10.o)
 .rodata.char37
                0x00000000080095a4       0x14 ../Lib/Common/Lib/GUI/GUI_GCC_CM7_R6.a(Font_Console10.o)
 .rodata.char38
                0x00000000080095b8       0x14 ../Lib/Common/Lib/GUI/GUI_GCC_CM7_R6.a(Font_Console10.o)
 .rodata.char39
                0x00000000080095cc       0x14 ../Lib/Common/Lib/GUI/GUI_GCC_CM7_R6.a(Font_Console10.o)
 .rodata.char40
                0x00000000080095e0       0x14 ../Lib/Common/Lib/GUI/GUI_GCC_CM7_R6.a(Font_Console10.o)
 .rodata.char41
                0x00000000080095f4       0x14 ../Lib/Common/Lib/GUI/GUI_GCC_CM7_R6.a(Font_Console10.o)
 .rodata.char42
                0x0000000008009608       0x14 ../Lib/Common/Lib/GUI/GUI_GCC_CM7_R6.a(Font_Console10.o)
 .rodata.char43
                0x000000000800961c       0x14 ../Lib/Common/Lib/GUI/GUI_GCC_CM7_R6.a(Font_Console10.o)
 .rodata.char44
                0x0000000008009630       0x14 ../Lib/Common/Lib/GUI/GUI_GCC_CM7_R6.a(Font_Console10.o)
 .rodata.char45
                0x0000000008009644       0x14 ../Lib/Common/Lib/GUI/GUI_GCC_CM7_R6.a(Font_Console10.o)
 .rodata.char46
                0x0000000008009658       0x14 ../Lib/Common/Lib/GUI/GUI_GCC_CM7_R6.a(Font_Console10.o)
 .rodata.char47
                0x000000000800966c       0x14 ../Lib/Common/Lib/GUI/GUI_GCC_CM7_R6.a(Font_Console10.o)
 .rodata.char48
                0x0000000008009680       0x14 ../Lib/Common/Lib/GUI/GUI_GCC_CM7_R6.a(Font_Console10.o)
 .rodata.char49
                0x0000000008009694       0x14 ../Lib/Common/Lib/GUI/GUI_GCC_CM7_R6.a(Font_Console10.o)
 .rodata.char50
                0x00000000080096a8       0x14 ../Lib/Common/Lib/GUI/GUI_GCC_CM7_R6.a(Font_Console10.o)
 .rodata.char51
                0x00000000080096bc       0x14 ../Lib/Common/Lib/GUI/GUI_GCC_CM7_R6.a(Font_Console10.o)
 .rodata.char52
                0x00000000080096d0       0x14 ../Lib/Common/Lib/GUI/GUI_GCC_CM7_R6.a(Font_Console10.o)
 .rodata.char53
                0x00000000080096e4       0x14 ../Lib/Common/Lib/GUI/GUI_GCC_CM7_R6.a(Font_Console10.o)
 .rodata.char54
                0x00000000080096f8       0x14 ../Lib/Common/Lib/GUI/GUI_GCC_CM7_R6.a(Font_Console10.o)
 .rodata.char55
                0x000000000800970c       0x14 ../Lib/Common/Lib/GUI/GUI_GCC_CM7_R6.a(Font_Console10.o)
 .rodata.char56
                0x0000000008009720       0x14 ../Lib/Common/Lib/GUI/GUI_GCC_CM7_R6.a(Font_Console10.o)
 .rodata.char57
                0x0000000008009734       0x14 ../Lib/Common/Lib/GUI/GUI_GCC_CM7_R6.a(Font_Console10.o)
 .rodata.char58
                0x0000000008009748       0x14 ../Lib/Common/Lib/GUI/GUI_GCC_CM7_R6.a(Font_Console10.o)
 .rodata.char59
                0x000000000800975c       0x14 ../Lib/Common/Lib/GUI/GUI_GCC_CM7_R6.a(Font_Console10.o)
 .rodata.char60
                0x0000000008009770       0x14 ../Lib/Common/Lib/GUI/GUI_GCC_CM7_R6.a(Font_Console10.o)
 .rodata.char61
                0x0000000008009784       0x14 ../Lib/Common/Lib/GUI/GUI_GCC_CM7_R6.a(Font_Console10.o)
 .rodata.char62
                0x0000000008009798       0x14 ../Lib/Common/Lib/GUI/GUI_GCC_CM7_R6.a(Font_Console10.o)
 .rodata.char63
                0x00000000080097ac       0x14 ../Lib/Common/Lib/GUI/GUI_GCC_CM7_R6.a(Font_Console10.o)
 .rodata.char64
                0x00000000080097c0       0x14 ../Lib/Common/Lib/GUI/GUI_GCC_CM7_R6.a(Font_Console10.o)
 .rodata.char65
                0x00000000080097d4       0x14 ../Lib/Common/Lib/GUI/GUI_GCC_CM7_R6.a(Font_Console10.o)
 .rodata.char66
                0x00000000080097e8       0x14 ../Lib/Common/Lib/GUI/GUI_GCC_CM7_R6.a(Font_Console10.o)
 .rodata.char67
                0x00000000080097fc       0x14 ../Lib/Common/Lib/GUI/GUI_GCC_CM7_R6.a(Font_Console10.o)
 .rodata.char68
                0x0000000008009810       0x14 ../Lib/Common/Lib/GUI/GUI_GCC_CM7_R6.a(Font_Console10.o)
 .rodata.char69
                0x0000000008009824       0x14 ../Lib/Common/Lib/GUI/GUI_GCC_CM7_R6.a(Font_Console10.o)
 .rodata.char70
                0x0000000008009838       0x14 ../Lib/Common/Lib/GUI/GUI_GCC_CM7_R6.a(Font_Console10.o)
 .rodata.char71
                0x000000000800984c       0x14 ../Lib/Common/Lib/GUI/GUI_GCC_CM7_R6.a(Font_Console10.o)
 .rodata.char72
                0x0000000008009860       0x14 ../Lib/Common/Lib/GUI/GUI_GCC_CM7_R6.a(Font_Console10.o)
 .rodata.char73
                0x0000000008009874       0x14 ../Lib/Common/Lib/GUI/GUI_GCC_CM7_R6.a(Font_Console10.o)
 .rodata.char74
                0x0000000008009888       0x14 ../Lib/Common/Lib/GUI/GUI_GCC_CM7_R6.a(Font_Console10.o)
 .rodata.char75
                0x000000000800989c       0x14 ../Lib/Common/Lib/GUI/GUI_GCC_CM7_R6.a(Font_Console10.o)
 .rodata.char76
                0x00000000080098b0       0x14 ../Lib/Common/Lib/GUI/GUI_GCC_CM7_R6.a(Font_Console10.o)
 .rodata.char77
                0x00000000080098c4       0x14 ../Lib/Common/Lib/GUI/GUI_GCC_CM7_R6.a(Font_Console10.o)
 .rodata.char78
                0x00000000080098d8       0x14 ../Lib/Common/Lib/GUI/GUI_GCC_CM7_R6.a(Font_Console10.o)
 .rodata.char79
                0x00000000080098ec       0x14 ../Lib/Common/Lib/GUI/GUI_GCC_CM7_R6.a(Font_Console10.o)
 .rodata.char80
                0x0000000008009900       0x14 ../Lib/Common/Lib/GUI/GUI_GCC_CM7_R6.a(Font_Console10.o)
 .rodata.char81
                0x0000000008009914       0x14 ../Lib/Common/Lib/GUI/GUI_GCC_CM7_R6.a(Font_Console10.o)
 .rodata.char82
                0x0000000008009928       0x14 ../Lib/Common/Lib/GUI/GUI_GCC_CM7_R6.a(Font_Console10.o)
 .rodata.char83
                0x000000000800993c       0x14 ../Lib/Common/Lib/GUI/GUI_GCC_CM7_R6.a(Font_Console10.o)
 .rodata.char84
                0x0000000008009950       0x14 ../Lib/Common/Lib/GUI/GUI_GCC_CM7_R6.a(Font_Console10.o)
 .rodata.char85
                0x0000000008009964       0x14 ../Lib/Common/Lib/GUI/GUI_GCC_CM7_R6.a(Font_Console10.o)
 .rodata.char86
                0x0000000008009978       0x14 ../Lib/Common/Lib/GUI/GUI_GCC_CM7_R6.a(Font_Console10.o)
 .rodata.char87
                0x000000000800998c       0x14 ../Lib/Common/Lib/GUI/GUI_GCC_CM7_R6.a(Font_Console10.o)
 .rodata.char88
                0x00000000080099a0       0x14 ../Lib/Common/Lib/GUI/GUI_GCC_CM7_R6.a(Font_Console10.o)
 .rodata.char89
                0x00000000080099b4       0x14 ../Lib/Common/Lib/GUI/GUI_GCC_CM7_R6.a(Font_Console10.o)
 .rodata.char90
                0x00000000080099c8       0x14 ../Lib/Common/Lib/GUI/GUI_GCC_CM7_R6.a(Font_Console10.o)
 .rodata.char91
                0x00000000080099dc       0x14 ../Lib/Common/Lib/GUI/GUI_GCC_CM7_R6.a(Font_Console10.o)
 .rodata.char92
                0x00000000080099f0       0x14 ../Lib/Common/Lib/GUI/GUI_GCC_CM7_R6.a(Font_Console10.o)
 .rodata.char93
                0x0000000008009a04       0x14 ../Lib/Common/Lib/GUI/GUI_GCC_CM7_R6.a(Font_Console10.o)
 .rodata.char94
                0x0000000008009a18       0x14 ../Lib/Common/Lib/GUI/GUI_GCC_CM7_R6.a(Font_Console10.o)
 .rodata.char95
                0x0000000008009a2c       0x14 ../Lib/Common/Lib/GUI/GUI_GCC_CM7_R6.a(Font_Console10.o)
 .rodata.char96
                0x0000000008009a40       0x14 ../Lib/Common/Lib/GUI/GUI_GCC_CM7_R6.a(Font_Console10.o)
 .rodata.char97
                0x0000000008009a54       0x14 ../Lib/Common/Lib/GUI/GUI_GCC_CM7_R6.a(Font_Console10.o)
 .rodata.char98
                0x0000000008009a68       0x14 ../Lib/Common/Lib/GUI/GUI_GCC_CM7_R6.a(Font_Console10.o)
 .rodata.char99
                0x0000000008009a7c       0x14 ../Lib/Common/Lib/GUI/GUI_GCC_CM7_R6.a(Font_Console10.o)
                0x0000000008009a90                __rodata_end__ = (__rodata_start__ + SIZEOF (.rodata))
                0x0000000000000c6c                __rodata_size__ = SIZEOF (.rodata)
                0x0000000008009a90                __rodata_load_end__ = __rodata_end__

.rel.dyn        0x0000000008000000        0x0
 .rel.iplt      0x0000000008000000        0x0 Output/UWB Release/Obj/system_stm32f7xx.o
                0x0000000000000001                . = ASSERT (((__rodata_start__ == __rodata_end__) || ((__rodata_end__ - __FLASH_segment_start__) <= __FLASH_segment_size__)), error: .rodata is too large to fit in FLASH memory segment)
                0x0000000008009a90                __ARM.exidx_load_start__ = ALIGN (__rodata_end__, 0x4)

.ARM.exidx      0x0000000008009a90        0x0
                0x0000000008009a90                __ARM.exidx_start__ = .
                0x0000000008009a90                __exidx_start = __ARM.exidx_start__
 *(.ARM.exidx .ARM.exidx.*)
                0x0000000008009a90                __ARM.exidx_end__ = (__ARM.exidx_start__ + SIZEOF (.ARM.exidx))
                0x0000000000000000                __ARM.exidx_size__ = SIZEOF (.ARM.exidx)
                0x0000000008009a90                __exidx_end = __ARM.exidx_end__
                0x0000000008009a90                __ARM.exidx_load_end__ = __ARM.exidx_end__
                0x0000000000000001                . = ASSERT (((__ARM.exidx_start__ == __ARM.exidx_end__) || ((__ARM.exidx_end__ - __FLASH_segment_start__) <= __FLASH_segment_size__)), error: .ARM.exidx is too large to fit in FLASH memory segment)
                0x0000000008009a90                __fast_load_start__ = ALIGN (__ARM.exidx_end__, 0x4)

.fast           0x0000000020000000        0x0 load address 0x0000000008009a90
                0x0000000020000000                __fast_start__ = .
 *(.fast .fast.*)
                0x0000000020000000                __fast_end__ = (__fast_start__ + SIZEOF (.fast))
                0x0000000000000000                __fast_size__ = SIZEOF (.fast)
                0x0000000008009a90                __fast_load_end__ = (__fast_load_start__ + SIZEOF (.fast))
                0x0000000000000001                . = ASSERT (((__fast_load_start__ == __fast_load_end__) || ((__fast_load_end__ - __FLASH_segment_start__) <= __FLASH_segment_size__)), error: .fast is too large to fit in FLASH memory segment)

.fast_run       0x0000000020000000        0x0
                0x0000000020000000                __fast_run_start__ = .
                0x0000000020000000                . = MAX ((__fast_run_start__ + SIZEOF (.fast)), .)
                0x0000000020000000                __fast_run_end__ = (__fast_run_start__ + SIZEOF (.fast_run))
                0x0000000000000000                __fast_run_size__ = SIZEOF (.fast_run)
                0x0000000020000000                __fast_run_load_end__ = __fast_run_end__
                0x0000000000000001                . = ASSERT (((__fast_run_start__ == __fast_run_end__) || ((__fast_run_end__ - __RAM_segment_start__) <= __RAM_segment_size__)), error: .fast_run is too large to fit in RAM memory segment)
                0x0000000008009a90                __data_load_start__ = ALIGN ((__fast_load_start__ + SIZEOF (.fast)), 0x4)

.data           0x0000000020000000      0x1c0 load address 0x0000000008009a90
                0x0000000020000000                __data_start__ = .
 *(.data .data.* .gnu.linkonce.d.*)
 .data.SystemCoreClock
                0x0000000020000000        0x4 Output/UWB Release/Obj/system_stm32f7xx.o
                0x0000000020000000                SystemCoreClock
 .data.g_nScreenX
                0x0000000020000004        0x4 Output/UWB Release/Obj/LCD_ST7735R.o
 .data.g_nScreenY
                0x0000000020000008        0x4 Output/UWB Release/Obj/LCD_ST7735R.o
 .data.UWB_CFG  0x000000002000000c        0xb Output/UWB Release/Obj/ips_Test.o
 *fill*         0x0000000020000017        0x1 
 .data.g_aDestAddr
                0x0000000020000018        0x6 Output/UWB Release/Obj/ips_Test.o
 *fill*         0x000000002000001e        0x2 
 .data.g_aPanId
                0x0000000020000020        0x6 Output/UWB Release/Obj/ips_Test.o
 *fill*         0x0000000020000026        0x2 
 .data.g_bFwd   0x0000000020000028        0x4 Output/UWB Release/Obj/main.o
 .data.g_bLcdFree
                0x000000002000002c        0x4 Output/UWB Release/Obj/main.o
                0x000000002000002c                g_bLcdFree
 .data.g_nLCDTick
                0x0000000020000030        0x4 Output/UWB Release/Obj/main.o
 .data.g_nSysTick
                0x0000000020000034        0x4 Output/UWB Release/Obj/main.o
 .data.y        0x0000000020000038        0x4 Output/UWB Release/Obj/main.o
 .data.g_pFont  0x000000002000003c        0x4 ../Lib/Common/Lib/GUI/GUI_GCC_CM7_R6.a(gui.o)
 .data.GUI_CONSOLE10_FONT
                0x0000000020000040      0x180 ../Lib/Common/Lib/GUI/GUI_GCC_CM7_R6.a(Font_Console10.o)
                0x0000000020000040                GUI_CONSOLE10_FONT
                0x00000000200001c0                __data_end__ = (__data_start__ + SIZEOF (.data))
                0x00000000000001c0                __data_size__ = SIZEOF (.data)
                0x0000000008009c50                __data_load_end__ = (__data_load_start__ + SIZEOF (.data))

.igot.plt       0x0000000100000000        0x0
 .igot.plt      0x0000000100000000        0x0 Output/UWB Release/Obj/system_stm32f7xx.o
                0x0000000000000001                . = ASSERT (((__data_load_start__ == __data_load_end__) || ((__data_load_end__ - __FLASH_segment_start__) <= __FLASH_segment_size__)), error: .data is too large to fit in FLASH memory segment)

.data_run       0x0000000020000000      0x1c0 load address 0x0000000008009a90
                0x0000000020000000                __data_run_start__ = .
                0x00000000200001c0                . = MAX ((__data_run_start__ + SIZEOF (.data)), .)
 *fill*         0x0000000020000000      0x1c0 
                0x00000000200001c0                __data_run_end__ = (__data_run_start__ + SIZEOF (.data_run))
                0x00000000000001c0                __data_run_size__ = SIZEOF (.data_run)
                0x00000000200001c0                __data_run_load_end__ = __data_run_end__
                0x0000000000000001                . = ASSERT (((__data_run_start__ == __data_run_end__) || ((__data_run_end__ - __RAM_segment_start__) <= __RAM_segment_size__)), error: .data_run is too large to fit in RAM memory segment)
                0x0000000008009c50                __tdata_load_start__ = ALIGN ((__data_load_start__ + SIZEOF (.data)), 0x4)

.tdata          0x00000000200001c0        0x0 load address 0x0000000008009c50
                0x00000000200001c0                __tdata_start__ = .
 *(.tdata .tdata.*)
                0x00000000200001c0                __tdata_end__ = (__tdata_start__ + SIZEOF (.tdata))
                0x0000000000000000                __tdata_size__ = SIZEOF (.tdata)
                0x0000000008009c50                __tdata_load_end__ = (__tdata_load_start__ + SIZEOF (.tdata))
                0x0000000008009c50                __FLASH_segment_used_end__ = (ALIGN ((__data_load_start__ + SIZEOF (.data)), 0x4) + SIZEOF (.tdata))
                0x0000000000009c50                __FLASH_segment_used_size__ = (__FLASH_segment_used_end__ - __FLASH_segment_start__)
                0x0000000000000001                . = ASSERT (((__tdata_load_start__ == __tdata_load_end__) || ((__tdata_load_end__ - __FLASH_segment_start__) <= __FLASH_segment_size__)), error: .tdata is too large to fit in FLASH memory segment)

.tdata_run      0x00000000200001c0        0x0
                0x00000000200001c0                __tdata_run_start__ = .
                0x00000000200001c0                . = MAX ((__tdata_run_start__ + SIZEOF (.tdata)), .)
                0x00000000200001c0                __tdata_run_end__ = (__tdata_run_start__ + SIZEOF (.tdata_run))
                0x0000000000000000                __tdata_run_size__ = SIZEOF (.tdata_run)
                0x00000000200001c0                __tdata_run_load_end__ = __tdata_run_end__
                0x0000000000000001                . = ASSERT (((__tdata_run_start__ == __tdata_run_end__) || ((__tdata_run_end__ - __RAM_segment_start__) <= __RAM_segment_size__)), error: .tdata_run is too large to fit in RAM memory segment)
                0x00000000200001c0                __bss_load_start__ = ALIGN (__tdata_run_end__, 0x4)

.bss            0x00000000200001c0     0x468c
                0x00000000200001c0                __bss_start__ = .
 *(.bss .bss.* .gnu.linkonce.b.*)
 .bss.g_pSpiIrqhandles
                0x00000000200001c0       0x14 Output/UWB Release/Obj/SPIM.o
 .bss.g_pDma1IrqHandles
                0x00000000200001d4       0x20 ../../../../StdLib/Release/STM32F722/DMA_LIB.a(dma.o)
 .bss.g_pDma2IrqHandles
                0x00000000200001f4       0x20 ../../../../StdLib/Release/STM32F722/DMA_LIB.a(dma.o)
 .bss.data      0x0000000020000214       0x40 Output/UWB Release/Obj/LCD_ST7735R.o
 .bss.g_Cmd     0x0000000020000254        0x1 Output/UWB Release/Obj/LCD_ST7735R.o
 .bss.g_Data    0x0000000020000255        0x1 Output/UWB Release/Obj/LCD_ST7735R.o
 *fill*         0x0000000020000256        0x2 
 .bss.g_aRxBuf  0x0000000020000258     0x2000 Output/UWB Release/Obj/LCD_ST7735R.o
 .bss.g_bSpiDone
                0x0000000020002258        0x4 Output/UWB Release/Obj/LCD_ST7735R.o
 .bss.g_pSpimHandle
                0x000000002000225c        0x4 Output/UWB Release/Obj/LCD_ST7735R.o
 .bss.g_pfLcdCbTransferDone
                0x0000000020002260        0x4 Output/UWB Release/Obj/LCD_ST7735R.o
 *fill*         0x0000000020002264        0x4 
 .bss.g_PIDHandles
                0x0000000020002268      0x1e0 Output/UWB Release/Obj/motors.o
 .bss.g_PwmHandle
                0x0000000020002448        0xc Output/UWB Release/Obj/motors.o
 .bss.g_CPR     0x0000000020002454        0x4 Output/UWB Release/Obj/Encoder.o
 .bss.g_GearRatio
                0x0000000020002458        0x4 Output/UWB Release/Obj/Encoder.o
 *fill*         0x000000002000245c        0x4 
 .bss.g_RpmConst
                0x0000000020002460        0x8 Output/UWB Release/Obj/Encoder.o
 .bss.g_TimerHook
                0x0000000020002468        0x8 Output/UWB Release/Obj/Encoder.o
 .bss.g_TimerHz
                0x0000000020002470        0x4 Output/UWB Release/Obj/Encoder.o
 .bss.g_nInterval
                0x0000000020002474        0x4 Output/UWB Release/Obj/Encoder.o
 .bss.g_nIntervalConst
                0x0000000020002478        0x4 Output/UWB Release/Obj/Encoder.o
 .bss.g_pHeadHandle
                0x000000002000247c        0x4 Output/UWB Release/Obj/Encoder.o
 .bss.g_pTimerHandle
                0x0000000020002480        0x4 Output/UWB Release/Obj/Encoder.o
 .bss.g_pfcbEncReady
                0x0000000020002484        0x4 Output/UWB Release/Obj/Encoder.o
 .bss.g_RespMsg
                0x0000000020002488       0x14 Output/UWB Release/Obj/ips_Test.o
 .bss.g_TxMsg   0x000000002000249c        0xc Output/UWB Release/Obj/ips_Test.o
 .bss.g_UWBHandle
                0x00000000200024a8       0x34 Output/UWB Release/Obj/ips_Test.o
 .bss.g_aSpiRxBuf
                0x00000000200024dc       0x18 Output/UWB Release/Obj/ips_Test.o
 .bss.g_aSpiTxBuf
                0x00000000200024f4       0x18 Output/UWB Release/Obj/ips_Test.o
 .bss.g_bSpiDone
                0x000000002000250c        0x4 Output/UWB Release/Obj/ips_Test.o
 .bss.g_bSts    0x0000000020002510        0x4 Output/UWB Release/Obj/ips_Test.o
 *fill*         0x0000000020002514        0x4 
 .bss.g_dDistance
                0x0000000020002518       0x18 Output/UWB Release/Obj/ips_Test.o
 .bss.g_dMatA   0x0000000020002530       0x20 Output/UWB Release/Obj/ips_Test.o
 .bss.g_dMatB   0x0000000020002550       0x10 Output/UWB Release/Obj/ips_Test.o
 .bss.g_dMatInvA
                0x0000000020002560       0x20 Output/UWB Release/Obj/ips_Test.o
 .bss.g_nBc     0x0000000020002580        0x4 Output/UWB Release/Obj/ips_Test.o
 *fill*         0x0000000020002584        0x4 
 .bss.g_nCurrentCoordinate
                0x0000000020002588       0x10 Output/UWB Release/Obj/ips_Test.o
                0x0000000020002588                g_nCurrentCoordinate
 .bss.g_nTimeoutMs
                0x0000000020002598        0x4 Output/UWB Release/Obj/ips_Test.o
 .bss.g_pSpimHandle
                0x000000002000259c        0x4 Output/UWB Release/Obj/ips_Test.o
 .bss.layer1    0x00000000200025a0        0x8 Output/UWB Release/Obj/ips_Test.o
                0x00000000200025a0                layer1
 .bss.layer2    0x00000000200025a8        0x8 Output/UWB Release/Obj/ips_Test.o
                0x00000000200025a8                layer2
 .bss.layer3    0x00000000200025b0        0x8 Output/UWB Release/Obj/ips_Test.o
                0x00000000200025b0                layer3
 .bss.nOrder    0x00000000200025b8        0x4 Output/UWB Release/Obj/ips_Test.o
                0x00000000200025b8                nOrder
 .bss.g_pI2cIrqHandles
                0x00000000200025bc        0xc Output/UWB Release/Obj/I2c.o
 .bss.Current_X
                0x00000000200025c8        0x8 Output/UWB Release/Obj/main.o
 .bss.Current_Y
                0x00000000200025d0        0x8 Output/UWB Release/Obj/main.o
 .bss.Movright  0x00000000200025d8        0x4 Output/UWB Release/Obj/main.o
 .bss.g_CcmHandles
                0x00000000200025dc       0x20 Output/UWB Release/Obj/main.o
 .bss.g_Dma1Spi2RxHandle
                0x00000000200025fc       0x20 Output/UWB Release/Obj/main.o
 .bss.g_Dma1Spi2TxHandle
                0x000000002000261c       0x20 Output/UWB Release/Obj/main.o
 .bss.g_MemDev  0x000000002000263c       0x50 Output/UWB Release/Obj/main.o
 .bss.g_ShaftEncHandles
                0x000000002000268c       0x80 Output/UWB Release/Obj/main.o
 .bss.g_SpimLcdHandle
                0x000000002000270c       0x40 Output/UWB Release/Obj/main.o
 .bss.g_SpimUWBHandle
                0x000000002000274c       0x40 Output/UWB Release/Obj/main.o
 .bss.g_Timer5Handle
                0x000000002000278c        0xc Output/UWB Release/Obj/main.o
 .bss.g_aBuf    0x0000000020002798     0x2000 Output/UWB Release/Obj/main.o
 .bss.g_aStrbuf
                0x0000000020004798       0x40 Output/UWB Release/Obj/main.o
 .bss.g_bEncoderData
                0x00000000200047d8        0x4 Output/UWB Release/Obj/main.o
 .bss.g_bLCDUpdate
                0x00000000200047dc        0x4 Output/UWB Release/Obj/main.o
 .bss.g_bSysTickReady
                0x00000000200047e0        0x4 Output/UWB Release/Obj/main.o
 *fill*         0x00000000200047e4        0x4 
 .bss.g_nCount  0x00000000200047e8        0x8 Output/UWB Release/Obj/main.o
 .bss.g_nDelayms
                0x00000000200047f0        0x4 Output/UWB Release/Obj/main.o
 .bss.g_nMove   0x00000000200047f4        0x1 Output/UWB Release/Obj/main.o
 *fill*         0x00000000200047f5        0x3 
 .bss.statechange1
                0x00000000200047f8        0x4 Output/UWB Release/Obj/main.o
 .bss.x         0x00000000200047fc        0x4 Output/UWB Release/Obj/main.o
 .bss.libc.__user_format_extender
                0x0000000020004800        0x4 C:/Program Files/SEGGER/SEGGER Embedded Studio for ARM 4.18/lib/libc_v7em_fpv5_sp_d16_hard_t_le_eabi.a(libc2.o)
                0x0000000020004800                __user_format_extender
 .bss.g_aTimerIrqHandle
                0x0000000020004804       0x38 ../../../../StdLib/Release/STM32F722/TIMER_LIB.a(Timer.o)
 .bss.g_FontBackColor
                0x000000002000483c        0x4 ../Lib/Common/Lib/GUI/GUI_GCC_CM7_R6.a(gui.o)
 .bss.g_b16BitPerPixel
                0x0000000020004840        0x4 ../Lib/Common/Lib/GUI/GUI_GCC_CM7_R6.a(gui.o)
 .bss.g_hMemPtr
                0x0000000020004844        0x4 ../Lib/Common/Lib/GUI/GUI_GCC_CM7_R6.a(gui.o)
 .bss.g_pFramEnd
                0x0000000020004848        0x4 ../Lib/Common/Lib/GUI/GUI_GCC_CM7_R6.a(gui.o)
 *(COMMON)
                0x000000002000484c                __bss_end__ = (__bss_start__ + SIZEOF (.bss))
                0x000000000000468c                __bss_size__ = SIZEOF (.bss)
                0x000000002000484c                __bss_load_end__ = __bss_end__
                0x0000000000000001                . = ASSERT (((__bss_start__ == __bss_end__) || ((__bss_end__ - __RAM_segment_start__) <= __RAM_segment_size__)), error: .bss is too large to fit in RAM memory segment)
                0x000000002000484c                __tbss_load_start__ = ALIGN (__bss_end__, 0x4)

.tbss           0x000000002000484c        0x4
                0x000000002000484c                __tbss_start__ = .
 *(.tbss .tbss.*)
 .tbss.errno_val
                0x000000002000484c        0x4 C:/Program Files/SEGGER/SEGGER Embedded Studio for ARM 4.18/lib/libc_v7em_fpv5_sp_d16_hard_t_le_eabi.a(libc2.o)
                0x0000000020004850                __tbss_end__ = (__tbss_start__ + SIZEOF (.tbss))
                0x0000000000000004                __tbss_size__ = SIZEOF (.tbss)
                0x0000000020004850                __tbss_load_end__ = __tbss_end__
                0x0000000000000001                . = ASSERT (((__tbss_start__ == __tbss_end__) || ((__tbss_end__ - __RAM_segment_start__) <= __RAM_segment_size__)), error: .tbss is too large to fit in RAM memory segment)
                0x0000000020004850                __non_init_load_start__ = ALIGN (__tbss_end__, 0x4)

.non_init       0x0000000020004850        0x0
                0x0000000020004850                __non_init_start__ = .
 *(.non_init .non_init.*)
                0x0000000020004850                __non_init_end__ = (__non_init_start__ + SIZEOF (.non_init))
                0x0000000000000000                __non_init_size__ = SIZEOF (.non_init)
                0x0000000020004850                __non_init_load_end__ = __non_init_end__
                0x0000000000000001                . = ASSERT (((__non_init_start__ == __non_init_end__) || ((__non_init_end__ - __RAM_segment_start__) <= __RAM_segment_size__)), error: .non_init is too large to fit in RAM memory segment)
                0x0000000020004850                __heap_load_start__ = ALIGN (__non_init_end__, 0x4)

.heap           0x0000000020004850      0x100
                0x0000000020004850                __heap_start__ = .
 *(.heap .heap.*)
                0x0000000020004950                . = ALIGN (MAX ((__heap_start__ + __HEAPSIZE__), .), 0x4)
 *fill*         0x0000000020004850      0x100 
                0x0000000020004950                __heap_end__ = (__heap_start__ + SIZEOF (.heap))
                0x0000000000000100                __heap_size__ = SIZEOF (.heap)
                0x0000000020004950                __heap_load_end__ = __heap_end__
                0x0000000000000001                . = ASSERT (((__heap_start__ == __heap_end__) || ((__heap_end__ - __RAM_segment_start__) <= __RAM_segment_size__)), error: .heap is too large to fit in RAM memory segment)
                0x000000002001ff00                __stack_load_start__ = (__RAM_segment_start__ + (__RAM_segment_size__ - 0x100))

.stack          0x000000002001ff00      0x100
                0x000000002001ff00                __stack_start__ = .
 *(.stack .stack.*)
                0x0000000020020000                . = ALIGN (MAX ((__stack_start__ + __STACKSIZE__), .), 0x8)
 *fill*         0x000000002001ff00      0x100 
                0x0000000020020000                __stack_end__ = (__stack_start__ + SIZEOF (.stack))
                0x0000000000000100                __stack_size__ = SIZEOF (.stack)
                0x0000000020020000                __stack_load_end__ = __stack_end__
                0x0000000000000001                . = ASSERT (((__stack_start__ == __stack_end__) || ((__stack_end__ - __RAM_segment_start__) <= __RAM_segment_size__)), error: .stack is too large to fit in RAM memory segment)
                0x0000000000000001                . = ASSERT ((__heap_end__ <= __stack_start__), error: section .heap overlaps absolute placed section .stack)
                0x0000000020020000                __stack_process_load_start__ = ALIGN (__stack_end__, 0x8)

.stack_process  0x0000000020020000        0x0
                0x0000000020020000                __stack_process_start__ = .
 *(.stack_process .stack_process.*)
                0x0000000020020000                . = ALIGN (MAX ((__stack_process_start__ + __STACKSIZE_PROCESS__), .), 0x8)
                0x0000000020020000                __stack_process_end__ = (__stack_process_start__ + SIZEOF (.stack_process))
                0x0000000000000000                __stack_process_size__ = SIZEOF (.stack_process)