Archive member included to satisfy reference by file (symbol)

../../../../StdLib/Common/Lib/GUI/DPGUI_GCC_M7_R10.a(FONT_calibri10.o)
                              Output/RTOS_Queue Release/Obj/main.o (g_sFontCalibri10)
../../../../StdLib/Common/Lib/GUI/DPGUI_GCC_M7_R10.a(gui.o)
                              Output/RTOS_Queue Release/Obj/main.o (GUI_Init)
C:/Program Files/SEGGER/SEGGER Embedded Studio for ARM 4.30b/lib/libm_v7em_fpv5_sp_d16_hard_t_le_eabi.a(libm_asm.o)
                              Output/RTOS_Queue Release/Obj/Usart.o (__aeabi_dadd)
C:/Program Files/SEGGER/SEGGER Embedded Studio for ARM 4.30b/lib/libm_v7em_fpv5_sp_d16_hard_t_le_eabi.a(libm2.o)
                              Output/RTOS_Queue Release/Obj/imu.o (asinf)
C:/Program Files/SEGGER/SEGGER Embedded Studio for ARM 4.30b/lib/libm_v7em_fpv5_sp_d16_hard_t_le_eabi.a(libm2_asm.o)
                              Output/RTOS_Queue Release/Obj/imu.o (sqrtf)
C:/Program Files/SEGGER/SEGGER Embedded Studio for ARM 4.30b/lib/libc_v7em_fpv5_sp_d16_hard_t_le_eabi.a(libc2.o)
                              Output/RTOS_Queue Release/Obj/deca_device.o (abs)
C:/Program Files/SEGGER/SEGGER Embedded Studio for ARM 4.30b/lib/libc_v7em_fpv5_sp_d16_hard_t_le_eabi.a(libc2_asm.o)
                              Output/RTOS_Queue Release/Obj/term.o (memcpy)
C:/Program Files/SEGGER/SEGGER Embedded Studio for ARM 4.30b/lib/libc_v7em_fpv5_sp_d16_hard_t_le_eabi.a(libc_asm.o)
                              C:/Program Files/SEGGER/SEGGER Embedded Studio for ARM 4.30b/lib/libc_v7em_fpv5_sp_d16_hard_t_le_eabi.a(libc2.o) (__aeabi_uldivmod)
C:/Program Files/SEGGER/SEGGER Embedded Studio for ARM 4.30b/lib/libdebugio_v7em_fpv5_sp_d16_hard_t_le_eabi.a(libdebugio.o)
                              Output/RTOS_Queue Release/Obj/thumb_crt0.o (debug_fopen)
../../../../StdLib/Release/STM32F722/TIMER_LIB.a(Timer.o)
                              Output/RTOS_Queue Release/Obj/main.o (TimerInit)
../../../../StdLib/Release/STM32F722/SPIM_LIB.a(spim.o)
                              Output/RTOS_Queue Release/Obj/main.o (SpimInit)
../../../../StdLib/Release/STM32F722/DMA_LIB.a(dma.o)
                              Output/RTOS_Queue Release/Obj/main.o (DmaInit)
C:/Program Files/SEGGER/SEGGER Embedded Studio for ARM 4.30b/lib/libdebugio_mempoll_v7em_fpv5_sp_d16_hard_t_le_eabi.a(mempoll_debug_operations.o)
                              C:/Program Files/SEGGER/SEGGER Embedded Studio for ARM 4.30b/lib/libdebugio_v7em_fpv5_sp_d16_hard_t_le_eabi.a(libdebugio.o) (__do_debug_operation)
C:/Program Files/SEGGER/SEGGER Embedded Studio for ARM 4.30b/lib/libdebugio_mempoll_v7em_fpv5_sp_d16_hard_t_le_eabi.a(do_nv_debug_operation.o)
                              C:/Program Files/SEGGER/SEGGER Embedded Studio for ARM 4.30b/lib/libdebugio_v7em_fpv5_sp_d16_hard_t_le_eabi.a(libdebugio.o) (__do_nvdebug_operation)

Discarded input sections

 .text          0x0000000000000000        0x0 Output/RTOS_Queue Release/Obj/system_stm32f7xx.o
 .data          0x0000000000000000        0x0 Output/RTOS_Queue Release/Obj/system_stm32f7xx.o
 .bss           0x0000000000000000        0x0 Output/RTOS_Queue Release/Obj/system_stm32f7xx.o
 .rodata.APBPrescTable
                0x0000000000000000        0x8 Output/RTOS_Queue Release/Obj/system_stm32f7xx.o
 .text          0x0000000000000000        0x0 Output/RTOS_Queue Release/Obj/BSP.o
 .data          0x0000000000000000        0x0 Output/RTOS_Queue Release/Obj/BSP.o
 .bss           0x0000000000000000        0x0 Output/RTOS_Queue Release/Obj/BSP.o
 .text          0x0000000000000000        0x0 Output/RTOS_Queue Release/Obj/IRQ.o
 .data          0x0000000000000000        0x0 Output/RTOS_Queue Release/Obj/IRQ.o
 .bss           0x0000000000000000        0x0 Output/RTOS_Queue Release/Obj/IRQ.o
 .text          0x0000000000000000        0x0 Output/RTOS_Queue Release/Obj/Clock.o
 .data          0x0000000000000000        0x0 Output/RTOS_Queue Release/Obj/Clock.o
 .bss           0x0000000000000000        0x0 Output/RTOS_Queue Release/Obj/Clock.o
 .text.ClockSetWaitStates
                0x0000000000000000       0xb0 Output/RTOS_Queue Release/Obj/Clock.o
 .text          0x0000000000000000        0x0 Output/RTOS_Queue Release/Obj/Hal.o
 .data          0x0000000000000000        0x0 Output/RTOS_Queue Release/Obj/Hal.o
 .bss           0x0000000000000000        0x0 Output/RTOS_Queue Release/Obj/Hal.o
 .text          0x0000000000000000        0x0 Output/RTOS_Queue Release/Obj/Retarget.o
 .data          0x0000000000000000        0x0 Output/RTOS_Queue Release/Obj/Retarget.o
 .bss           0x0000000000000000        0x0 Output/RTOS_Queue Release/Obj/Retarget.o
 .text.IsKbHit  0x0000000000000000        0x4 Output/RTOS_Queue Release/Obj/Retarget.o
 .text.GetKey   0x0000000000000000        0xc Output/RTOS_Queue Release/Obj/Retarget.o
 .text.x_putchar
                0x0000000000000000        0x4 Output/RTOS_Queue Release/Obj/Retarget.o
 .text.__getchar
[...]
Memory Configuration

Name             Origin             Length             Attributes
UNPLACED_SECTIONS 0x0000000100000000 0x0000000000000000 xw
RAM2             0x0000000020020000 0x0000000000060000 xw
RAM              0x0000000020000000 0x0000000000020000 xw
FLASH            0x0000000008000000 0x0000000000200000 xr
FLASH2           0x0000000000200000 0x0000000000200000 xr
*default*        0x0000000000000000 0xffffffffffffffff

Linker script and memory map

                0x000000000800bf98                __vfprintf = __vfprintf_float_long
                0x0000000000000000                __vfscanf = __vfscanf_float_long
                0x0000000020020000                __RAM2_segment_start__ = 0x20020000
                0x0000000020080000                __RAM2_segment_end__ = 0x20080000
                0x0000000000060000                __RAM2_segment_size__ = 0x60000
                0x0000000020000000                __RAM_segment_start__ = 0x20000000
                0x0000000020020000                __RAM_segment_end__ = 0x20020000
                0x0000000000020000                __RAM_segment_size__ = 0x20000
                0x0000000008000000                __FLASH_segment_start__ = 0x8000000
                0x0000000008200000                __FLASH_segment_end__ = 0x8200000
                0x0000000000200000                __FLASH_segment_size__ = 0x200000
                0x0000000000200000                __FLASH2_segment_start__ = 0x200000
                0x0000000000400000                __FLASH2_segment_end__ = 0x400000
                0x0000000000200000                __FLASH2_segment_size__ = 0x200000
                0x0000000000000100                __HEAPSIZE__ = 0x100
                0x0000000000000000                __STACKSIZE_PROCESS__ = 0x0
                0x0000000000000100                __STACKSIZE__ = 0x100
                0x0000000000200000                __text2_load_start__ = ALIGN (__FLASH2_segment_start__, 0x4)

.text2          0x0000000000200000        0x0
                0x0000000000200000                __text2_start__ = .
 *(.text2 .text2.*)
                0x0000000000200000                __text2_end__ = (__text2_start__ + SIZEOF (.text2))
                0x0000000000000000                __text2_size__ = SIZEOF (.text2)
                0x0000000000200000                __text2_load_end__ = __text2_end__
                0x0000000000000001                . = ASSERT (((__text2_start__ == __text2_end__) || ((__text2_end__ - __FLASH2_segment_start__) <= __FLASH2_segment_size__)), error: .text2 is too large to fit in FLASH2 memory segment)
                0x0000000000200000                __rodata2_load_start__ = ALIGN (__text2_end__, 0x4)

.rodata2        0x0000000000200000        0x0
                0x0000000000200000                __rodata2_start__ = .
 *(.rodata2 .rodata2.*)
                0x0000000000200000                __rodata2_end__ = (__rodata2_start__ + SIZEOF (.rodata2))
                0x0000000000000000                __rodata2_size__ = SIZEOF (.rodata2)
                0x0000000000200000                __rodata2_load_end__ = __rodata2_end__
                0x0000000000000001                . = ASSERT (((__rodata2_start__ == __rodata2_end__) || ((__rodata2_end__ - __FLASH2_segment_start__) <= __FLASH2_segment_size__)), error: .rodata2 is too large to fit in FLASH2 memory segment)
                0x0000000000200000                __data2_load_start__ = ALIGN (__rodata2_end__, 0x4)

.data2          0x0000000020020000        0x0 load address 0x0000000000200000
                0x0000000020020000                __data2_start__ = .
 *(.data2 .data2.*)
                0x0000000020020000                __data2_end__ = (__data2_start__ + SIZEOF (.data2))
                0x0000000000000000                __data2_size__ = SIZEOF (.data2)
                0x0000000000200000                __data2_load_end__ = (__data2_load_start__ + SIZEOF (.data2))
                0x0000000000200000                __FLASH2_segment_used_end__ = (ALIGN (__rodata2_end__, 0x4) + SIZEOF (.data2))
                0x0000000000000000                __FLASH2_segment_used_size__ = (__FLASH2_segment_used_end__ - __FLASH2_segment_start__)
                0x0000000000000001                . = ASSERT (((__data2_load_start__ == __data2_load_end__) || ((__data2_load_end__ - __FLASH2_segment_start__) <= __FLASH2_segment_size__)), error: .data2 is too large to fit in FLASH2 memory segment)

.data2_run      0x0000000020020000        0x0
                0x0000000020020000                __data2_run_start__ = .
                0x0000000020020000                . = MAX ((__data2_run_start__ + SIZEOF (.data2)), .)
                0x0000000020020000                __data2_run_end__ = (__data2_run_start__ + SIZEOF (.data2_run))
                0x0000000000000000                __data2_run_size__ = SIZEOF (.data2_run)
                0x0000000020020000                __data2_run_load_end__ = __data2_run_end__
                0x0000000000000001                . = ASSERT (((__data2_run_start__ == __data2_run_end__) || ((__data2_run_end__ - __RAM2_segment_start__) <= __RAM2_segment_size__)), error: .data2_run is too large to fit in RAM2 memory segment)
                0x0000000020020000                __bss2_load_start__ = ALIGN (__data2_run_end__, 0x4)

.bss2           0x0000000020020000        0x0
                0x0000000020020000                __bss2_start__ = .
 *(.bss2 .bss2.*)
                0x0000000020020000                __bss2_end__ = (__bss2_start__ + SIZEOF (.bss2))
                0x0000000000000000                __bss2_size__ = SIZEOF (.bss2)
                0x0000000020020000                __bss2_load_end__ = __bss2_end__
                0x0000000020020000                __RAM2_segment_used_end__ = (ALIGN (__data2_run_end__, 0x4) + SIZEOF (.bss2))
                0x0000000000000000                __RAM2_segment_used_size__ = (__RAM2_segment_used_end__ - __RAM2_segment_start__)
                0x0000000000000001                . = ASSERT (((__bss2_start__ == __bss2_end__) || ((__bss2_end__ - __RAM2_segment_start__) <= __RAM2_segment_size__)), error: .bss2 is too large to fit in RAM2 memory segment)
                0x0000000020000000                __vectors_ram_load_start__ = ALIGN (__RAM_segment_start__, 0x100)

.vectors_ram    0x0000000020000000        0x0
                0x0000000020000000                __vectors_ram_start__ = .
 *(.vectors_ram .vectors_ram.*)
                0x0000000020000000                __vectors_ram_end__ = (__vectors_ram_start__ + SIZEOF (.vectors_ram))
                0x0000000000000000                __vectors_ram_size__ = SIZEOF (.vectors_ram)
                0x0000000020000000                __vectors_ram_load_end__ = __vectors_ram_end__
                0x0000000000000001                . = ASSERT (((__vectors_ram_start__ == __vectors_ram_end__) || ((__vectors_ram_end__ - __RAM_segment_start__) <= __RAM_segment_size__)), error: .vectors_ram is too large to fit in RAM memory segment)
                0x0000000008000000                __vectors_load_start__ = ALIGN (__FLASH_segment_start__, 0x100)

.vectors        0x0000000008000000      0x1f8
                0x0000000008000000                __vectors_start__ = .
 *(.vectors .vectors.*)
 .vectors       0x0000000008000000      0x1f8 Output/RTOS_Queue Release/Obj/STM32F7x5_v1r1_Vectors.o
                0x0000000008000000                _vectors
                0x00000000080001f8                __vectors_end__ = (__vectors_start__ + SIZEOF (.vectors))
                0x00000000000001f8                __vectors_size__ = SIZEOF (.vectors)
                0x00000000080001f8                __vectors_load_end__ = __vectors_end__
                0x0000000000000001                . = ASSERT (((__vectors_start__ == __vectors_end__) || ((__vectors_end__ - __FLASH_segment_start__) <= __FLASH_segment_size__)), error: .vectors is too large to fit in FLASH memory segment)
                0x00000000080001f8                __init_load_start__ = ALIGN (__vectors_end__, 0x4)

.init           0x00000000080001f8      0x264
                0x00000000080001f8                __init_start__ = .
 *(.init .init.*)
 .init          0x00000000080001f8       0xe4 Output/RTOS_Queue Release/Obj/STM32F7x5_v1r1_Vectors.o
                0x00000000080001f8                NMI_Handler
                0x0000000008000204                WWDG_IRQHandler
                0x0000000008000206                PVD_IRQHandler
                0x0000000008000208                TAMP_STAMP_IRQHandler
                0x000000000800020a                RTC_WKUP_IRQHandler
                0x000000000800020c                FLASH_IRQHandler
                0x000000000800020e                RCC_IRQHandler
                0x0000000008000228                ADC_IRQHandler
                0x000000000800022a                CAN1_TX_IRQHandler
                0x000000000800022c                CAN1_RX0_IRQHandler
                0x000000000800022e                CAN1_RX1_IRQHandler
                0x0000000008000230                CAN1_SCE_IRQHandler
                0x000000000800023a                TIM1_CC_IRQHandler
                0x0000000008000244                I2C1_ER_IRQHandler
                0x0000000008000248                I2C2_ER_IRQHandler
                0x0000000008000256                RTC_ALARM_IRQHandler
                0x0000000008000258                OTG_FS_WKUP_IRQHandler
                0x0000000008000260                TIM8_CC_IRQHandler
                0x0000000008000264                FMC_IRQHandler
                0x0000000008000266                SDMMC1_IRQHandler
                0x000000000800026c                UART4_IRQHandler
                0x000000000800026e                UART5_IRQHandler
                0x000000000800027e                ETH_IRQHandler
                0x0000000008000280                ETH_WKUP_IRQHandler
                0x0000000008000282                CAN2_TX_IRQHandler
                0x0000000008000284                CAN2_RX0_IRQHandler
                0x0000000008000286                CAN2_RX1_IRQHandler
                0x0000000008000288                CAN2_SCE_IRQHandler
                0x000000000800028a                OTG_FS_IRQHandler
                0x0000000008000296                I2C3_ER_IRQHandler
                0x0000000008000298                OTG_HS_EP1_OUT_IRQHandler
                0x000000000800029a                OTG_HS_EP1_IN_IRQHandler
                0x000000000800029c                OTG_HS_WKUP_IRQHandler
                0x000000000800029e                OTG_HS_IRQHandler
                0x00000000080002a0                DCMI_IRQHandler
                0x00000000080002a2                RNG_IRQHandler
                0x00000000080002a4                FPU_IRQHandler
                0x00000000080002a6                UART7_IRQHandler
                0x00000000080002a8                UART8_IRQHandler
                0x00000000080002ae                SPI6_IRQHandler
                0x00000000080002b0                SAI1_IRQHandler
                0x00000000080002b2                LCD_TFT_IRQHandler
                0x00000000080002b4                LTDC_ER_IRQHandler
                0x00000000080002b6                DMA2D_IRQHandler
                0x00000000080002b8                SAI2_IRQHandler
                0x00000000080002ba                QUADSPI_IRQHandler
                0x00000000080002bc                LPTIM1_IRQHandler
                0x00000000080002be                CEC_IRQHandler
                0x00000000080002c0                I2C4_EV_IRQHandler
                0x00000000080002c2                I2C4_ER_IRQHandler
                0x00000000080002c4                SPDIF_RX_IRQHandler
                0x00000000080002c6                DFSDM1_FLT0_IRQHandler
                0x00000000080002c8                DFSDM1_FLT1_IRQHandler
                0x00000000080002ca                DFSDM1_FLT2_IRQHandler
                0x00000000080002cc                DFSDM1_FLT3_IRQHandler
                0x00000000080002ce                SDMMC2_IRQHandler
                0x00000000080002d0                CAN3_TX_IRQHandler
                0x00000000080002d2                CAN3_RX0_IRQHandler
                0x00000000080002d4                CAN3_RX1_IRQHandler
                0x00000000080002d6                CAN3_SCE_IRQHandler
                0x00000000080002d8                MDIOS_IRQHandler
 .init          0x00000000080002dc       0x28 Output/RTOS_Queue Release/Obj/STM32F7xx_Startup.o
                0x00000000080002dc                Reset_Handler
 .init          0x0000000008000304      0x158 Output/RTOS_Queue Release/Obj/thumb_crt0.o
                0x0000000008000304                _start
                0x00000000080003b6                exit
                0x000000000800045c                __init_end__ = (__init_start__ + SIZEOF (.init))
                0x0000000000000264                __init_size__ = SIZEOF (.init)
                0x000000000800045c                __init_load_end__ = __init_end__
                0x0000000000000001                . = ASSERT (((__init_start__ == __init_end__) || ((__init_end__ - __FLASH_segment_start__) <= __FLASH_segment_size__)), error: .init is too large to fit in FLASH memory segment)
                0x000000000800045c                __init_rodata_load_start__ = ALIGN (__init_end__, 0x4)

.init_rodata    0x000000000800045c        0x0
                0x000000000800045c                __init_rodata_start__ = .
 *(.init_rodata .init_rodata.*)
                0x000000000800045c                __init_rodata_end__ = (__init_rodata_start__ + SIZEOF (.init_rodata))
                0x0000000000000000                __init_rodata_size__ = SIZEOF (.init_rodata)
                0x000000000800045c                __init_rodata_load_end__ = __init_rodata_end__
                0x0000000000000001                . = ASSERT (((__init_rodata_start__ == __init_rodata_end__) || ((__init_rodata_end__ - __FLASH_segment_start__) <= __FLASH_segment_size__)), error: .init_rodata is too large to fit in FLASH memory segment)
                0x000000000800045c                __text_load_start__ = ALIGN (__init_rodata_end__, 0x4)

.text           0x000000000800045c     0xe804
                0x000000000800045c                __text_start__ = .
 *(.text .text.* .glue_7t .glue_7 .gnu.linkonce.t.* .gcc_except_table .ARM.extab* .gnu.linkonce.armextab.*)
 .glue_7        0x000000000800045c        0x0 linker stubs
 .glue_7t       0x000000000800045c        0x0 linker stubs
 .text.SystemInit
                0x000000000800045c       0x50 Output/RTOS_Queue Release/Obj/system_stm32f7xx.o
                0x000000000800045c                SystemInit
 .text.SystemCoreClockUpdate
                0x00000000080004ac       0x70 Output/RTOS_Queue Release/Obj/system_stm32f7xx.o
                0x00000000080004ac                SystemCoreClockUpdate
 .text.BSPInit  0x000000000800051c       0xac Output/RTOS_Queue Release/Obj/BSP.o
                0x000000000800051c                BSPInit
 .text.HardFault_Handler
                0x00000000080005c8       0x24 Output/RTOS_Queue Release/Obj/BSP.o
                0x00000000080005c8                HardFault_Handler
 .text.IRQInit  0x00000000080005ec       0x2c Output/RTOS_Queue Release/Obj/IRQ.o
                0x00000000080005ec                IRQInit
 .text.EXTI0_IRQHandler
                0x0000000008000618       0x14 Output/RTOS_Queue Release/Obj/IRQ.o
                0x0000000008000618                EXTI0_IRQHandler
 .text.EXTI1_IRQHandler
                0x000000000800062c        0xc Output/RTOS_Queue Release/Obj/IRQ.o
                0x000000000800062c                EXTI1_IRQHandler
 .text.EXTI2_IRQHandler
                0x0000000008000638        0xc Output/RTOS_Queue Release/Obj/IRQ.o
                0x0000000008000638                EXTI2_IRQHandler
 .text.EXTI3_IRQHandler
                0x0000000008000644       0x1c Output/RTOS_Queue Release/Obj/IRQ.o
                0x0000000008000644                EXTI3_IRQHandler
 .text.EXTI4_IRQHandler
                0x0000000008000660        0xc Output/RTOS_Queue Release/Obj/IRQ.o
                0x0000000008000660                EXTI4_IRQHandler
 .text.EXTI9_5_IRQHandler
                0x000000000800066c       0x58 Output/RTOS_Queue Release/Obj/IRQ.o
                0x000000000800066c                EXTI9_5_IRQHandler
 .text.EXTI15_10_IRQHandler
                0x00000000080006c4       0x84 Output/RTOS_Queue Release/Obj/IRQ.o
                0x00000000080006c4                EXTI15_10_IRQHandler
 .text.ClockInit
                0x0000000008000748       0xbc Output/RTOS_Queue Release/Obj/Clock.o
                0x0000000008000748                ClockInit
 .text.PortInit
                0x0000000008000804      0xe08 Output/RTOS_Queue Release/Obj/Hal.o
                0x0000000008000804                PortInit
 .text.lcd_cbSpiDone
                0x000000000800160c       0x28 Output/RTOS_Queue Release/Obj/LCD_ST7735R.o
 .text.LcdInit  0x0000000008001634      0xa60 Output/RTOS_Queue Release/Obj/LCD_ST7735R.o
                0x0000000008001634                LcdInit
 .text.LCD_GetSize
                0x0000000008002094       0x18 Output/RTOS_Queue Release/Obj/LCD_ST7735R.o
                0x0000000008002094                LCD_GetSize
 .text.LCD_AddCallback
                0x00000000080020ac        0xc Output/RTOS_Queue Release/Obj/LCD_ST7735R.o
                0x00000000080020ac                LCD_AddCallback
 .text.LCD_WriteDataPixel
                0x00000000080020b8       0x58 Output/RTOS_Queue Release/Obj/LCD_ST7735R.o
                0x00000000080020b8                LCD_WriteDataPixel
 .text.UartInit
                0x0000000008002110      0x170 Output/RTOS_Queue Release/Obj/Usart.o
 .text.UartSetBaud
                0x0000000008002280      0x10c Output/RTOS_Queue Release/Obj/Usart.o
 .text.UartSetCfg
                0x000000000800238c       0xd0 Output/RTOS_Queue Release/Obj/Usart.o
 .text.UartSetIrqLevel
                0x000000000800245c       0x24 Output/RTOS_Queue Release/Obj/Usart.o
 .text.UartLoopback
                0x0000000008002480        0x4 Output/RTOS_Queue Release/Obj/Usart.o
 .text.UartWrite
                0x0000000008002484       0x10 Output/RTOS_Queue Release/Obj/Usart.o
 .text.UartRead
                0x0000000008002494        0x8 Output/RTOS_Queue Release/Obj/Usart.o
 .text.UartIsTxEnd
                0x000000000800249c       0x10 Output/RTOS_Queue Release/Obj/Usart.o
 .text.UartIsTxReady
                0x00000000080024ac       0x10 Output/RTOS_Queue Release/Obj/Usart.o
 .text.UartIsRxReady
                0x00000000080024bc        0xc Output/RTOS_Queue Release/Obj/Usart.o
 .text.UartTxEnd
                0x00000000080024c8        0xc Output/RTOS_Queue Release/Obj/Usart.o
 .text.UartRxEnd
                0x00000000080024d4        0xc Output/RTOS_Queue Release/Obj/Usart.o
 .text.UartLock
                0x00000000080024e0       0x10 Output/RTOS_Queue Release/Obj/Usart.o
 .text.UartUnlock
                0x00000000080024f0        0x8 Output/RTOS_Queue Release/Obj/Usart.o
 .text.UartDmaRx
                0x00000000080024f8       0x4c Output/RTOS_Queue Release/Obj/Usart.o
 .text.UartDmaTx
                0x0000000008002544       0x28 Output/RTOS_Queue Release/Obj/Usart.o
 .text.USART1_IRQHandler
                0x000000000800256c       0x4c Output/RTOS_Queue Release/Obj/Usart.o
                0x000000000800256c                USART1_IRQHandler
 .text.USART2_IRQHandler
                0x00000000080025b8       0x4c Output/RTOS_Queue Release/Obj/Usart.o
                0x00000000080025b8                USART2_IRQHandler
 .text.USART3_IRQHandler
                0x0000000008002604       0x4c Output/RTOS_Queue Release/Obj/Usart.o
                0x0000000008002604                USART3_IRQHandler
 .text.USART6_IRQHandler
                0x0000000008002650       0x4c Output/RTOS_Queue Release/Obj/Usart.o
                0x0000000008002650                USART6_IRQHandler
 .text.enc_cbOnTimer
                0x000000000800269c       0x68 Output/RTOS_Queue Release/Obj/Encoder.o
 .text.ShaftEncoderInit
                0x0000000008002704       0x78 Output/RTOS_Queue Release/Obj/Encoder.o
                0x0000000008002704                ShaftEncoderInit
 .text.ShaftEncoderCfg
                0x000000000800277c       0x74 Output/RTOS_Queue Release/Obj/Encoder.o
                0x000000000800277c                ShaftEncoderCfg
 .text.ShaftEncoderChangeInterval
                0x00000000080027f0       0xc4 Output/RTOS_Queue Release/Obj/Encoder.o
                0x00000000080027f0                ShaftEncoderChangeInterval
 .text.ShaftEncoderAdd
                0x00000000080028b4       0x24 Output/RTOS_Queue Release/Obj/Encoder.o
                0x00000000080028b4                ShaftEncoderAdd
 .text.ShaftEncoderReset
                0x00000000080028d8        0x8 Output/RTOS_Queue Release/Obj/Encoder.o
                0x00000000080028d8                ShaftEncoderReset
 .text.ShaftEncoderLinkCCM
                0x00000000080028e0        0x8 Output/RTOS_Queue Release/Obj/Encoder.o
                0x00000000080028e0                ShaftEncoderLinkCCM
 .text.ShaftEncoderReadRPM
                0x00000000080028e8       0x1c Output/RTOS_Queue Release/Obj/Encoder.o
                0x00000000080028e8                ShaftEncoderReadRPM
 .text.PWMInit  0x0000000008002904       0xf8 Output/RTOS_Queue Release/Obj/Pwm.o
                0x0000000008002904                PWMInit
 .text.PWMEnable
                0x00000000080029fc      0x128 Output/RTOS_Queue Release/Obj/Pwm.o
                0x00000000080029fc                PWMEnable
 .text.PWMDisable
                0x0000000008002b24       0x40 Output/RTOS_Queue Release/Obj/Pwm.o
                0x0000000008002b24                PWMDisable
 .text.PIDCtrlInit
                0x0000000008002b64       0x50 Output/RTOS_Queue Release/Obj/PID.o
                0x0000000008002b64                PIDCtrlInit
 .text.PIDRestart
                0x0000000008002bb4       0x28 Output/RTOS_Queue Release/Obj/PID.o
                0x0000000008002bb4                PIDRestart
 .text.PIDCtrlSetTargetValue
                0x0000000008002bdc        0x4 Output/RTOS_Queue Release/Obj/PID.o
                0x0000000008002bdc                PIDCtrlSetTargetValue
 .text.PIDCtrlOutputConfig
                0x0000000008002be0        0xc Output/RTOS_Queue Release/Obj/PID.o
                0x0000000008002be0                PIDCtrlOutputConfig
 *fill*         0x0000000008002bec        0x4 
 .text.PIDOnTimer
                0x0000000008002bf0      0x184 Output/RTOS_Queue Release/Obj/PID.o
                0x0000000008002bf0                PIDOnTimer
 .text.PIDCtrlSetParam
                0x0000000008002d74       0x10 Output/RTOS_Queue Release/Obj/PID.o
                0x0000000008002d74                PIDCtrlSetParam
 .text.CCMInit  0x0000000008002d84       0xb4 Output/RTOS_Queue Release/Obj/Ccm.o
                0x0000000008002d84                CCMInit
 .text.CCMEncoderMode
                0x0000000008002e38       0xec Output/RTOS_Queue Release/Obj/Ccm.o
                0x0000000008002e38                CCMEncoderMode
 .text.CCMReadCountAutoReset
                0x0000000008002f24       0x1c Output/RTOS_Queue Release/Obj/Ccm.o
                0x0000000008002f24                CCMReadCountAutoReset
 .text.TerminalInit
                0x0000000008002f40       0x10 Output/RTOS_Queue Release/Obj/term.o
                0x0000000008002f40                TerminalInit
 .text.TerminalAckToHost
                0x0000000008002f50       0x34 Output/RTOS_Queue Release/Obj/term.o
                0x0000000008002f50                TerminalAckToHost
 .text.TerminalParse
                0x0000000008002f84       0x78 Output/RTOS_Queue Release/Obj/term.o
                0x0000000008002f84                TerminalParse
 .text.MotorsInit
                0x0000000008002ffc       0x10 Output/RTOS_Queue Release/Obj/motors.o
                0x0000000008002ffc                MotorsInit
 .text.MotorsMoveFront
                0x000000000800300c       0xc0 Output/RTOS_Queue Release/Obj/motors.o
                0x000000000800300c                MotorsMoveFront
 .text.MotorsMoveBack
                0x00000000080030cc       0xc4 Output/RTOS_Queue Release/Obj/motors.o
                0x00000000080030cc                MotorsMoveBack
 .text.MotorsMoveLeft
                0x0000000008003190       0xc0 Output/RTOS_Queue Release/Obj/motors.o
                0x0000000008003190                MotorsMoveLeft
 .text.MotorsMoveRight
                0x0000000008003250       0xc0 Output/RTOS_Queue Release/Obj/motors.o
                0x0000000008003250                MotorsMoveRight
 .text.MotorsMoveFrontLeft
                0x0000000008003310       0x8c Output/RTOS_Queue Release/Obj/motors.o
                0x0000000008003310                MotorsMoveFrontLeft
 .text.MotorsMoveBackLeft
                0x000000000800339c       0x94 Output/RTOS_Queue Release/Obj/motors.o
                0x000000000800339c                MotorsMoveBackLeft
 .text.MotorsMoveBackRight
                0x0000000008003430       0x90 Output/RTOS_Queue Release/Obj/motors.o
                0x0000000008003430                MotorsMoveBackRight
 .text.MotorsMoveFrontRight
                0x00000000080034c0       0x90 Output/RTOS_Queue Release/Obj/motors.o
                0x00000000080034c0                MotorsMoveFrontRight
 .text.MotorsRotateRight
                0x0000000008003550       0xc0 Output/RTOS_Queue Release/Obj/motors.o
                0x0000000008003550                MotorsRotateRight
 .text.MotorsRotateLeft
                0x0000000008003610       0xc0 Output/RTOS_Queue Release/Obj/motors.o
                0x0000000008003610                MotorsRotateLeft
 .text.MotorsStop
                0x00000000080036d0       0x70 Output/RTOS_Queue Release/Obj/motors.o
                0x00000000080036d0                MotorsStop
 .text.MotorsSetPIDParams
                0x0000000008003740       0x94 Output/RTOS_Queue Release/Obj/motors.o
                0x0000000008003740                MotorsSetPIDParams
 *fill*         0x00000000080037d4        0x4 
 .text.MotorsPIDConfig
                0x00000000080037d8      0x1a8 Output/RTOS_Queue Release/Obj/motors.o
                0x00000000080037d8                MotorsPIDConfig
 .text.MotorsRunPID
                0x0000000008003980       0x14 Output/RTOS_Queue Release/Obj/motors.o
                0x0000000008003980                MotorsRunPID
 .text.MotorReadPWM
                0x0000000008003994       0x14 Output/RTOS_Queue Release/Obj/motors.o
                0x0000000008003994                MotorReadPWM
 .text.MotorsPIDReset
                0x00000000080039a8       0x34 Output/RTOS_Queue Release/Obj/motors.o
                0x00000000080039a8                MotorsPIDReset
 .text.MotorsSetTargetSpeed
                0x00000000080039dc       0x34 Output/RTOS_Queue Release/Obj/motors.o
                0x00000000080039dc                MotorsSetTargetSpeed
 .text.Motor1SetTargetSpeed
                0x0000000008003a10        0xc Output/RTOS_Queue Release/Obj/motors.o
                0x0000000008003a10                Motor1SetTargetSpeed
 .text.Motor2SetTargetSpeed
                0x0000000008003a1c        0xc Output/RTOS_Queue Release/Obj/motors.o
                0x0000000008003a1c                Motor2SetTargetSpeed
 .text.Motor3SetTargetSpeed
                0x0000000008003a28        0xc Output/RTOS_Queue Release/Obj/motors.o
                0x0000000008003a28                Motor3SetTargetSpeed
 .text.Motor4SetTargetSpeed
                0x0000000008003a34        0xc Output/RTOS_Queue Release/Obj/motors.o
                0x0000000008003a34                Motor4SetTargetSpeed
 .text.ImuInit  0x0000000008003a40       0x44 Output/RTOS_Queue Release/Obj/imu.o
                0x0000000008003a40                ImuInit
 .text.ImuUpdateAcclGyro
                0x0000000008003a84      0x300 Output/RTOS_Queue Release/Obj/imu.o
                0x0000000008003a84                ImuUpdateAcclGyro
 .text.ImuComputeResult
                0x0000000008003d84       0xc8 Output/RTOS_Queue Release/Obj/imu.o
                0x0000000008003d84                ImuComputeResult
 .text.I2cInit  0x0000000008003e4c       0xc8 Output/RTOS_Queue Release/Obj/I2c.o
                0x0000000008003e4c                I2cInit
 .text.I2cWrite
                0x0000000008003f14       0x40 Output/RTOS_Queue Release/Obj/I2c.o
                0x0000000008003f14                I2cWrite
 .text.I2cRead  0x0000000008003f54       0x58 Output/RTOS_Queue Release/Obj/I2c.o
                0x0000000008003f54                I2cRead
 .text.I2cAddHook
                0x0000000008003fac        0xc Output/RTOS_Queue Release/Obj/I2c.o
                0x0000000008003fac                I2cAddHook
 .text.I2C1_EV_IRQHandler
                0x0000000008003fb8      0x110 Output/RTOS_Queue Release/Obj/I2c.o
                0x0000000008003fb8                I2C1_EV_IRQHandler
 .text.I2C2_EV_IRQHandler
                0x00000000080040c8      0x110 Output/RTOS_Queue Release/Obj/I2c.o
                0x00000000080040c8                I2C2_EV_IRQHandler
 .text.I2C3_EV_IRQHandler
                0x00000000080041d8      0x110 Output/RTOS_Queue Release/Obj/I2c.o
                0x00000000080041d8                I2C3_EV_IRQHandler
 .text.mpu_cbI2cOnDone
                0x00000000080042e8        0xc Output/RTOS_Queue Release/Obj/PololuV5.o
 .text.mpu_TimerTick
                0x00000000080042f4       0x14 Output/RTOS_Queue Release/Obj/PololuV5.o
 .text.ImuPololuInit
                0x0000000008004308      0x424 Output/RTOS_Queue Release/Obj/PololuV5.o
                0x0000000008004308                ImuPololuInit
 .text.ImuPololuReadData
                0x000000000800472c       0xf0 Output/RTOS_Queue Release/Obj/PololuV5.o
                0x000000000800472c                ImuPololuReadData
 .text.ips_cbOnSpiDone
                0x000000000800481c        0xc Output/RTOS_Queue Release/Obj/ips.o
 .text.IpsInit  0x0000000008004828       0xe0 Output/RTOS_Queue Release/Obj/ips.o
                0x0000000008004828                IpsInit
 .text.IPSSysTimeout1msTimer
                0x0000000008004908       0x14 Output/RTOS_Queue Release/Obj/ips.o
                0x0000000008004908                IPSSysTimeout1msTimer
 .text.readfromspi
                0x000000000800491c       0x78 Output/RTOS_Queue Release/Obj/ips.o
                0x000000000800491c                readfromspi
 .text.writetospi
                0x0000000008004994       0x6c Output/RTOS_Queue Release/Obj/ips.o
                0x0000000008004994                writetospi
 .text.IPSGetDistance
                0x0000000008004a00       0x10 Output/RTOS_Queue Release/Obj/ips.o
                0x0000000008004a00                IPSGetDistance
 .text.IPSDistMat
                0x0000000008004a10      0x184 Output/RTOS_Queue Release/Obj/ips.o
                0x0000000008004a10                IPSDistMat
 *fill*         0x0000000008004b94        0x4 
 .text.IpsTimer
                0x0000000008004b98      0x238 Output/RTOS_Queue Release/Obj/ips.o
                0x0000000008004b98                IpsTimer
 .text.EXTI7_UWB_INT_IRQHandler
                0x0000000008004dd0        0xc Output/RTOS_Queue Release/Obj/ips.o
                0x0000000008004dd0                EXTI7_UWB_INT_IRQHandler
 .text.decamutexon
                0x0000000008004ddc       0x14 Output/RTOS_Queue Release/Obj/ips.o
                0x0000000008004ddc                decamutexon
 .text.decamutexoff
                0x0000000008004df0       0x10 Output/RTOS_Queue Release/Obj/ips.o
                0x0000000008004df0                decamutexoff
 .text.DWT_Config
                0x0000000008004e00      0x400 Output/RTOS_Queue Release/Obj/deca_device.o
                0x0000000008004e00                DWT_Config
 .text.DWT_SetRxAntennaDelay
                0x0000000008005200       0x28 Output/RTOS_Queue Release/Obj/deca_device.o
                0x0000000008005200                DWT_SetRxAntennaDelay
 .text.DWT_SetTxAntennaDelay
                0x0000000008005228       0x20 Output/RTOS_Queue Release/Obj/deca_device.o
                0x0000000008005228                DWT_SetTxAntennaDelay
 .text.DWT_WriteTxData
                0x0000000008005248       0x54 Output/RTOS_Queue Release/Obj/deca_device.o
                0x0000000008005248                DWT_WriteTxData
 .text.DWT_WriteTxFrameCtrl
                0x000000000800529c       0x34 Output/RTOS_Queue Release/Obj/deca_device.o
                0x000000000800529c                DWT_WriteTxFrameCtrl
 .text.DWT_ReadRxData
                0x00000000080052d0       0x58 Output/RTOS_Queue Release/Obj/deca_device.o
                0x00000000080052d0                DWT_ReadRxData
 .text.dwt_readcarrierintegrator
                0x0000000008005328       0x44 Output/RTOS_Queue Release/Obj/deca_device.o
                0x0000000008005328                dwt_readcarrierintegrator
 .text.DWT_ReadTxTimeStamplo32
                0x000000000800536c       0x2c Output/RTOS_Queue Release/Obj/deca_device.o
                0x000000000800536c                DWT_ReadTxTimeStamplo32
 .text.DWT_ReadRxTimeStamplo32
                0x0000000008005398       0x2c Output/RTOS_Queue Release/Obj/deca_device.o
                0x0000000008005398                DWT_ReadRxTimeStamplo32
 .text.dwt_read32bitoffsetreg
                0x00000000080053c4       0x5c Output/RTOS_Queue Release/Obj/deca_device.o
                0x00000000080053c4                dwt_read32bitoffsetreg
 .text.dwt_write32bitoffsetreg
                0x0000000008005420       0x5c Output/RTOS_Queue Release/Obj/deca_device.o
                0x0000000008005420                dwt_write32bitoffsetreg
 .text.DWT_EnableFrameFilter
                0x000000000800547c       0x70 Output/RTOS_Queue Release/Obj/deca_device.o
                0x000000000800547c                DWT_EnableFrameFilter
 .text.DWT_SetPanID
                0x00000000080054ec       0x34 Output/RTOS_Queue Release/Obj/deca_device.o
                0x00000000080054ec                DWT_SetPanID
 .text.DWT_SetAddr16
                0x0000000008005520       0x20 Output/RTOS_Queue Release/Obj/deca_device.o
                0x0000000008005520                DWT_SetAddr16
 .text.dwt_setrxaftertxdelay
                0x0000000008005540       0x58 Output/RTOS_Queue Release/Obj/deca_device.o
                0x0000000008005540                dwt_setrxaftertxdelay
 .text.DWT_SetLEDs
                0x0000000008005598      0x144 Output/RTOS_Queue Release/Obj/deca_device.o
                0x0000000008005598                DWT_SetLEDs
 .text.DWT_StartTx
                0x00000000080056dc       0xcc Output/RTOS_Queue Release/Obj/deca_device.o
                0x00000000080056dc                DWT_StartTx
 .text.DWT_ForceTrxOff
                0x00000000080057a8       0xf4 Output/RTOS_Queue Release/Obj/deca_device.o
                0x00000000080057a8                DWT_ForceTrxOff
 .text.DWT_EnableInterrupt
                0x000000000800589c       0x64 Output/RTOS_Queue Release/Obj/deca_device.o
                0x000000000800589c                DWT_EnableInterrupt
 .text.DWT_SoftReset
                0x0000000008005900      0x12c Output/RTOS_Queue Release/Obj/deca_device.o
                0x0000000008005900                DWT_SoftReset
 .text.DWT_Init
                0x0000000008005a2c      0x45c Output/RTOS_Queue Release/Obj/deca_device.o
                0x0000000008005a2c                DWT_Init
 .text.MatrixInverse
                0x0000000008005e88       0xb8 Output/RTOS_Queue Release/Obj/matrix.o
                0x0000000008005e88                MatrixInverse
 .text.MatrixMultiply
                0x0000000008005f40      0x120 Output/RTOS_Queue Release/Obj/matrix.o
                0x0000000008005f40                MatrixMultiply
 .text.SerialInit
                0x0000000008006060       0x28 Output/RTOS_Queue Release/Obj/Serial.o
                0x0000000008006060                SerialInit
 .text.SerialBuffer
                0x0000000008006088       0x14 Output/RTOS_Queue Release/Obj/Serial.o
                0x0000000008006088                SerialBuffer
 .text.SerialConfig
                0x000000000800609c       0x10 Output/RTOS_Queue Release/Obj/Serial.o
                0x000000000800609c                SerialConfig
 .text.SerialAddCallback
                0x00000000080060ac        0xc Output/RTOS_Queue Release/Obj/Serial.o
                0x00000000080060ac                SerialAddCallback
 .text.SerialWriteEx
                0x00000000080060b8       0x40 Output/RTOS_Queue Release/Obj/Serial.o
                0x00000000080060b8                SerialWriteEx
 .text.SerialRead
                0x00000000080060f8       0x54 Output/RTOS_Queue Release/Obj/Serial.o
                0x00000000080060f8                SerialRead
 .text.SerialIsTxReady
                0x000000000800614c       0x28 Output/RTOS_Queue Release/Obj/Serial.o
                0x000000000800614c                SerialIsTxReady
 .text.SerialIsRxReady
                0x0000000008006174        0xc Output/RTOS_Queue Release/Obj/Serial.o
                0x0000000008006174                SerialIsRxReady
 .text.UartIsrTx
                0x0000000008006180       0x4c Output/RTOS_Queue Release/Obj/Serial.o
                0x0000000008006180                UartIsrTx
 .text.UartIsrRx
                0x00000000080061cc       0x60 Output/RTOS_Queue Release/Obj/Serial.o
                0x00000000080061cc                UartIsrRx
 .text.sonic_cbOnTimer
                0x000000000800622c       0x54 Output/RTOS_Queue Release/Obj/UltraSound.o
 .text.USonicInit
                0x0000000008006280       0x3c Output/RTOS_Queue Release/Obj/UltraSound.o
                0x0000000008006280                USonicInit
 .text.UsonicAddDevice
                0x00000000080062bc       0x44 Output/RTOS_Queue Release/Obj/UltraSound.o
                0x00000000080062bc                UsonicAddDevice
 .text.UsonicISR
                0x0000000008006300       0x5c Output/RTOS_Queue Release/Obj/UltraSound.o
                0x0000000008006300                UsonicISR
 .text.main_cbUS1OnTrigger
                0x000000000800635c       0x18 Output/RTOS_Queue Release/Obj/main.o
 .text.main_cbUS2OnTrigger
                0x0000000008006374       0x18 Output/RTOS_Queue Release/Obj/main.o
 .text.main_cbUS3OnTrigger
                0x000000000800638c       0x18 Output/RTOS_Queue Release/Obj/main.o
 .text.main_cbUS4OnTrigger
                0x00000000080063a4       0x18 Output/RTOS_Queue Release/Obj/main.o
 .text.main_cbUS5OnTrigger
                0x00000000080063bc       0x18 Output/RTOS_Queue Release/Obj/main.o
 .text.main_cbUS6OnTrigger
                0x00000000080063d4       0x18 Output/RTOS_Queue Release/Obj/main.o
 .text.main_cbUS7OnTrigger
                0x00000000080063ec       0x18 Output/RTOS_Queue Release/Obj/main.o
 .text.main_cbUS8OnTrigger
                0x0000000008006404       0x18 Output/RTOS_Queue Release/Obj/main.o
 .text.main_cbGuiFrameEnd
                0x000000000800641c       0x10 Output/RTOS_Queue Release/Obj/main.o
 .text.LcdTask  0x000000000800642c       0x34 Output/RTOS_Queue Release/Obj/main.o
 .text.IMUTask  0x0000000008006460      0x368 Output/RTOS_Queue Release/Obj/main.o
 .text.MotorsRespTask
                0x00000000080067c8      0x184 Output/RTOS_Queue Release/Obj/main.o
 .text.EncoderTask
                0x000000000800694c      0x1c0 Output/RTOS_Queue Release/Obj/main.o
 .text.main_AppRetrieveSetting
                0x0000000008006b0c       0xa0 Output/RTOS_Queue Release/Obj/main.o
 .text.TermTask
                0x0000000008006bac      0x434 Output/RTOS_Queue Release/Obj/main.o
 .text.main_cbUS8OnReady
                0x0000000008006fe0       0x1c Output/RTOS_Queue Release/Obj/main.o
 .text.main_cbUS7OnReady
                0x0000000008006ffc       0x1c Output/RTOS_Queue Release/Obj/main.o
 .text.main_cbUS6OnReady
                0x0000000008007018       0x1c Output/RTOS_Queue Release/Obj/main.o
 .text.main_cbUS5OnReady
                0x0000000008007034       0x1c Output/RTOS_Queue Release/Obj/main.o
 .text.main_cbUS4OnReady
                0x0000000008007050       0x1c Output/RTOS_Queue Release/Obj/main.o
 .text.main_cbUS3OnReady
                0x000000000800706c       0x1c Output/RTOS_Queue Release/Obj/main.o
 .text.main_cbUS2OnReady
                0x0000000008007088       0x1c Output/RTOS_Queue Release/Obj/main.o
 .text.main_cbUS1OnReady
                0x00000000080070a4       0x1c Output/RTOS_Queue Release/Obj/main.o
 .text.main_cbBtUartOnRx
                0x00000000080070c0       0x34 Output/RTOS_Queue Release/Obj/main.o
 *fill*         0x00000000080070f4        0x4 
 .text.IPSTask  0x00000000080070f8      0x744 Output/RTOS_Queue Release/Obj/main.o
 .text.main_cbEncoderRdy
                0x000000000800783c       0x34 Output/RTOS_Queue Release/Obj/main.o
 .text.main_cbBtUartOnTx
                0x0000000008007870       0x34 Output/RTOS_Queue Release/Obj/main.o
 .text.main_cbLcdBlockComplete
                0x00000000080078a4       0x34 Output/RTOS_Queue Release/Obj/main.o
 .text.startup.main
                0x00000000080078d8      0x5dc Output/RTOS_Queue Release/Obj/main.o
                0x00000000080078d8                main
 .text.GUI_AppDraw
                0x0000000008007eb4       0xa0 Output/RTOS_Queue Release/Obj/main.o
                0x0000000008007eb4                GUI_AppDraw
 .text.SysTickHandler
                0x0000000008007f54       0x40 Output/RTOS_Queue Release/Obj/main.o
                0x0000000008007f54                SysTickHandler
 .text.EXTI8_US1_ECHO_IRQHandler
                0x0000000008007f94       0x18 Output/RTOS_Queue Release/Obj/main.o
                0x0000000008007f94                EXTI8_US1_ECHO_IRQHandler
 .text.EXTI9_US2_ECHO_IRQHandler
                0x0000000008007fac       0x18 Output/RTOS_Queue Release/Obj/main.o
                0x0000000008007fac                EXTI9_US2_ECHO_IRQHandler
 .text.EXTI10_US3_ECHO_IRQHandler
                0x0000000008007fc4       0x18 Output/RTOS_Queue Release/Obj/main.o
                0x0000000008007fc4                EXTI10_US3_ECHO_IRQHandler
 .text.EXTI11_US4_ECHO_IRQHandler
                0x0000000008007fdc       0x18 Output/RTOS_Queue Release/Obj/main.o
                0x0000000008007fdc                EXTI11_US4_ECHO_IRQHandler
 .text.EXTI12_US5_ECHO_IRQHandler
                0x0000000008007ff4       0x18 Output/RTOS_Queue Release/Obj/main.o
                0x0000000008007ff4                EXTI12_US5_ECHO_IRQHandler
 .text.EXTI13_US6_ECHO_IRQHandler
                0x000000000800800c       0x18 Output/RTOS_Queue Release/Obj/main.o
                0x000000000800800c                EXTI13_US6_ECHO_IRQHandler
 .text.EXTI14_US7_ECHO_IRQHandler
                0x0000000008008024       0x18 Output/RTOS_Queue Release/Obj/main.o
                0x0000000008008024                EXTI14_US7_ECHO_IRQHandler
 .text.EXTI15_US8_ECHO_IRQHandler
                0x000000000800803c       0x18 Output/RTOS_Queue Release/Obj/main.o
                0x000000000800803c                EXTI15_US8_ECHO_IRQHandler
 .text.GUI_WriteMem
                0x0000000008008054       0x64 ../../../../StdLib/Common/Lib/GUI/DPGUI_GCC_M7_R10.a(gui.o)
 .text.GUI_Init
                0x00000000080080b8       0x48 ../../../../StdLib/Common/Lib/GUI/DPGUI_GCC_M7_R10.a(gui.o)
                0x00000000080080b8                GUI_Init
 .text.GUI_AddCbFrameEnd
                0x0000000008008100        0xc ../../../../StdLib/Common/Lib/GUI/DPGUI_GCC_M7_R10.a(gui.o)
                0x0000000008008100                GUI_AddCbFrameEnd
 .text.GUI_16BitPerPixel
                0x000000000800810c        0xc ../../../../StdLib/Common/Lib/GUI/DPGUI_GCC_M7_R10.a(gui.o)
                0x000000000800810c                GUI_16BitPerPixel
 .text.GUI_Draw_Exe
                0x0000000008008118       0xc0 ../../../../StdLib/Common/Lib/GUI/DPGUI_GCC_M7_R10.a(gui.o)
                0x0000000008008118                GUI_Draw_Exe
 .text.GUI_Clear
                0x00000000080081d8       0x70 ../../../../StdLib/Common/Lib/GUI/DPGUI_GCC_M7_R10.a(gui.o)
                0x00000000080081d8                GUI_Clear
 .text.GUI_DrawHortLine
                0x0000000008008248       0xc8 ../../../../StdLib/Common/Lib/GUI/DPGUI_GCC_M7_R10.a(gui.o)
                0x0000000008008248                GUI_DrawHortLine
 .text.GUI_SetFont
                0x0000000008008310        0xc ../../../../StdLib/Common/Lib/GUI/DPGUI_GCC_M7_R10.a(gui.o)
                0x0000000008008310                GUI_SetFont
 .text.GUI_SetFontBackColor
                0x000000000800831c       0x20 ../../../../StdLib/Common/Lib/GUI/DPGUI_GCC_M7_R10.a(gui.o)
                0x000000000800831c                GUI_SetFontBackColor
 .text.GUI_PrintChar
                0x000000000800833c      0x4d0 ../../../../StdLib/Common/Lib/GUI/DPGUI_GCC_M7_R10.a(gui.o)
                0x000000000800833c                GUI_PrintChar
 .text.GUI_PrintString
                0x000000000800880c       0x7c ../../../../StdLib/Common/Lib/GUI/DPGUI_GCC_M7_R10.a(gui.o)
                0x000000000800880c                GUI_PrintString
 .text.vEventGroupSetBitsCallback
                0x0000000008008888       0x78 Output/RTOS_Queue Release/Obj/event_groups.o
                0x0000000008008888                vEventGroupSetBitsCallback
 .text.xEventGroupCreateStatic
                0x0000000008008900       0x1c Output/RTOS_Queue Release/Obj/event_groups.o
                0x0000000008008900                xEventGroupCreateStatic
 .text.xEventGroupWaitBits
                0x000000000800891c       0xcc Output/RTOS_Queue Release/Obj/event_groups.o
                0x000000000800891c                xEventGroupWaitBits
 .text.xEventGroupSetBits
                0x00000000080089e8       0x74 Output/RTOS_Queue Release/Obj/event_groups.o
                0x00000000080089e8                xEventGroupSetBits
 .text.xEventGroupSetBitsFromISR
                0x0000000008008a5c       0x10 Output/RTOS_Queue Release/Obj/event_groups.o
                0x0000000008008a5c                xEventGroupSetBitsFromISR
 .text.vListInitialise
                0x0000000008008a6c       0x18 Output/RTOS_Queue Release/Obj/list.o
                0x0000000008008a6c                vListInitialise
 .text.vListInitialiseItem
                0x0000000008008a84        0x8 Output/RTOS_Queue Release/Obj/list.o
                0x0000000008008a84                vListInitialiseItem
 .text.vListInsertEnd
                0x0000000008008a8c       0x20 Output/RTOS_Queue Release/Obj/list.o
                0x0000000008008a8c                vListInsertEnd
 .text.vListInsert
                0x0000000008008aac       0x38 Output/RTOS_Queue Release/Obj/list.o
                0x0000000008008aac                vListInsert
 .text.uxListRemove
                0x0000000008008ae4       0x28 Output/RTOS_Queue Release/Obj/list.o
                0x0000000008008ae4                uxListRemove
 .text.prvTaskExitError
                0x0000000008008b0c       0x24 Output/RTOS_Queue Release/Obj/port.o
 .text.prvPortStartFirstTask
                0x0000000008008b30       0x28 Output/RTOS_Queue Release/Obj/port.o
 .text.vPortEnableVFP
                0x0000000008008b58       0x14 Output/RTOS_Queue Release/Obj/port.o
 .text.pxPortInitialiseStack
                0x0000000008008b6c       0x30 Output/RTOS_Queue Release/Obj/port.o
                0x0000000008008b6c                pxPortInitialiseStack
 *fill*         0x0000000008008b9c        0x4 
 .text.SVC_Handler
                0x0000000008008ba0       0x24 Output/RTOS_Queue Release/Obj/port.o
                0x0000000008008ba0                SVC_Handler
 .text.vPortEnterCritical
                0x0000000008008bc4       0x24 Output/RTOS_Queue Release/Obj/port.o
                0x0000000008008bc4                vPortEnterCritical
 .text.vPortExitCritical
                0x0000000008008be8       0x14 Output/RTOS_Queue Release/Obj/port.o
                0x0000000008008be8                vPortExitCritical
 *fill*         0x0000000008008bfc        0x4 
 .text.PendSV_Handler
                0x0000000008008c00       0x64 Output/RTOS_Queue Release/Obj/port.o
                0x0000000008008c00                PendSV_Handler
 .text.SysTick_Handler
                0x0000000008008c64       0x30 Output/RTOS_Queue Release/Obj/port.o
                0x0000000008008c64                SysTick_Handler
 .text.vPortSetupTimerInterrupt
                0x0000000008008c94       0x3c Output/RTOS_Queue Release/Obj/port.o
                0x0000000008008c94                vPortSetupTimerInterrupt
 .text.xPortStartScheduler
                0x0000000008008cd0       0xc4 Output/RTOS_Queue Release/Obj/port.o
                0x0000000008008cd0                xPortStartScheduler
 .text.vPortValidateInterruptPriority
                0x0000000008008d94       0x14 Output/RTOS_Queue Release/Obj/port.o
                0x0000000008008d94                vPortValidateInterruptPriority
 .text.prvCopyDataToQueue
                0x0000000008008da8       0x78 Output/RTOS_Queue Release/Obj/queue.o
 .text.prvUnlockQueue
                0x0000000008008e20      0x12c Output/RTOS_Queue Release/Obj/queue.o
 .text.prvNotifyQueueSetContainer
                0x0000000008008f4c       0xbc Output/RTOS_Queue Release/Obj/queue.o
 .text.xQueueGenericCreateStatic
                0x0000000008009008       0x68 Output/RTOS_Queue Release/Obj/queue.o
                0x0000000008009008                xQueueGenericCreateStatic
 .text.xQueueGenericSend
                0x0000000008009070      0x140 Output/RTOS_Queue Release/Obj/queue.o
                0x0000000008009070                xQueueGenericSend
 .text.xQueueGenericSendFromISR
                0x00000000080091b0       0xa8 Output/RTOS_Queue Release/Obj/queue.o
                0x00000000080091b0                xQueueGenericSendFromISR
 .text.xQueueReceive
                0x0000000008009258      0x13c Output/RTOS_Queue Release/Obj/queue.o
                0x0000000008009258                xQueueReceive
 .text.xQueueSemaphoreTake
                0x0000000008009394      0x17c Output/RTOS_Queue Release/Obj/queue.o
                0x0000000008009394                xQueueSemaphoreTake
 .text.vQueueAddToRegistry
                0x0000000008009510       0x54 Output/RTOS_Queue Release/Obj/queue.o
                0x0000000008009510                vQueueAddToRegistry
 .text.vQueueWaitForMessageRestricted
                0x0000000008009564       0x50 Output/RTOS_Queue Release/Obj/queue.o
                0x0000000008009564                vQueueWaitForMessageRestricted
 .text.vApplicationGetTimerTaskMemory
                0x00000000080095b4       0x1c Output/RTOS_Queue Release/Obj/RTOS.o
                0x00000000080095b4                vApplicationGetTimerTaskMemory
 .text.vApplicationGetIdleTaskMemory
                0x00000000080095d0       0x1c Output/RTOS_Queue Release/Obj/RTOS.o
                0x00000000080095d0                vApplicationGetIdleTaskMemory
 .text.vApplicationStackOverflowHook
                0x00000000080095ec        0x4 Output/RTOS_Queue Release/Obj/RTOS.o
                0x00000000080095ec                vApplicationStackOverflowHook
 .text.vApplicationTickHook
                0x00000000080095f0        0x4 Output/RTOS_Queue Release/Obj/RTOS.o
                0x00000000080095f0                vApplicationTickHook
 .text.prvIdleTask
                0x00000000080095f4       0x60 Output/RTOS_Queue Release/Obj/tasks.o
 .text.prvAddCurrentTaskToDelayedList
                0x0000000008009654       0x94 Output/RTOS_Queue Release/Obj/tasks.o
 .text.xTaskCreateStatic
                0x00000000080096e8      0x1e8 Output/RTOS_Queue Release/Obj/tasks.o
                0x00000000080096e8                xTaskCreateStatic
 .text.vTaskStartScheduler
                0x00000000080098d0      0x1e0 Output/RTOS_Queue Release/Obj/tasks.o
                0x00000000080098d0                vTaskStartScheduler
 .text.vTaskSuspendAll
                0x0000000008009ab0       0x10 Output/RTOS_Queue Release/Obj/tasks.o
                0x0000000008009ab0                vTaskSuspendAll
 .text.xTaskGetTickCount
                0x0000000008009ac0       0x18 Output/RTOS_Queue Release/Obj/tasks.o
                0x0000000008009ac0                xTaskGetTickCount
 .text.xTaskIncrementTick
                0x0000000008009ad8      0x158 Output/RTOS_Queue Release/Obj/tasks.o
                0x0000000008009ad8                xTaskIncrementTick
 .text.xTaskResumeAll
                0x0000000008009c30      0x12c Output/RTOS_Queue Release/Obj/tasks.o
                0x0000000008009c30                xTaskResumeAll
 .text.vTaskDelay
                0x0000000008009d5c       0x38 Output/RTOS_Queue Release/Obj/tasks.o
                0x0000000008009d5c                vTaskDelay
 .text.vTaskSwitchContext
                0x0000000008009d94       0x90 Output/RTOS_Queue Release/Obj/tasks.o
                0x0000000008009d94                vTaskSwitchContext
 .text.vTaskPlaceOnEventList
                0x0000000008009e24       0x98 Output/RTOS_Queue Release/Obj/tasks.o
                0x0000000008009e24                vTaskPlaceOnEventList
 .text.vTaskPlaceOnUnorderedEventList
                0x0000000008009ebc       0xa4 Output/RTOS_Queue Release/Obj/tasks.o
                0x0000000008009ebc                vTaskPlaceOnUnorderedEventList
 .text.vTaskPlaceOnEventListRestricted
                0x0000000008009f60       0xb4 Output/RTOS_Queue Release/Obj/tasks.o
                0x0000000008009f60                vTaskPlaceOnEventListRestricted
 .text.xTaskRemoveFromEventList
                0x000000000800a014       0x78 Output/RTOS_Queue Release/Obj/tasks.o
                0x000000000800a014                xTaskRemoveFromEventList
 .text.vTaskRemoveFromUnorderedEventList
                0x000000000800a08c       0x5c Output/RTOS_Queue Release/Obj/tasks.o
                0x000000000800a08c                vTaskRemoveFromUnorderedEventList
 .text.vTaskInternalSetTimeOutState
                0x000000000800a0e8       0x18 Output/RTOS_Queue Release/Obj/tasks.o
                0x000000000800a0e8                vTaskInternalSetTimeOutState
 .text.xTaskCheckForTimeOut
                0x000000000800a100       0x7c Output/RTOS_Queue Release/Obj/tasks.o
                0x000000000800a100                xTaskCheckForTimeOut
 .text.vTaskMissedYield
                0x000000000800a17c        0xc Output/RTOS_Queue Release/Obj/tasks.o
                0x000000000800a17c                vTaskMissedYield
 .text.xTaskGetSchedulerState
                0x000000000800a188       0x20 Output/RTOS_Queue Release/Obj/tasks.o
                0x000000000800a188                xTaskGetSchedulerState
 .text.xTaskPriorityInherit
                0x000000000800a1a8       0xb0 Output/RTOS_Queue Release/Obj/tasks.o
                0x000000000800a1a8                xTaskPriorityInherit
 .text.xTaskPriorityDisinherit
                0x000000000800a258       0x84 Output/RTOS_Queue Release/Obj/tasks.o
                0x000000000800a258                xTaskPriorityDisinherit
 .text.vTaskPriorityDisinheritAfterTimeout
                0x000000000800a2dc       0x8c Output/RTOS_Queue Release/Obj/tasks.o
                0x000000000800a2dc                vTaskPriorityDisinheritAfterTimeout
 .text.uxTaskResetEventItemValue
                0x000000000800a368       0x18 Output/RTOS_Queue Release/Obj/tasks.o
                0x000000000800a368                uxTaskResetEventItemValue
 .text.pvTaskIncrementMutexHeldCount
                0x000000000800a380       0x18 Output/RTOS_Queue Release/Obj/tasks.o
                0x000000000800a380                pvTaskIncrementMutexHeldCount
 .text.prvSwitchTimerLists
                0x000000000800a398       0x88 Output/RTOS_Queue Release/Obj/timers.o
 .text.prvTimerTask
                0x000000000800a420      0x23c Output/RTOS_Queue Release/Obj/timers.o
 .text.xTimerCreateTimerTask
                0x000000000800a65c       0xb0 Output/RTOS_Queue Release/Obj/timers.o
                0x000000000800a65c                xTimerCreateTimerTask
 .text.xTimerPendFunctionCallFromISR
                0x000000000800a70c       0x28 Output/RTOS_Queue Release/Obj/timers.o
                0x000000000800a70c                xTimerPendFunctionCallFromISR
 .text.__aeabi_read_tp
                0x000000000800a734        0x8 Output/RTOS_Queue Release/Obj/thumb_crt0.o
                0x000000000800a734                __aeabi_read_tp
 .text.__aeabi_dadd
                0x000000000800a73c      0x244 C:/Program Files/SEGGER/SEGGER Embedded Studio for ARM 4.30b/lib/libm_v7em_fpv5_sp_d16_hard_t_le_eabi.a(libm_asm.o)
                0x000000000800a73c                __aeabi_dadd
 .text.__aeabi_dsub
                0x000000000800a980        0x8 C:/Program Files/SEGGER/SEGGER Embedded Studio for ARM 4.30b/lib/libm_v7em_fpv5_sp_d16_hard_t_le_eabi.a(libm_asm.o)
                0x000000000800a980                __aeabi_dsub
 .text.__aeabi_dmul
                0x000000000800a988      0x138 C:/Program Files/SEGGER/SEGGER Embedded Studio for ARM 4.30b/lib/libm_v7em_fpv5_sp_d16_hard_t_le_eabi.a(libm_asm.o)
                0x000000000800a988                __aeabi_dmul
 .text.__aeabi_ddiv
                0x000000000800aac0      0x1cc C:/Program Files/SEGGER/SEGGER Embedded Studio for ARM 4.30b/lib/libm_v7em_fpv5_sp_d16_hard_t_le_eabi.a(libm_asm.o)
                0x000000000800aac0                __aeabi_ddiv
 .text.__aeabi_dcmple
                0x000000000800ac8c       0x3c C:/Program Files/SEGGER/SEGGER Embedded Studio for ARM 4.30b/lib/libm_v7em_fpv5_sp_d16_hard_t_le_eabi.a(libm_asm.o)
                0x000000000800ac8c                __aeabi_dcmple
 .text.__aeabi_dcmpeq
                0x000000000800acc8       0x34 C:/Program Files/SEGGER/SEGGER Embedded Studio for ARM 4.30b/lib/libm_v7em_fpv5_sp_d16_hard_t_le_eabi.a(libm_asm.o)
                0x000000000800acc8                __aeabi_dcmpeq
 .text.__aeabi_dcmpge
                0x000000000800acfc       0x3c C:/Program Files/SEGGER/SEGGER Embedded Studio for ARM 4.30b/lib/libm_v7em_fpv5_sp_d16_hard_t_le_eabi.a(libm_asm.o)
                0x000000000800acfc                __aeabi_dcmpge
 .text.__aeabi_dcmpgt
                0x000000000800ad38       0x38 C:/Program Files/SEGGER/SEGGER Embedded Studio for ARM 4.30b/lib/libm_v7em_fpv5_sp_d16_hard_t_le_eabi.a(libm_asm.o)
                0x000000000800ad38                __aeabi_dcmpgt
 .text.__aeabi_dcmplt
                0x000000000800ad70       0x38 C:/Program Files/SEGGER/SEGGER Embedded Studio for ARM 4.30b/lib/libm_v7em_fpv5_sp_d16_hard_t_le_eabi.a(libm_asm.o)
                0x000000000800ad70                __aeabi_dcmplt
 .text.__aeabi_d2iz
                0x000000000800ada8       0x44 C:/Program Files/SEGGER/SEGGER Embedded Studio for ARM 4.30b/lib/libm_v7em_fpv5_sp_d16_hard_t_le_eabi.a(libm_asm.o)
                0x000000000800ada8                __aeabi_d2iz
 .text.__aeabi_d2uiz
                0x000000000800adec       0x24 C:/Program Files/SEGGER/SEGGER Embedded Studio for ARM 4.30b/lib/libm_v7em_fpv5_sp_d16_hard_t_le_eabi.a(libm_asm.o)
                0x000000000800adec                __aeabi_d2uiz
 .text.__aeabi_d2ulz
                0x000000000800ae10       0x38 C:/Program Files/SEGGER/SEGGER Embedded Studio for ARM 4.30b/lib/libm_v7em_fpv5_sp_d16_hard_t_le_eabi.a(libm_asm.o)
                0x000000000800ae10                __aeabi_d2ulz
 .text.__aeabi_i2d
                0x000000000800ae48       0x28 C:/Program Files/SEGGER/SEGGER Embedded Studio for ARM 4.30b/lib/libm_v7em_fpv5_sp_d16_hard_t_le_eabi.a(libm_asm.o)
                0x000000000800ae48                __aeabi_i2d
 .text.__aeabi_ui2d
                0x000000000800ae70       0x1c C:/Program Files/SEGGER/SEGGER Embedded Studio for ARM 4.30b/lib/libm_v7em_fpv5_sp_d16_hard_t_le_eabi.a(libm_asm.o)
                0x000000000800ae70                __aeabi_ui2d
 .text.__aeabi_ul2d
                0x000000000800ae8c       0x5c C:/Program Files/SEGGER/SEGGER Embedded Studio for ARM 4.30b/lib/libm_v7em_fpv5_sp_d16_hard_t_le_eabi.a(libm_asm.o)
                0x000000000800ae8c                __aeabi_ul2d
 .text.__aeabi_f2d
                0x000000000800aee8       0x34 C:/Program Files/SEGGER/SEGGER Embedded Studio for ARM 4.30b/lib/libm_v7em_fpv5_sp_d16_hard_t_le_eabi.a(libm_asm.o)
                0x000000000800aee8                __aeabi_f2d
 .text.__aeabi_d2f
                0x000000000800af1c       0x54 C:/Program Files/SEGGER/SEGGER Embedded Studio for ARM 4.30b/lib/libm_v7em_fpv5_sp_d16_hard_t_le_eabi.a(libm_asm.o)
                0x000000000800af1c                __aeabi_d2f
 .text.__float64_isinf
                0x000000000800af70       0x14 C:/Program Files/SEGGER/SEGGER Embedded Studio for ARM 4.30b/lib/libm_v7em_fpv5_sp_d16_hard_t_le_eabi.a(libm_asm.o)
                0x000000000800af70                __float64_isinf
 .text.__float64_isnan
                0x000000000800af84       0x14 C:/Program Files/SEGGER/SEGGER Embedded Studio for ARM 4.30b/lib/libm_v7em_fpv5_sp_d16_hard_t_le_eabi.a(libm_asm.o)
                0x000000000800af84                __float64_isnan
 .text.__float64_signbit
                0x000000000800af98        0xc C:/Program Files/SEGGER/SEGGER Embedded Studio for ARM 4.30b/lib/libm_v7em_fpv5_sp_d16_hard_t_le_eabi.a(libm_asm.o)
                0x000000000800af98                __float64_signbit
 .text.fabs     0x000000000800afa4       0x10 C:/Program Files/SEGGER/SEGGER Embedded Studio for ARM 4.30b/lib/libm_v7em_fpv5_sp_d16_hard_t_le_eabi.a(libm_asm.o)
                0x000000000800afa4                fabs(double)
                0x000000000800afa4                fabs
 .text.fabsf    0x000000000800afb4        0x8 C:/Program Files/SEGGER/SEGGER Embedded Studio for ARM 4.30b/lib/libm_v7em_fpv5_sp_d16_hard_t_le_eabi.a(libm_asm.o)
                0x000000000800afb4                fabsf
                0x000000000800afb4                fabs(float)
 .text.libc.asinf
                0x000000000800afbc      0x12c C:/Program Files/SEGGER/SEGGER Embedded Studio for ARM 4.30b/lib/libm_v7em_fpv5_sp_d16_hard_t_le_eabi.a(libm2.o)
                0x000000000800afbc                asinf
                0x000000000800afbc                asin(float)
 .text.libc.atanf
                0x000000000800b0e8      0x130 C:/Program Files/SEGGER/SEGGER Embedded Studio for ARM 4.30b/lib/libm_v7em_fpv5_sp_d16_hard_t_le_eabi.a(libm2.o)
                0x000000000800b0e8                atanf
                0x000000000800b0e8                atan(float)
 .text.libc.atan2f
                0x000000000800b218       0xcc C:/Program Files/SEGGER/SEGGER Embedded Studio for ARM 4.30b/lib/libm_v7em_fpv5_sp_d16_hard_t_le_eabi.a(libm2.o)
                0x000000000800b218                atan2f
                0x000000000800b218                atan2(float, float)
 .text.libc.frexp
                0x000000000800b2e4       0x50 C:/Program Files/SEGGER/SEGGER Embedded Studio for ARM 4.30b/lib/libm_v7em_fpv5_sp_d16_hard_t_le_eabi.a(libm2.o)
                0x000000000800b2e4                frexp
                0x000000000800b2e4                frexp(double, int*)
 *fill*         0x000000000800b334        0x4 
 .text.libc.ldexp
                0x000000000800b338       0x7c C:/Program Files/SEGGER/SEGGER Embedded Studio for ARM 4.30b/lib/libm_v7em_fpv5_sp_d16_hard_t_le_eabi.a(libm2.o)
                0x000000000800b338                ldexp
                0x000000000800b338                ldexp(double, int)
 *fill*         0x000000000800b3b4        0x4 
 .text.libc.exp
                0x000000000800b3b8      0x1f8 C:/Program Files/SEGGER/SEGGER Embedded Studio for ARM 4.30b/lib/libm_v7em_fpv5_sp_d16_hard_t_le_eabi.a(libm2.o)
                0x000000000800b3b8                exp
                0x000000000800b3b8                exp(double)
 .text.libc.log
                0x000000000800b5b0      0x260 C:/Program Files/SEGGER/SEGGER Embedded Studio for ARM 4.30b/lib/libm_v7em_fpv5_sp_d16_hard_t_le_eabi.a(libm2.o)
                0x000000000800b5b0                log(double)
                0x000000000800b5b0                log
 .text.libc.modf
                0x000000000800b810       0x94 C:/Program Files/SEGGER/SEGGER Embedded Studio for ARM 4.30b/lib/libm_v7em_fpv5_sp_d16_hard_t_le_eabi.a(libm2.o)
                0x000000000800b810                modf(double, double*)
                0x000000000800b810                modf
 *fill*         0x000000000800b8a4        0x4 
 .text.libc.pow
                0x000000000800b8a8      0x158 C:/Program Files/SEGGER/SEGGER Embedded Studio for ARM 4.30b/lib/libm_v7em_fpv5_sp_d16_hard_t_le_eabi.a(libm2.o)
                0x000000000800b8a8                pow
                0x000000000800b8a8                pow(double, double)
 .text.libc.floor
                0x000000000800ba00       0xc0 C:/Program Files/SEGGER/SEGGER Embedded Studio for ARM 4.30b/lib/libm_v7em_fpv5_sp_d16_hard_t_le_eabi.a(libm2.o)
                0x000000000800ba00                floor(double)
                0x000000000800ba00                floor
 .text.libc.fmod
                0x000000000800bac0      0x1bc C:/Program Files/SEGGER/SEGGER Embedded Studio for ARM 4.30b/lib/libm_v7em_fpv5_sp_d16_hard_t_le_eabi.a(libm2.o)
                0x000000000800bac0                fmod
                0x000000000800bac0                fmod(double, double)
 .text.libc.sqrtf
                0x000000000800bc7c        0x6 C:/Program Files/SEGGER/SEGGER Embedded Studio for ARM 4.30b/lib/libm_v7em_fpv5_sp_d16_hard_t_le_eabi.a(libm2_asm.o)
                0x000000000800bc7c                sqrt(float)
                0x000000000800bc7c                sqrtf
 *fill*         0x000000000800bc82        0x2 
 .text.libc.__RAL_pow10
                0x000000000800bc84       0x54 C:/Program Files/SEGGER/SEGGER Embedded Studio for ARM 4.30b/lib/libc_v7em_fpv5_sp_d16_hard_t_le_eabi.a(libc2.o)
                0x000000000800bc84                __RAL_pow10
 .text.libc.__putc
                0x000000000800bcd8       0x34 C:/Program Files/SEGGER/SEGGER Embedded Studio for ARM 4.30b/lib/libc_v7em_fpv5_sp_d16_hard_t_le_eabi.a(libc2.o)
                0x000000000800bcd8                __putc
 .text.libc.__RAL_print_padding
                0x000000000800bd0c       0x1c C:/Program Files/SEGGER/SEGGER Embedded Studio for ARM 4.30b/lib/libc_v7em_fpv5_sp_d16_hard_t_le_eabi.a(libc2.o)
                0x000000000800bd0c                __RAL_print_padding
 .text.libc.__RAL_pre_padding
                0x000000000800bd28       0x1c C:/Program Files/SEGGER/SEGGER Embedded Studio for ARM 4.30b/lib/libc_v7em_fpv5_sp_d16_hard_t_le_eabi.a(libc2.o)
                0x000000000800bd28                __RAL_pre_padding
 .text.libc.abs
                0x000000000800bd44        0x8 C:/Program Files/SEGGER/SEGGER Embedded Studio for ARM 4.30b/lib/libc_v7em_fpv5_sp_d16_hard_t_le_eabi.a(libc2.o)
                0x000000000800bd44                abs
 .text.libc.__aeabi_errno_addr
                0x000000000800bd4c       0x14 C:/Program Files/SEGGER/SEGGER Embedded Studio for ARM 4.30b/lib/libc_v7em_fpv5_sp_d16_hard_t_le_eabi.a(libc2.o)
                0x000000000800bd4c                __aeabi_errno_addr
 .text.libc.sprintf
                0x000000000800bd60       0x2a C:/Program Files/SEGGER/SEGGER Embedded Studio for ARM 4.30b/lib/libc_v7em_fpv5_sp_d16_hard_t_le_eabi.a(libc2.o)
                0x000000000800bd60                sprintf
 .text.libc.strnlen
                0x000000000800bd8a       0x22 C:/Program Files/SEGGER/SEGGER Embedded Studio for ARM 4.30b/lib/libc_v7em_fpv5_sp_d16_hard_t_le_eabi.a(libc2.o)
                0x000000000800bd8a                strnlen
 .text.libc.memcpy
                0x000000000800bdac       0x52 C:/Program Files/SEGGER/SEGGER Embedded Studio for ARM 4.30b/lib/libc_v7em_fpv5_sp_d16_hard_t_le_eabi.a(libc2_asm.o)
                0x000000000800bdac                __aeabi_memcpy
                0x000000000800bdac                memcpy
                0x000000000800bdb8                __aeabi_memcpy8
                0x000000000800bdb8                __aeabi_memcpy4
 .text.libc.memset
                0x000000000800bdfe       0x66 C:/Program Files/SEGGER/SEGGER Embedded Studio for ARM 4.30b/lib/libc_v7em_fpv5_sp_d16_hard_t_le_eabi.a(libc2_asm.o)
                0x000000000800bdfe                memset
 .text.libc.strlen
                0x000000000800be64       0x60 C:/Program Files/SEGGER/SEGGER Embedded Studio for ARM 4.30b/lib/libc_v7em_fpv5_sp_d16_hard_t_le_eabi.a(libc2_asm.o)
                0x000000000800be64                strlen
 .text.libc.__int64_udivmod
                0x000000000800bec4       0xce C:/Program Files/SEGGER/SEGGER Embedded Studio for ARM 4.30b/lib/libc_v7em_fpv5_sp_d16_hard_t_le_eabi.a(libc_asm.o)
                0x000000000800bec4                __aeabi_uldivmod
                0x000000000800bec4                __int64_udiv
                0x000000000800bec4                __udivdi3
                0x000000000800bec4                __int64_udivmod
 *fill*         0x000000000800bf92        0x6 
 .text.libc.__vfprintf_float_long
                0x000000000800bf98     0x11d0 C:/Program Files/SEGGER/SEGGER Embedded Studio for ARM 4.30b/lib/libvfprintf_v7em_fpv5_sp_d16_hard_t_le_eabi.o
                0x000000000800bf98                __vfprintf_float_long
 .text.TimerInit
                0x000000000800d168       0xf0 ../../../../StdLib/Release/STM32F722/TIMER_LIB.a(Timer.o)
                0x000000000800d168                TimerInit
 .text.TimerStart
                0x000000000800d258       0x38 ../../../../StdLib/Release/STM32F722/TIMER_LIB.a(Timer.o)
                0x000000000800d258                TimerStart
 .text.TimerStop
                0x000000000800d290       0x3c ../../../../StdLib/Release/STM32F722/TIMER_LIB.a(Timer.o)
                0x000000000800d290                TimerStop
 .text.TimerAddHook
                0x000000000800d2cc        0xc ../../../../StdLib/Release/STM32F722/TIMER_LIB.a(Timer.o)
                0x000000000800d2cc                TimerAddHook
 .text.TIM1_UP_TIM10_IRQHandler
                0x000000000800d2d8       0x54 ../../../../StdLib/Release/STM32F722/TIMER_LIB.a(Timer.o)
                0x000000000800d2d8                TIM1_UP_TIM10_IRQHandler
 .text.TIM2_IRQHandler
                0x000000000800d32c       0x30 ../../../../StdLib/Release/STM32F722/TIMER_LIB.a(Timer.o)
                0x000000000800d32c                TIM2_IRQHandler
 .text.TIM3_IRQHandler
                0x000000000800d35c       0x30 ../../../../StdLib/Release/STM32F722/TIMER_LIB.a(Timer.o)
                0x000000000800d35c                TIM3_IRQHandler
 .text.TIM4_IRQHandler
                0x000000000800d38c       0x30 ../../../../StdLib/Release/STM32F722/TIMER_LIB.a(Timer.o)
                0x000000000800d38c                TIM4_IRQHandler
 .text.TIM5_IRQHandler
                0x000000000800d3bc       0x30 ../../../../StdLib/Release/STM32F722/TIMER_LIB.a(Timer.o)
                0x000000000800d3bc                TIM5_IRQHandler
 .text.TIM6_DAC_IRQHandler
                0x000000000800d3ec       0x30 ../../../../StdLib/Release/STM32F722/TIMER_LIB.a(Timer.o)
                0x000000000800d3ec                TIM6_DAC_IRQHandler
 .text.TIM7_IRQHandler
                0x000000000800d41c       0x30 ../../../../StdLib/Release/STM32F722/TIMER_LIB.a(Timer.o)
                0x000000000800d41c                TIM7_IRQHandler
 .text.TIM8_UP_TIM13_IRQHandler
                0x000000000800d44c       0x54 ../../../../StdLib/Release/STM32F722/TIMER_LIB.a(Timer.o)
                0x000000000800d44c                TIM8_UP_TIM13_IRQHandler
 .text.TIM1_BRK_TIM9_IRQHandler
                0x000000000800d4a0       0x30 ../../../../StdLib/Release/STM32F722/TIMER_LIB.a(Timer.o)
                0x000000000800d4a0                TIM1_BRK_TIM9_IRQHandler
 .text.TIM1_TRG_COM_TIM11_IRQHandler
                0x000000000800d4d0       0x30 ../../../../StdLib/Release/STM32F722/TIMER_LIB.a(Timer.o)
                0x000000000800d4d0                TIM1_TRG_COM_TIM11_IRQHandler
 .text.TIM8_BRK_TIM12_IRQHandler
                0x000000000800d500       0x30 ../../../../StdLib/Release/STM32F722/TIMER_LIB.a(Timer.o)
                0x000000000800d500                TIM8_BRK_TIM12_IRQHandler
 .text.TIM8_TRG_COM_TIM14_IRQHandler
                0x000000000800d530       0x30 ../../../../StdLib/Release/STM32F722/TIMER_LIB.a(Timer.o)
                0x000000000800d530                TIM8_TRG_COM_TIM14_IRQHandler
 .text.spi_cbDmaTxHalf
                0x000000000800d560        0x4 ../../../../StdLib/Release/STM32F722/SPIM_LIB.a(spim.o)
 .text.spi_cbDmaRxComp
                0x000000000800d564        0x8 ../../../../StdLib/Release/STM32F722/SPIM_LIB.a(spim.o)
 .text.spi_DmaRx
                0x000000000800d56c       0x74 ../../../../StdLib/Release/STM32F722/SPIM_LIB.a(spim.o)
 .text.spi_DmaTx
                0x000000000800d5e0       0x5c ../../../../StdLib/Release/STM32F722/SPIM_LIB.a(spim.o)
 .text.spi_cbDmaTxError
                0x000000000800d63c        0x4 ../../../../StdLib/Release/STM32F722/SPIM_LIB.a(spim.o)
 .text.spi_cbDmaRxError
                0x000000000800d640        0x4 ../../../../StdLib/Release/STM32F722/SPIM_LIB.a(spim.o)
 .text.spi_cbDmaRxHalf
                0x000000000800d644        0x4 ../../../../StdLib/Release/STM32F722/SPIM_LIB.a(spim.o)
 .text.spi_cbDmaTxComp
                0x000000000800d648        0x4 ../../../../StdLib/Release/STM32F722/SPIM_LIB.a(spim.o)
 .text.SpimInit
                0x000000000800d64c      0x20c ../../../../StdLib/Release/STM32F722/SPIM_LIB.a(spim.o)
                0x000000000800d64c                SpimInit
 .text.SpimLinkDMA
                0x000000000800d858       0x48 ../../../../StdLib/Release/STM32F722/SPIM_LIB.a(spim.o)
                0x000000000800d858                SpimLinkDMA
 .text.SpimSetDataSize
                0x000000000800d8a0       0xf8 ../../../../StdLib/Release/STM32F722/SPIM_LIB.a(spim.o)
                0x000000000800d8a0                SpimSetDataSize
 .text.SpimSetSpeed
                0x000000000800d998       0xd8 ../../../../StdLib/Release/STM32F722/SPIM_LIB.a(spim.o)
                0x000000000800d998                SpimSetSpeed
 .text.SpimAddCallbackTransferDone
                0x000000000800da70        0x4 ../../../../StdLib/Release/STM32F722/SPIM_LIB.a(spim.o)
                0x000000000800da70                SpimAddCallbackTransferDone
 .text.SpimTransfer
                0x000000000800da74       0x98 ../../../../StdLib/Release/STM32F722/SPIM_LIB.a(spim.o)
                0x000000000800da74                SpimTransfer
 .text.SPI1_IRQHandler
                0x000000000800db0c       0x9c ../../../../StdLib/Release/STM32F722/SPIM_LIB.a(spim.o)
                0x000000000800db0c                SPI1_IRQHandler
 .text.SPI2_IRQHandler
                0x000000000800dba8       0x9c ../../../../StdLib/Release/STM32F722/SPIM_LIB.a(spim.o)
                0x000000000800dba8                SPI2_IRQHandler
 .text.SPI3_IRQHandler
                0x000000000800dc44       0x9c ../../../../StdLib/Release/STM32F722/SPIM_LIB.a(spim.o)
                0x000000000800dc44                SPI3_IRQHandler
 .text.SPI4_IRQHandler
                0x000000000800dce0       0x9c ../../../../StdLib/Release/STM32F722/SPIM_LIB.a(spim.o)
                0x000000000800dce0                SPI4_IRQHandler
 .text.SPI5_IRQHandler
                0x000000000800dd7c       0x9c ../../../../StdLib/Release/STM32F722/SPIM_LIB.a(spim.o)
                0x000000000800dd7c                SPI5_IRQHandler
 .text.DmaInit  0x000000000800de18      0x124 ../../../../StdLib/Release/STM32F722/DMA_LIB.a(dma.o)
                0x000000000800de18                DmaInit
 .text.DmaAddCallback
                0x000000000800df3c        0x8 ../../../../StdLib/Release/STM32F722/DMA_LIB.a(dma.o)
                0x000000000800df3c                DmaAddCallback
 .text.DmaStart
                0x000000000800df44       0x50 ../../../../StdLib/Release/STM32F722/DMA_LIB.a(dma.o)
                0x000000000800df44                DmaStart
 .text.DmaStop  0x000000000800df94        0xc ../../../../StdLib/Release/STM32F722/DMA_LIB.a(dma.o)
                0x000000000800df94                DmaStop
 .text.DMA1_Stream0_IRQHandler
                0x000000000800dfa0       0xcc ../../../../StdLib/Release/STM32F722/DMA_LIB.a(dma.o)
                0x000000000800dfa0                DMA1_Stream0_IRQHandler
 .text.DMA1_Stream1_IRQHandler
                0x000000000800e06c       0xcc ../../../../StdLib/Release/STM32F722/DMA_LIB.a(dma.o)
                0x000000000800e06c                DMA1_Stream1_IRQHandler
 .text.DMA1_Stream2_IRQHandler
                0x000000000800e138       0xcc ../../../../StdLib/Release/STM32F722/DMA_LIB.a(dma.o)
                0x000000000800e138                DMA1_Stream2_IRQHandler
 .text.DMA1_Stream3_IRQHandler
                0x000000000800e204       0xcc ../../../../StdLib/Release/STM32F722/DMA_LIB.a(dma.o)
                0x000000000800e204                DMA1_Stream3_IRQHandler
 .text.DMA1_Stream4_IRQHandler
                0x000000000800e2d0       0xcc ../../../../StdLib/Release/STM32F722/DMA_LIB.a(dma.o)
                0x000000000800e2d0                DMA1_Stream4_IRQHandler
 .text.DMA1_Stream5_IRQHandler
                0x000000000800e39c       0xcc ../../../../StdLib/Release/STM32F722/DMA_LIB.a(dma.o)
                0x000000000800e39c                DMA1_Stream5_IRQHandler
 .text.DMA1_Stream6_IRQHandler
                0x000000000800e468       0xcc ../../../../StdLib/Release/STM32F722/DMA_LIB.a(dma.o)
                0x000000000800e468                DMA1_Stream6_IRQHandler
 .text.DMA1_Stream7_IRQHandler
                0x000000000800e534       0xcc ../../../../StdLib/Release/STM32F722/DMA_LIB.a(dma.o)
                0x000000000800e534                DMA1_Stream7_IRQHandler
 .text.DMA2_Stream0_IRQHandler
                0x000000000800e600       0xcc ../../../../StdLib/Release/STM32F722/DMA_LIB.a(dma.o)
                0x000000000800e600                DMA2_Stream0_IRQHandler
 .text.DMA2_Stream1_IRQHandler
                0x000000000800e6cc       0xcc ../../../../StdLib/Release/STM32F722/DMA_LIB.a(dma.o)
                0x000000000800e6cc                DMA2_Stream1_IRQHandler
 .text.DMA2_Stream2_IRQHandler
                0x000000000800e798       0xcc ../../../../StdLib/Release/STM32F722/DMA_LIB.a(dma.o)
                0x000000000800e798                DMA2_Stream2_IRQHandler
 .text.DMA2_Stream3_IRQHandler
                0x000000000800e864       0xcc ../../../../StdLib/Release/STM32F722/DMA_LIB.a(dma.o)
                0x000000000800e864                DMA2_Stream3_IRQHandler
 .text.DMA2_Stream4_IRQHandler
                0x000000000800e930       0xcc ../../../../StdLib/Release/STM32F722/DMA_LIB.a(dma.o)
                0x000000000800e930                DMA2_Stream4_IRQHandler
 .text.DMA2_Stream5_IRQHandler
                0x000000000800e9fc       0xcc ../../../../StdLib/Release/STM32F722/DMA_LIB.a(dma.o)
                0x000000000800e9fc                DMA2_Stream5_IRQHandler
 .text.DMA2_Stream6_IRQHandler
                0x000000000800eac8       0xcc ../../../../StdLib/Release/STM32F722/DMA_LIB.a(dma.o)
                0x000000000800eac8                DMA2_Stream6_IRQHandler
 .text.DMA2_Stream7_IRQHandler
                0x000000000800eb94       0xcc ../../../../StdLib/Release/STM32F722/DMA_LIB.a(dma.o)
                0x000000000800eb94                DMA2_Stream7_IRQHandler
                0x000000000800ec60                __text_end__ = (__text_start__ + SIZEOF (.text))
                0x000000000000e804                __text_size__ = SIZEOF (.text)
                0x000000000800ec60                __text_load_end__ = __text_end__

.vfp11_veneer   0x0000000100000000        0x0
 .vfp11_veneer  0x0000000100000000        0x0 linker stubs

.v4_bx          0x0000000100000000        0x0
 .v4_bx         0x0000000100000000        0x0 linker stubs

.iplt           0x0000000100000000        0x0
 .iplt          0x0000000100000000        0x0 Output/RTOS_Queue Release/Obj/system_stm32f7xx.o
                0x0000000000000001                . = ASSERT (((__text_start__ == __text_end__) || ((__text_end__ - __FLASH_segment_start__) <= __FLASH_segment_size__)), error: .text is too large to fit in FLASH memory segment)
                0x000000000800ec60                __dtors_load_start__ = ALIGN (__text_end__, 0x4)

.dtors          0x000000000800ec60        0x0
                0x000000000800ec60                __dtors_start__ = .
 *(SORT_BY_NAME(.dtors.*))
 *(.dtors)
 *(.fini_array)
 *(SORT_BY_NAME(.fini_array.*))
                0x000000000800ec60                __dtors_end__ = (__dtors_start__ + SIZEOF (.dtors))
                0x0000000000000000                __dtors_size__ = SIZEOF (.dtors)
                0x000000000800ec60                __dtors_load_end__ = __dtors_end__
                0x0000000000000001                . = ASSERT (((__dtors_start__ == __dtors_end__) || ((__dtors_end__ - __FLASH_segment_start__) <= __FLASH_segment_size__)), error: .dtors is too large to fit in FLASH memory segment)
                0x000000000800ec60                __ctors_load_start__ = ALIGN (__dtors_end__, 0x4)

.ctors          0x000000000800ec60        0x0
                0x000000000800ec60                __ctors_start__ = .
 *(SORT_BY_NAME(.ctors.*))
 *(.ctors)
 *(.init_array)
 *(SORT_BY_NAME(.init_array.*))
                0x000000000800ec60                __ctors_end__ = (__ctors_start__ + SIZEOF (.ctors))
                0x0000000000000000                __ctors_size__ = SIZEOF (.ctors)
                0x000000000800ec60                __ctors_load_end__ = __ctors_end__
                0x0000000000000001                . = ASSERT (((__ctors_start__ == __ctors_end__) || ((__ctors_end__ - __FLASH_segment_start__) <= __FLASH_segment_size__)), error: .ctors is too large to fit in FLASH memory segment)
                0x000000000800ec60                __rodata_load_start__ = ALIGN (__ctors_end__, 0x4)

.rodata         0x000000000800ec60      0xa98
                0x000000000800ec60                __rodata_start__ = .
 *(.rodata .rodata.* .gnu.linkonce.r.*)
 .rodata.AHBPrescTable
                0x000000000800ec60       0x10 Output/RTOS_Queue Release/Obj/system_stm32f7xx.o
                0x000000000800ec60                AHBPrescTable
 .rodata.BUS_CLOCK
                0x000000000800ec70       0x1c Output/RTOS_Queue Release/Obj/Usart.o
 .rodata.STM32F722X_USART_DRV
                0x000000000800ec8c       0x40 Output/RTOS_Queue Release/Obj/Usart.o
                0x000000000800ec8c                STM32F722X_USART_DRV
 .rodata.CSWTCH.13
                0x000000000800eccc       0x38 Output/RTOS_Queue Release/Obj/Pwm.o
 .rodata.CSWTCH.14
                0x000000000800ed04       0x38 Output/RTOS_Queue Release/Obj/Pwm.o
 .rodata.CSWTCH.5
                0x000000000800ed3c       0x24 Output/RTOS_Queue Release/Obj/Ccm.o
 .rodata.CSWTCH.3
                0x000000000800ed60        0xc Output/RTOS_Queue Release/Obj/I2c.o
 .rodata.CSWTCH.4
                0x000000000800ed6c        0x3 Output/RTOS_Queue Release/Obj/I2c.o
 *fill*         0x000000000800ed6f        0x1 
 .rodata.g_aMoveBackJobList
                0x000000000800ed70       0x10 Output/RTOS_Queue Release/Obj/Move.o
                0x000000000800ed70                g_aMoveBackJobList
 .rodata.g_aMoveBackLeftJobList
                0x000000000800ed80       0x10 Output/RTOS_Queue Release/Obj/Move.o
                0x000000000800ed80                g_aMoveBackLeftJobList
 .rodata.g_aMoveBackRightJobList
                0x000000000800ed90       0x10 Output/RTOS_Queue Release/Obj/Move.o
                0x000000000800ed90                g_aMoveBackRightJobList
 .rodata.g_aMoveFrontJobList
                0x000000000800eda0       0x10 Output/RTOS_Queue Release/Obj/Move.o
                0x000000000800eda0                g_aMoveFrontJobList
 .rodata.g_aMoveFrontLeftJobList
                0x000000000800edb0       0x10 Output/RTOS_Queue Release/Obj/Move.o
                0x000000000800edb0                g_aMoveFrontLeftJobList
 .rodata.g_aMoveFrontRightJobList
                0x000000000800edc0       0x10 Output/RTOS_Queue Release/Obj/Move.o
                0x000000000800edc0                g_aMoveFrontRightJobList
 .rodata.g_aMoveLeftJobList
                0x000000000800edd0       0x10 Output/RTOS_Queue Release/Obj/Move.o
                0x000000000800edd0                g_aMoveLeftJobList
 .rodata.g_aMoveRightJobList
                0x000000000800ede0       0x10 Output/RTOS_Queue Release/Obj/Move.o
                0x000000000800ede0                g_aMoveRightJobList
 .rodata.g_aMoveStopJobList
                0x000000000800edf0        0xc Output/RTOS_Queue Release/Obj/Move.o
                0x000000000800edf0                g_aMoveStopJobList
 .rodata.g_aRotateLeftJobList
                0x000000000800edfc       0x10 Output/RTOS_Queue Release/Obj/Move.o
                0x000000000800edfc                g_aRotateLeftJobList
 .rodata.g_aRotateRightJobList
                0x000000000800ee0c       0x10 Output/RTOS_Queue Release/Obj/Move.o
                0x000000000800ee0c                g_aRotateRightJobList
 .rodata.agc_config
                0x000000000800ee1c        0x8 Output/RTOS_Queue Release/Obj/deca_params_init.o
                0x000000000800ee1c                agc_config
 .rodata.chan_idx
                0x000000000800ee24        0x8 Output/RTOS_Queue Release/Obj/deca_params_init.o
                0x000000000800ee24                chan_idx
 .rodata.digital_bb_config
                0x000000000800ee2c       0x20 Output/RTOS_Queue Release/Obj/deca_params_init.o
                0x000000000800ee2c                digital_bb_config
 .rodata.dtune1
                0x000000000800ee4c        0x4 Output/RTOS_Queue Release/Obj/deca_params_init.o
                0x000000000800ee4c                dtune1
 .rodata.dwnsSFDlen
                0x000000000800ee50        0x3 Output/RTOS_Queue Release/Obj/deca_params_init.o
                0x000000000800ee50                dwnsSFDlen
 *fill*         0x000000000800ee53        0x1 
 .rodata.fs_pll_cfg
                0x000000000800ee54       0x18 Output/RTOS_Queue Release/Obj/deca_params_init.o
                0x000000000800ee54                fs_pll_cfg
 .rodata.fs_pll_tune
                0x000000000800ee6c        0x6 Output/RTOS_Queue Release/Obj/deca_params_init.o
                0x000000000800ee6c                fs_pll_tune
 *fill*         0x000000000800ee72        0x2 
 .rodata.lde_replicaCoeff
                0x000000000800ee74       0x32 Output/RTOS_Queue Release/Obj/deca_params_init.o
                0x000000000800ee74                lde_replicaCoeff
 *fill*         0x000000000800eea6        0x2 
 .rodata.rx_config
                0x000000000800eea8        0x2 Output/RTOS_Queue Release/Obj/deca_params_init.o
                0x000000000800eea8                rx_config
 *fill*         0x000000000800eeaa        0x2 
 .rodata.sftsh  0x000000000800eeac        0xc Output/RTOS_Queue Release/Obj/deca_params_init.o
                0x000000000800eeac                sftsh
 .rodata.tx_config
                0x000000000800eeb8       0x18 Output/RTOS_Queue Release/Obj/deca_params_init.o
                0x000000000800eeb8                tx_config
 .rodata.GUI_AppDraw.str1.4
                0x000000000800eed0       0x43 Output/RTOS_Queue Release/Obj/main.o
 *fill*         0x000000000800ef13        0x1 
 .rodata.main.str1.4
                0x000000000800ef14       0x40 Output/RTOS_Queue Release/Obj/main.o
 .rodata.g_pucCalibri10Data
                0x000000000800ef54      0x417 ../../../../StdLib/Common/Lib/GUI/DPGUI_GCC_M7_R10.a(FONT_calibri10.o)
 *fill*         0x000000000800f36b        0x1 
 .rodata.g_sFontCalibri10
                0x000000000800f36c       0xc8 ../../../../StdLib/Common/Lib/GUI/DPGUI_GCC_M7_R10.a(FONT_calibri10.o)
                0x000000000800f36c                g_sFontCalibri10
 .rodata.xTimerCreateTimerTask.str1.4
                0x000000000800f434       0x10 Output/RTOS_Queue Release/Obj/timers.o
 .rodata.libc.atanf_a
                0x000000000800f444       0x10 C:/Program Files/SEGGER/SEGGER Embedded Studio for ARM 4.30b/lib/libm_v7em_fpv5_sp_d16_hard_t_le_eabi.a(libm2.o)
 .rodata.libc.__RAL_hex_lc
                0x000000000800f454       0x10 C:/Program Files/SEGGER/SEGGER Embedded Studio for ARM 4.30b/lib/libc_v7em_fpv5_sp_d16_hard_t_le_eabi.a(libc2.o)
                0x000000000800f454                __RAL_hex_lc
 .rodata.libc.__RAL_hex_uc
                0x000000000800f464       0x10 C:/Program Files/SEGGER/SEGGER Embedded Studio for ARM 4.30b/lib/libc_v7em_fpv5_sp_d16_hard_t_le_eabi.a(libc2.o)
                0x000000000800f464                __RAL_hex_uc
 .rodata.libc.__aeabi_EDOM
                0x000000000800f474        0x4 C:/Program Files/SEGGER/SEGGER Embedded Studio for ARM 4.30b/lib/libc_v7em_fpv5_sp_d16_hard_t_le_eabi.a(libc2.o)
                0x000000000800f474                __aeabi_EDOM
 .rodata.libc.__aeabi_ERANGE
                0x000000000800f478        0x4 C:/Program Files/SEGGER/SEGGER Embedded Studio for ARM 4.30b/lib/libc_v7em_fpv5_sp_d16_hard_t_le_eabi.a(libc2.o)
                0x000000000800f478                __aeabi_ERANGE
 *fill*         0x000000000800f47c        0x4 
 .rodata.libc.power
                0x000000000800f480       0x48 C:/Program Files/SEGGER/SEGGER Embedded Studio for ARM 4.30b/lib/libc_v7em_fpv5_sp_d16_hard_t_le_eabi.a(libc2.o)
 .rodata.libc.__vfprintf_float_long.str1.4
                0x000000000800f4c8       0x28 C:/Program Files/SEGGER/SEGGER Embedded Studio for ARM 4.30b/lib/libvfprintf_v7em_fpv5_sp_d16_hard_t_le_eabi.o
 .rodata.libc.__vfprintf_int.str1.4
                0x000000000800f4f0        0x8 C:/Program Files/SEGGER/SEGGER Embedded Studio for ARM 4.30b/lib/libvfprintf_v7em_fpv5_sp_d16_hard_t_le_eabi.o
                                          0x7 (size before relaxing)
 .rodata.libc.ipow10
                0x000000000800f4f8       0xa0 C:/Program Files/SEGGER/SEGGER Embedded Studio for ARM 4.30b/lib/libvfprintf_v7em_fpv5_sp_d16_hard_t_le_eabi.o
 .rodata.CSWTCH.13
                0x000000000800f598       0x38 ../../../../StdLib/Release/STM32F722/TIMER_LIB.a(Timer.o)
 .rodata.CSWTCH.14
                0x000000000800f5d0        0xe ../../../../StdLib/Release/STM32F722/TIMER_LIB.a(Timer.o)
 *fill*         0x000000000800f5de        0x2 
 .rodata.CSWTCH.15
                0x000000000800f5e0       0x38 ../../../../StdLib/Release/STM32F722/TIMER_LIB.a(Timer.o)
 .rodata.CSWTCH.35
                0x000000000800f618        0x5 ../../../../StdLib/Release/STM32F722/SPIM_LIB.a(spim.o)
 *fill*         0x000000000800f61d        0x3 
 .rodata.CSWTCH.36
                0x000000000800f620       0x14 ../../../../StdLib/Release/STM32F722/SPIM_LIB.a(spim.o)
 .rodata.CSWTCH.37
                0x000000000800f634       0x14 ../../../../StdLib/Release/STM32F722/SPIM_LIB.a(spim.o)
 .rodata.DMA1_IRQN
                0x000000000800f648        0x8 ../../../../StdLib/Release/STM32F722/DMA_LIB.a(dma.o)
 .rodata.DMA1_STREAM_TABLE
                0x000000000800f650       0x20 ../../../../StdLib/Release/STM32F722/DMA_LIB.a(dma.o)
 .rodata.DMA2_IRQN
                0x000000000800f670        0x8 ../../../../StdLib/Release/STM32F722/DMA_LIB.a(dma.o)
 .rodata.DMA2_STREAM_TABLE
                0x000000000800f678       0x20 ../../../../StdLib/Release/STM32F722/DMA_LIB.a(dma.o)
 .rodata.DMA_ISR_HCIF
                0x000000000800f698       0x20 ../../../../StdLib/Release/STM32F722/DMA_LIB.a(dma.o)
 .rodata.DMA_ISR_TCIF
                0x000000000800f6b8       0x20 ../../../../StdLib/Release/STM32F722/DMA_LIB.a(dma.o)
 .rodata.DMA_ISR_TEIF
                0x000000000800f6d8       0x20 ../../../../StdLib/Release/STM32F722/DMA_LIB.a(dma.o)
                0x000000000800f6f8                __rodata_end__ = (__rodata_start__ + SIZEOF (.rodata))
                0x0000000000000a98                __rodata_size__ = SIZEOF (.rodata)
                0x000000000800f6f8                __rodata_load_end__ = __rodata_end__

.rel.dyn        0x0000000008000000        0x0
 .rel.iplt      0x0000000008000000        0x0 Output/RTOS_Queue Release/Obj/system_stm32f7xx.o
                0x0000000000000001                . = ASSERT (((__rodata_start__ == __rodata_end__) || ((__rodata_end__ - __FLASH_segment_start__) <= __FLASH_segment_size__)), error: .rodata is too large to fit in FLASH memory segment)
                0x000000000800f6f8                __ARM.exidx_load_start__ = ALIGN (__rodata_end__, 0x4)

.ARM.exidx      0x000000000800f6f8        0x0
                0x000000000800f6f8                __ARM.exidx_start__ = .
                0x000000000800f6f8                __exidx_start = __ARM.exidx_start__
 *(.ARM.exidx .ARM.exidx.*)
                0x000000000800f6f8                __ARM.exidx_end__ = (__ARM.exidx_start__ + SIZEOF (.ARM.exidx))
                0x0000000000000000                __ARM.exidx_size__ = SIZEOF (.ARM.exidx)
                0x000000000800f6f8                __exidx_end = __ARM.exidx_end__
                0x000000000800f6f8                __ARM.exidx_load_end__ = __ARM.exidx_end__
                0x0000000000000001                . = ASSERT (((__ARM.exidx_start__ == __ARM.exidx_end__) || ((__ARM.exidx_end__ - __FLASH_segment_start__) <= __FLASH_segment_size__)), error: .ARM.exidx is too large to fit in FLASH memory segment)
                0x000000000800f6f8                __fast_load_start__ = ALIGN (__ARM.exidx_end__, 0x4)

.fast           0x0000000020000000        0x0 load address 0x000000000800f6f8
                0x0000000020000000                __fast_start__ = .
 *(.fast .fast.*)
                0x0000000020000000                __fast_end__ = (__fast_start__ + SIZEOF (.fast))
                0x0000000000000000                __fast_size__ = SIZEOF (.fast)
                0x000000000800f6f8                __fast_load_end__ = (__fast_load_start__ + SIZEOF (.fast))
                0x0000000000000001                . = ASSERT (((__fast_load_start__ == __fast_load_end__) || ((__fast_load_end__ - __FLASH_segment_start__) <= __FLASH_segment_size__)), error: .fast is too large to fit in FLASH memory segment)

.fast_run       0x0000000020000000        0x0